04-14 13:14:12.794  1895  1941 W ActivityManager: Slow operation: 343ms so far, now at startProcess: starting to update pids map
04-14 13:14:12.795  1895  1941 W ActivityManager: Slow operation: 343ms so far, now at startProcess: done updating pids map
04-14 13:14:12.795 19795 19795 I Quality : ActivityThread: attach delay 325 attach 19795
04-14 13:14:12.836  1895  2903 D ActivityTaskManagerServiceExtImpl: preBindApplication record is null
04-14 13:14:12.869  1895  1933 D AppProfilerExtImpl: Skipped pss collection for CPU busy
04-14 13:14:12.893  1895  1923 D DisplayManagerService: Drop pending events for gone uid 10144
04-14 13:14:12.911  1895  4988 W PresentationStatsEventLogger: Shouldn't be logging AutofillPresentationEventReported again for same event
04-14 13:14:12.913 19759 19759 D ResourcesManagerExtImpl: applyConfigurationToAppResourcesLocked app.getDisplayId() return callback.displayId:-1
04-14 13:14:12.973 19713 19713 I Quality : ActivityThread: callApplicationOnCreate delay 1303 com.google.android.documentsui 19713
04-14 13:14:12.977  1895  2027 I ActivityManager: Flag disabled. Ignoring finishAttachApplication from uid: 10062. pid: 19713
04-14 13:14:12.997  1895  1941 W ActivityManager: Slow operation: 61ms so far, now at startProcess: returned from zygote!
04-14 13:14:12.998  1895  1941 W ActivityManager: Slow operation: 62ms so far, now at startProcess: done updating battery stats
04-14 13:14:12.998  1895  1941 W ActivityManager: Slow operation: 62ms so far, now at startProcess: building log message
04-14 13:14:12.998  1895  1941 I ActivityManager: Start proc 19857:com.google.android.rkpdapp/u0a315 for broadcast {com.google.android.rkpdapp/com.android.rkpdapp.PackageRemovalReceiver}
04-14 13:14:12.998  1895  1941 W ActivityManager: Slow operation: 62ms so far, now at startProcess: starting to update pids map
04-14 13:14:12.998  1895  1941 W ActivityManager: Slow operation: 62ms so far, now at startProcess: done updating pids map
04-14 13:14:13.019  1895  2027 I WindowManager: Window{8dcc70f u0 com.android.launcher/com.android.launcher.Launcher} state from HAS_DRAWN to NO_SURFACE; reason: destroySurface
04-14 13:14:13.023  1895  2027 D ActivityTaskManager: Clearing startingData for activity=ActivityRecord{384637d u0 com.android.launcher/.Launcher t28592} mStartingData=null mStartingSurface=null
04-14 13:14:13.041  1895  1937 I UserAwareMgr: handleAppChangedToBg, pkgName: com.android.launcher, pid: 2733
04-14 13:14:13.043  1895  2027 I ActivityManager: Killing 19387:com.android.chrome/u0a134 (adj 965): empty #7
04-14 13:14:13.077 19713 19713 I Quality : SlowSqliteOp:open,/data/user/0/com.google.android.documentsui/databases/lastAccess.db,false,false,20
04-14 13:14:13.080 19542 19784 E OplusCustomizeRestrictionManager: sInstance is null, start a new sInstance
04-14 13:14:13.089 19713 19713 I Quality : SlowSqliteOp:executeForString,/data/user/0/com.google.android.documentsui/databases/lastAccess.db,false,false,10
04-14 13:14:13.120  1895  3828 I ActivityManager: Killing 19421:com.google.android.apps.maps/u0a145 (adj 955): empty #7
04-14 13:14:13.138  1895  1909 I ActivityManager: Death received, pid = 19387, processName = com.android.chrome for thread android.os.BinderProxy@741cb7d
04-14 13:14:13.144  1895  1923 D DisplayManagerService: Drop pending events for gone uid 10134
04-14 13:14:13.176  1895  1909 D ActivityTaskManagerServiceExtImpl: preBindApplication record is null
04-14 13:14:13.194 19809 19809 I Quality : ActivityThread: createClassLoader delay 417 /data/app/~~zEaHV2jZhS3ZLbk5S3FULA==/com.google.android.projection.gearhead-1BXU1yf3DDSQJjCR8b0kjw==/base.apk:/data/app/~~zEaHV2jZhS3ZLbk5S3FULA==/com.google.android.projection.gearhead-1BXU1yf3DDSQJjCR8b0kjw==/split_config.arm64_v8a.apk:/data/app/~~zEaHV2jZhS3ZLbk5S3FULA==/com.google.android.projection.gearhead-1BXU1yf3DDSQJjCR8b0kjw==/split_config.in.apk:/data/app/~~zEaHV2jZhS3ZLbk5S3FULA==/com.google.android.projection.gearhead-1BXU1yf3DDSQJjCR8b0kjw==/split_config.xhdpi.apk 19809
04-14 13:14:13.195  1895  1948 D CompatChangeReporter: Compat change id reported: 151861875; UID 10130; state: ENABLED
04-14 13:14:13.197  1895  2364 I ActivityManager: Death received, pid = 19421, processName = com.google.android.apps.maps for thread android.os.BinderProxy@601d340
04-14 13:14:13.219  1895  1923 D DisplayManagerService: Drop pending events for gone uid 10145
04-14 13:14:13.223  1895  1941 I ActivityManager: Start proc 19874:com.nearme.instant.platform/u0a130 for broadcast {com.nearme.instant.platform/org.hapjs.features.service.exchange.receiver.PackageRemoveReceiver}
04-14 13:14:13.246 19857 19857 E OplusCustomizePackageManager: mIOplusCustomizePackageManagerService is null
04-14 13:14:13.247 19857 19857 E OplusCustomizePackageManager: mIOplusCustomizePackageManagerService is null
04-14 13:14:13.248 19857 19857 E OplusCustomizePackageManager: isOplusCertificatePackage Errorjava.lang.NullPointerException: Attempt to invoke interface method 'boolean android.os.customize.IOplusCustomizePackageManagerService.isOplusCertificatePackage(java.lang.String)' on a null object reference
04-14 13:14:13.261 19809 19809 I Quality : ActivityThread: createOrUpdateClassLoaderLocked delay 492 com.google.android.projection.gearhead:projection 19809
04-14 13:14:13.278 19795 19795 I Quality : ActivityThread: createOrUpdateClassLoaderLocked delay 350 com.google.android.permissioncontroller 19795
04-14 13:14:13.331 19828 19828 I Quality : ActivityThread: createClassLoader delay 411 /data/app/~~5TqqaVm57kAKqlVwmB4ZPA==/com.pure.indosat.care-x6x0yDSy8GgK7iJZ_xHztA==/base.apk:/data/app/~~5TqqaVm57kAKqlVwmB4ZPA==/com.pure.indosat.care-x6x0yDSy8GgK7iJZ_xHztA==/split_config.arm64_v8a.apk:/data/app/~~5TqqaVm57kAKqlVwmB4ZPA==/com.pure.indosat.care-x6x0yDSy8GgK7iJZ_xHztA==/split_config.xxhdpi.apk 19828
04-14 13:14:13.334 19809 19809 I Quality : GetResourcesInfo:73420616,/data/app/~~zEaHV2jZhS3ZLbk5S3FULA==/com.google.android.projection.gearhead-1BXU1yf3DDSQJjCR8b0kjw==/base.apk
04-14 13:14:13.360  1895  2334 D ActivityTaskManagerServiceExtImpl: preBindApplication record is null
04-14 13:14:13.374 19828 19828 I Quality : ActivityThread: createOrUpdateClassLoaderLocked delay 459 com.pure.indosat.care 19828
04-14 13:14:13.398 19809 19809 D ResourcesManagerExtImpl: applyConfigurationToAppResourcesLocked app.getDisplayId() return callback.displayId:-1
04-14 13:14:13.479 19828 19828 D ResourcesManagerExtImpl: applyConfigurationToAppResourcesLocked app.getDisplayId() return callback.displayId:-1
04-14 13:14:13.495 19857 19857 D ResourcesManagerExtImpl: applyConfigurationToAppResourcesLocked app.getDisplayId() return callback.displayId:-1
04-14 13:14:13.549  1895  5047 W PackageManager: package com.azuratech.azuratime uid 10467 pid 19276 call SetEnabledSetting(com.azuratech.azuratime component = androidx.work.impl.background.systemalarm.RescheduleReceiver, 1, 0)
04-14 13:14:13.555  1895  2091 D InputMethodManagerService: isSecurity: attribute.packageName = com.azuratech.azuratime mCurMethodId = com.google.android.inputmethod.latin/com.android.inputmethod.latin.LatinIME isSecurity = false ( enable = false needShow = false inBlackList = false isExist = true )
04-14 13:14:13.568 19795 19795 I Quality : GetResourcesInfo:289408923,/apex/com.android.permission/priv-app/GooglePermissionController@361524160/GooglePermissionController.apk
04-14 13:14:13.591  1895  2901 I ActivityManager: Flag disabled. Ignoring finishAttachApplication from uid: 10200. pid: 19759
04-14 13:14:13.598  1895  5047 I ActivityManager: Flag disabled. Ignoring finishAttachApplication from uid: 10315. pid: 19857
04-14 13:14:13.606  1895  2334 I ActivityManager: Killing 19442:com.google.android.apps.nbu.files/u0a211 (adj 955): empty #7
04-14 13:14:13.613  1895  1948 D CompatChangeReporter: Compat change id reported: 151861875; UID 10363; state: ENABLED
04-14 13:14:13.615 19795 19795 D ResourcesManagerExtImpl: applyConfigurationToAppResourcesLocked app.getDisplayId() return callback.displayId:-1
04-14 13:14:13.618  1895  5047 D CompatChangeReporter: Compat change id reported: 311402873; UID 10467; state: ENABLED
04-14 13:14:13.618  1895  5047 D CompatChangeReporter: Compat change id reported: 323349338; UID 10467; state: ENABLED
04-14 13:14:13.647  1895  1941 I ActivityManager: Start proc 19902:com.oplus.pscanvas/u0a363 for broadcast {com.oplus.pscanvas/com.oplus.pscanvas.canvasmode.canvas.database.UninstallAppBroadcastReceiver}
04-14 13:14:13.673  1895  4987 I ActivityManager: Death received, pid = 19442, processName = com.google.android.apps.nbu.files for thread android.os.BinderProxy@79a87cc
04-14 13:14:13.691  1895  2064 V AlarmManager: sending alarm Alarm{19bfb1b type 3 origWhen 223185853 whenElapsed 223188892 com.google.android.gms} uid 10104 whenElapsed 223188892 windowLength 0 maxWhenElapsed 223188892 repeatInterval 0 action com.google.android.gms.gcm.ACTION_CHECK_QUEUE component ComponentInfo{com.google.android.gms/com.google.android.gms.gcm.nts.SchedulerInternalReceiver} flags 0x0 procName com.google.android.gms.persistent
04-14 13:14:13.698  1895  1923 D DisplayManagerService: Drop pending events for gone uid 10211
04-14 13:14:13.748  1895  2334 D WindowManager: setFrameRateStart invalid typeId return!
04-14 13:14:13.803 19874 19874 I Quality : ActivityThread: createClassLoader delay 337 /product/app/Instant/Instant.apk 19874
04-14 13:14:13.804  1895  2334 W PackageManager: package com.azuratech.azuratime uid 10467 pid 19276 call SetEnabledSetting(com.azuratech.azuratime component = androidx.work.impl.background.systemalarm.RescheduleReceiver, 2, 0)
04-14 13:14:13.815  1895  2334 D CompatChangeReporter: Compat change id reported: 311208629; UID 10467; state: ENABLED
04-14 13:14:13.896  1895  2027 D ActivityTaskManagerServiceExtImpl: preBindApplication record is null
04-14 13:14:13.951 19874 19874 I Quality : ActivityThread: createOrUpdateClassLoaderLocked delay 488 com.nearme.instant.platform 19874
04-14 13:14:14.026  1895  2334 W PackageConfigPersister: App-specific configuration not found for packageName: com.azuratech.azuratime and userId: 0
04-14 13:14:14.038  1895  2334 W PackageManager: package com.google.android.permissioncontroller uid 10247 pid 19795 call SetEnabledSetting(com.google.android.permissioncontroller component = com.android.permissioncontroller.role.ui.SpecialAppAccessListActivity, 2, 0)
04-14 13:14:14.093 19874 19874 I Quality : GetResourcesInfo:142300615,/product/app/Instant/Instant.apk
04-14 13:14:14.133  1895  2334 I ActivityManager: Flag disabled. Ignoring finishAttachApplication from uid: 10247. pid: 19795
04-14 13:14:14.139 19874 19874 D ResourcesManagerExtImpl: applyConfigurationToAppResourcesLocked app.getDisplayId() return callback.displayId:-1
04-14 13:14:14.221 19809 19809 I Quality : ActivityThread: callApplicationOnCreate delay 569 com.google.android.projection.gearhead:car 19809
04-14 13:14:14.223  1895  5040 I ActivityManager: Flag disabled. Ignoring finishAttachApplication from uid: 10093. pid: 19809
04-14 13:14:14.275 19902 19902 I Quality : GetResourcesInfo:56437000,/system_ext/app/OplusFlexibleWindowUI/OplusFlexibleWindowUI.apk
04-14 13:14:14.296 19902 19902 D ResourcesManagerExtImpl: applyConfigurationToAppResourcesLocked app.getDisplayId() return callback.displayId:-1
04-14 13:14:14.377  1895  5040 I ActivityManager: Flag disabled. Ignoring finishAttachApplication from uid: 10363. pid: 19902
04-14 13:14:14.393  1895  4988 I ActivityManager: Killing 19542:com.google.android.apps.photos/u0a237 (adj 935): empty #7
04-14 13:14:14.426  1895  1941 I ActivityManager: Start proc 19956:com.google.android.videos/u0a258 for broadcast {com.google.android.videos/com.google.android.libraries.social.peoplekit.thirdparty.viewcontrollers.ThirdPartyReceiver}
04-14 13:14:14.434  1895  2334 D CompatChangeReporter: Compat change id reported: 161145287; UID 10337; state: ENABLED
04-14 13:14:14.451  1895  2926 I ActivityManager: Death received, pid = 19542, processName = com.google.android.apps.photos for thread android.os.BinderProxy@cf110cb
04-14 13:14:14.480  1895  1923 D DisplayManagerService: Drop pending events for gone uid 10237
04-14 13:14:14.500  1895  3471 D ActivityTaskManagerServiceExtImpl: preBindApplication record is null
04-14 13:14:14.577  1895  1996 I AppsFilter: interaction: PackageSetting{4fd9ba5 com.azura.parent/10131} -> PackageSetting{d3afdf9 com.azuratech.azuratime/10467} BLOCKED
04-14 13:14:14.577  1895  1996 I AppsFilter: interaction: PackageSetting{7ec2f2b com.android.microdroid.empty_payload/10300} -> PackageSetting{d3afdf9 com.azuratech.azuratime/10467} BLOCKED
04-14 13:14:14.577  1895  1996 I AppsFilter: interaction: PackageSetting{c315f88 com.oplus.locationproxy/10153} -> PackageSetting{d3afdf9 com.azuratech.azuratime/10467} BLOCKED
04-14 13:14:14.577  1895  1996 I AppsFilter: interaction: PackageSetting{7514d21 com.android.certinstaller/10185} -> PackageSetting{d3afdf9 com.azuratech.azuratime/10467} BLOCKED
04-14 13:14:14.577  1895  1996 I AppsFilter: interaction: PackageSetting{d7c9307 com.oplus.location/10193} -> PackageSetting{d3afdf9 com.azuratech.azuratime/10467} BLOCKED
04-14 13:14:14.578  1895  1996 I AppsFilter: interaction: PackageSetting{140ec34 com.android.fmradio/10212} -> PackageSetting{d3afdf9 com.azuratech.azuratime/10467} BLOCKED
04-14 13:14:14.656  1895  2027 D CompatChangeReporter: Compat change id reported: 261072174; UID 10337; state: ENABLED
04-14 13:14:14.740  1895  1968 D OplusDisplayBrightnessBroadcastReceiver: onReceive action = android.intent.action.BATTERY_CHANGED , listeners = [com.android.server.display.OplusFeatureHDREnhanceBrightness$PhoneInfoReceiver@535187d, com.android.server.display.OplusFeatureEdrEnhanceBrightness$PhoneInfoReceiver@2bfb372]
04-14 13:14:14.891  1895  2095 V AccessibilityManagerService: onUserStateChangedLocked for user 0 with forceUpdate: false mEnabledServices = [] mCrashedServices = []
04-14 13:14:14.894 19956 19956 I Quality : ActivityThread: createClassLoader delay 342 /data/app/~~1rLvog5AxnmF_zg5zxISag==/com.google.android.videos-U-mt9l9KE2eF_2rrbKxDQQ==/base.apk:/data/app/~~1rLvog5AxnmF_zg5zxISag==/com.google.android.videos-U-mt9l9KE2eF_2rrbKxDQQ==/split_config.arm64_v8a.apk:/data/app/~~1rLvog5AxnmF_zg5zxISag==/com.google.android.videos-U-mt9l9KE2eF_2rrbKxDQQ==/split_config.in.apk:/data/app/~~1rLvog5AxnmF_zg5zxISag==/com.google.android.videos-U-mt9l9KE2eF_2rrbKxDQQ==/split_config.xhdpi.apk 19956
04-14 13:14:14.897  1895  2095 W MagnificationConnectionManager: requestConnection duplicated request: connect=false, mConnectionState=DISCONNECTED
04-14 13:14:14.942 19956 19956 I Quality : ActivityThread: createOrUpdateClassLoaderLocked delay 394 com.google.android.videos 19956
04-14 13:14:14.970  1895  2901 W PackageManager: package com.pure.indosat.care uid 10337 pid 19828 call SetEnabledSetting(com.pure.indosat.care component = androidx.work.impl.background.systemjob.SystemJobService, 1, 0)
04-14 13:14:15.024 19956 19956 D ResourcesManagerExtImpl: applyConfigurationToAppResourcesLocked app.getDisplayId() return callback.displayId:-1
04-14 13:14:15.135 19874 19874 I Quality : ActivityThread: makeApplication delay 1013 com.nearme.instant.platform 19874
04-14 13:14:15.140  1895  1941 I ActivityManager: Start proc 20019:com.google.android.apps.docs/u0a257 for content provider {com.google.android.apps.docs/com.google.android.apps.docs.common.storagebackend.StorageBackendContentProvider}
04-14 13:14:15.157  1895  1941 I ActivityManager: Start proc 20020:com.nearme.instant.platform:provider/u0a130 for content provider {com.nearme.instant.platform/com.nearme.instant.app.AppInfoProvider}
04-14 13:14:15.209 19795 19795 W AnrLogEnhancementHelperImpl: app side detected 19795 static_receiver cost time = 1075
04-14 13:14:15.243  1895  3471 D ActivityTaskManagerServiceExtImpl: preBindApplication record is null
04-14 13:14:15.258 19874 20043 E ActivityThread: Failed to find provider info for com.oplus.cardservice.repository.provider.CardServiceServerProvider
04-14 13:14:15.264  1895  2027 D ActivityTaskManagerServiceExtImpl: preBindApplication record is null
04-14 13:14:15.282  1895  1909 I ActivityManager: Killing 19348:com.oplus.notificationmanager/1000 (adj 925): empty #7
04-14 13:14:15.318  1895  2902 I ActivityManager: Death received, pid = 19348, processName = com.oplus.notificationmanager for thread android.os.BinderProxy@bb82572
04-14 13:14:15.329  1895  1941 I ActivityManager: Start proc 20050:com.android.providers.downloads/u0a58 for broadcast {com.android.providers.downloads/com.android.providers.downloads.DownloadReceiver}
04-14 13:14:15.378 20020 20020 D ResourcesManagerExtImpl: applyConfigurationToAppResourcesLocked app.getDisplayId() return callback.displayId:-1
04-14 13:14:15.395  1895  2027 D ActivityTaskManagerServiceExtImpl: preBindApplication record is null
04-14 13:14:15.451 20050 20050 E OplusCustomizePackageManager: mIOplusCustomizePackageManagerService is null
04-14 13:14:15.451 20050 20050 E OplusCustomizePackageManager: mIOplusCustomizePackageManagerService is null
04-14 13:14:15.452 20050 20050 E OplusCustomizePackageManager: isOplusCertificatePackage Errorjava.lang.NullPointerException: Attempt to invoke interface method 'boolean android.os.customize.IOplusCustomizePackageManagerService.isOplusCertificatePackage(java.lang.String)' on a null object reference
04-14 13:14:15.547  1895  2793 V WindowManager: Relayout Window{62e1ba u0 OplusPrivacyIconTopRight}: viewVisibility=8, oldvis=0, req=8x8, vsysui=LAYOUT_STABLE
04-14 13:14:15.548  1895  2793 I WindowManager: Window{62e1ba u0 OplusPrivacyIconTopRight} state from HAS_DRAWN to NO_SURFACE; reason: destroySurface
04-14 13:14:15.555  1895  2793 D WindowManager: NFW_findFocusedWindowIfNeeded:Window{5c7cb47 u0 com.azuratech.azuratime/com.azuratech.azuratime.MainActivity} mCurrentFocus:Window{5c7cb47 u0 com.azuratech.azuratime/com.azuratech.azuratime.MainActivity}
04-14 13:14:15.575  1895  1966 D PowerManagerService: userActivityNoUpdateLocked: groupId=0, eventTime=199157862, event=touch, flags=0x0, uid=1000
04-14 13:14:15.603  1895  3471 D CompatChangeReporter: Compat change id reported: 297989574; UID 10130; state: ENABLED
04-14 13:14:15.653  1895  1933 D OplusAppDetailsManager: saveAppDetailsConfig Start
04-14 13:14:15.664  1895  1966 D PowerManagerService: userActivityNoUpdateLocked: groupId=0, eventTime=199157970, event=touch, flags=0x0, uid=1000
04-14 13:14:15.666 20019 20019 I Quality : GetResourcesInfo:96060615,/data/app/~~ksDyEiaQGQEEyzJEoQl7aA==/com.google.android.apps.docs-EDgWWQfQEsXXv6PO4NbAsQ==/base.apk
04-14 13:14:15.669  1895  2027 I ActivityManager: Flag disabled. Ignoring finishAttachApplication from uid: 10130. pid: 20020
04-14 13:14:15.677  1895  1933 D OplusAppDetailsManager: saveAppDetailsConfig End
04-14 13:14:15.691 20050 20050 D ResourcesManagerExtImpl: applyConfigurationToAppResourcesLocked app.getDisplayId() return callback.displayId:-1
04-14 13:14:15.762 19276 19276 D OplusInputMethodManagerInternal: get inputMethodManager extension: com.android.internal.view.IInputMethodManager$Stub$Proxy@1c98d53
04-14 13:14:15.782 20050 20050 I Quality : SlowSqliteOp:executeForString,/data/user/0/com.android.providers.downloads/databases/downloads.db,false,false,11
04-14 13:14:15.786  1895  3471 D OplusAppQuickStart_AppQuickStartController: notifyStartActivity intent:Intent { act=com.google.android.gms.auth.GOOGLE_SIGN_IN pkg=com.azuratech.azuratime cmp=com.azuratech.azuratime/com.google.android.gms.auth.api.signin.internal.SignInHubActivity (has extras) }, function disable
04-14 13:14:15.792 20019 20019 D ResourcesManagerExtImpl: applyConfigurationToAppResourcesLocked app.getDisplayId() return callback.displayId:-1
04-14 13:14:15.838  1895  3471 D CompatChangeReporter: Compat change id reported: 151861875; UID 10467; state: ENABLED
04-14 13:14:15.875  1895  3471 D WindowManager: NFW_setClientVisible:ActivityRecord{1a4ebe1 u0 com.azuratech.azuratime/com.google.android.gms.auth.api.signin.internal.SignInHubActivity clientVisible:true
04-14 13:14:15.891  1895  3471 D FlexibleTaskController: isSupportFlexibleWindow target = com.azuratech.azuratime/com.google.android.gms.auth.api.signin.internal.SignInHubActivity callPkg = FlexibleTaskController support = true ,caller = 1895
04-14 13:14:15.891  1895  3471 D CompatChangeReporter: Compat change id reported: 306666082; UID 10467; state: ENABLED
04-14 13:14:15.897  1895  3471 D ActivityStarterExtImpl: checkOpMode: 3
04-14 13:14:15.898  1895  2901 D ShortcutService: rescanPackageIfNeeded 0@com.nearme.instant.platform, forceRescan=false , isNewApp=false
04-14 13:14:15.902  1895  3471 D FlexibleWindowManagerService: isIgnoreAppearedAcrossTask:false
04-14 13:14:15.902  1895  3471 D ActivityStarterExtImpl: setForceUpdateWindow, targetTask = Task{3430127 #28757 type=standard A=10467:com.azuratech.azuratime} r = ActivityRecord{1a4ebe1 u0 com.azuratech.azuratime/com.google.android.gms.auth.api.signin.internal.SignInHubActivity t-1} notFinish =false
04-14 13:14:15.902  1895  3471 D FlexibleWindowManagerService: isIgnoreAppearedAcrossTask:false
04-14 13:14:15.905  1895  3471 D FlexibleTaskController: findSourceTaskForFreeForm: sourceRecord = ActivityRecord{3a1450e u0 com.azuratech.azuratime/.MainActivity t28757} ,realCallingPid:19276 ,launchFromZoomMode:false ,prevTopTask:Task{3430127 #28757 type=standard A=10467:com.azuratech.azuratime}
04-14 13:14:15.905  1895  3471 D FlexibleTaskController: adjustOptionsForFlexibleTask not allow options follow process task's options, reason:8 ,reusedOptions:null
04-14 13:14:15.905  1895  3471 D FlexibleTaskController: isSupportFlexibleWindow target = com.azuratech.azuratime/com.google.android.gms.auth.api.signin.internal.SignInHubActivity callPkg = FlexibleTaskController support = true ,caller = 1895
04-14 13:14:15.905  1895  3471 D FlexibleWindowManagerService: no reused task found for ActivityRecord{1a4ebe1 u0 com.azuratech.azuratime/com.google.android.gms.auth.api.signin.internal.SignInHubActivity t-1}
04-14 13:14:15.906  1895  3471 D ActivityStarterExtImpl: isLaunchingRootActivity = false
04-14 13:14:15.906  1895  3471 D ActivityStarterExtImpl: resume targetTask isVisibleRequested is true or in SkipCheckedList, need resume:targetTask=Task{3430127 #28757 type=standard A=10467:com.azuratech.azuratime}
04-14 13:14:15.914  1895  2901 I ActivityManager: Flag disabled. Ignoring finishAttachApplication from uid: 10058. pid: 20050
04-14 13:14:15.914  1895  5040 I ActivityManager: Flag disabled. Ignoring finishAttachApplication from uid: 10130. pid: 19874
04-14 13:14:15.922  1895  3471 D OplusStartingWindowManager: we don't revise window flags for third app
04-14 13:14:15.923  1895  3471 D ActivityTaskManager: validateStartingWindowTheme:  Pkg=com.azuratech.azuratime, Translucent=true, Floating=false, ShowWallpaper=false, Disable=false, LaunchSource=4
04-14 13:14:15.923  1895  3471 D ActivityTaskManager: addStartingWindow for ActivityRecord{1a4ebe1 u0 com.azuratech.azuratime/com.google.android.gms.auth.api.signin.internal.SignInHubActivity t28757}, mainWin=null, state=INITIALIZING, isKeyguardLocked=false, isKeyguardGoingAway=false
04-14 13:14:15.923  1895  3471 D ActivityTaskManager: getStartingWindowType: , newTask=false, taskSwitch=false, processRunning=true, allowTaskSnapshot=true, activityCreated=false, activityAllDrawn=false, snapshot exist: false
04-14 13:14:15.923  1895  3471 D ActivityRecordExtImpl: handleStartingWindowForCompactWindow origin type:0, adjustType : 0
04-14 13:14:15.923  1895  2903 I ActivityManager: Killing 19795:com.google.android.permissioncontroller/u0a247 (adj 905): empty #7
04-14 13:14:15.926  1895  3471 D ActivityTaskManager: skip addStartingWindow due to resolvedTheme: 0, theme: 16973840
04-14 13:14:15.927  1895  3471 D OplusWindowAnimationManager: applyNoAnimationForResumed resumed: ActivityRecord{3a1450e u0 com.azuratech.azuratime/.MainActivity t28757}
04-14 13:14:15.927  1895  2903 I ActivityManager: Killing 19713:com.google.android.documentsui/u0a62 (adj 915): empty #8
04-14 13:14:15.938  1895  1895 D MBrainLocalService: isVendorFreezeConditionPass is false
04-14 13:14:15.938  1895  1895 E MBrainLocalService: notifyAppSwitch failed
04-14 13:14:15.941  1895  3471 I ActivityTaskManager: START u0 {act=com.google.android.gms.auth.GOOGLE_SIGN_IN pkg=com.azuratech.azuratime cmp=com.azuratech.azuratime/com.google.android.gms.auth.api.signin.internal.SignInHubActivity (has extras) mCallingUid=10467} with LAUNCH_MULTIPLE from uid 10467 (BAL_ALLOW_VISIBLE_WINDOW) result code=0
04-14 13:14:15.943  2359  2569 V WindowManagerShell: Transition requested (#1288): android.os.BinderProxy@ebd338d TransitionRequestInfo { type = OPEN, triggerTask = TaskInfo{userId=0 taskId=28757 displayId=0 isRunning=true baseIntent=Intent { act=android.intent.action.MAIN cat=[android.intent.category.LAUNCHER] flg=0x10200000 cmp=com.azuratech.azuratime/.MainActivity mCallingUid=10179 } baseActivity=ComponentInfo{com.azuratech.azuratime/com.azuratech.azuratime.MainActivity} topActivity=ComponentInfo{com.azuratech.azuratime/com.google.android.gms.auth.api.signin.internal.SignInHubActivity} origActivity=null realActivity=ComponentInfo{com.azuratech.azuratime/com.azuratech.azuratime.MainActivity} numActivities=2 lastActiveTime=223191180 supportsSplitScreenMultiWindow=true supportsMultiWindow=true supportsPocketStudioMultiWindow=true isInFlexibleEmbedded = false uid = 10467 pid = 0 resizeMode=1 isResizeable=true minWidth=-1 minHeight=-1 defaultMinSize=220 token=WCT{android.window.IWindowContainerToken$Stub$Proxy@8521942} topActivityType=1 pictureInPictureParams=null shouldDockBigOverlays=false launchIntoPipHostTaskId=-1 lastParentTaskIdBeforePip=-1 displayCutoutSafeInsets=null topActivityInfo=ActivityInfo{9b30d53 com.google.android.gms.auth.api.signin.internal.SignInHubActivity} launchCookies=[] positionInParent=Point(0, 0) parentTaskId=-1 isFocused=true isVisible=true isVisibleRequested=true isSleeping=false locusId=null displayAreaFeatureId=1 isTopActivityTransparent=true appCompatTaskInfo=AppCompatTaskInfo { topActivityInSizeCompat=false topActivityInOplusCompatMode=false topActivityEligibleForLetterboxEducation= falseisLetterboxEducationEnabled= false isLetterboxDoubleTapEnabled= false topActivityEligibleForUserAspectRatioButton= false topActivityBoundsLetterboxed= false isFromLetterboxDoubleTap= false topActivityLetterboxVerticalPosition= -1 topActivityLetterboxHorizontalPosition= -1 topActivityLetterboxWidth=720 topActivityLetterboxHeight=1612 isUserFullscreenOverrideEnabled=false isSystemFullscreenOverrideEnabled=false cameraCompatTaskInfo=CameraCompatTaskInfo { cameraCompatControlState=hidden freeformCameraCompatMode=inactive}} topActivityLetterboxInsets=Rect(0, 0 - 0, 0) mOplusExtraBundle = Bundle[mParcelledData.dataSize=348]}, pipTask = null, remoteTransition = null, displayChange = null, flags = 0, debugId = 1288 }
04-14 13:14:15.945  1895  1926 I TaskOrganizerController: onTaskInfoChanged taskid 28757 config { mBounds=Rect(0, 0 - 720, 1612) mAppBounds=Rect(0, 0 - 720, 1612) mMaxBounds=Rect(0, 0 - 720, 1612) mDisplayRotation=ROTATION_0 mWindowingMode=fullscreen mActivityType=standard mAlwaysOnTop=undefined mRotation=ROTATION_0}
04-14 13:14:15.946  1895  1926 D OplusFlexibleWindowMinimizedManagerHelper: onTaskInfoChanged taskInfo:TaskInfo{userId=0 taskId=28757 displayId=0 isRunning=true baseIntent=Intent { act=android.intent.action.MAIN cat=[android.intent.category.LAUNCHER] flg=0x10200000 cmp=com.azuratech.azuratime/.MainActivity mCallingUid=10179 } baseActivity=ComponentInfo{com.azuratech.azuratime/com.azuratech.azuratime.MainActivity} topActivity=ComponentInfo{com.azuratech.azuratime/com.google.android.gms.auth.api.signin.internal.SignInHubActivity} origActivity=null realActivity=ComponentInfo{com.azuratech.azuratime/com.azuratech.azuratime.MainActivity} numActivities=2 lastActiveTime=223191180 supportsSplitScreenMultiWindow=true supportsMultiWindow=true supportsPocketStudioMultiWindow=true isInFlexibleEmbedded = false uid = 10467 pid = 0 resizeMode=1 isResizeable=true minWidth=-1 minHeight=-1 defaultMinSize=220 token=WCT{RemoteToken{1c849b4 Task{3430127 #28757 type=standard A=10467:com.azuratech.azuratime}}} topActivityType=1 pictureInPictureParams=null shouldDockBigOverlays=false launchIntoPipHostTaskId=-1 lastParentTaskIdBeforePip=-1 displayCutoutSafeInsets=null topActivityInfo=ActivityInfo{210e3b6 com.google.android.gms.auth.api.signin.internal.SignInHubActivity} launchCookies=[] positionInParent=Point(0, 0) parentTaskId=-1 isFocused=true isVisible=true isVisibleRequested=true isSleeping=false locusId=null displayAreaFeatureId=1 isTopActivityTransparent=true appCompatTaskInfo=AppCompatTaskInfo { topActivityInSizeCompat=false topActivityInOplusCompatMode=false topActivityEligibleForLetterboxEducation= falseisLetterboxEducationEnabled= false isLetterboxDoubleTapEnabled= false topActivityEligibleForUserAspectRatioButton= false topActivityBoundsLetterboxed= false isFromLetterboxDoubleTap= false topActivityLetterboxVerticalPosition= -1 topActivityLetterboxHorizontalPosition= -1 topActivityLetterboxWidth=720 topActivityLetterboxHeight=1612 isUserFullscreenOverrideEnabled=false isSystemFullscreenOverrideEnabled=false cameraCompatTaskInfo=CameraCompatTaskInfo { cameraCompatControlState=hidden freeformCameraCompatMode=inactive}} topActivityLetterboxInsets=Rect(0, 0 - 0, 0) mOplusExtraBundle = Bundle[{androidx.flexible.taskFrame=Rect(0, 0 - 0, 0), key_flexible_task_state=0, androidx.activity.LaunchScenario=0, androidx.activity.LaunchScale=1.0}]} task:Task{3430127 #28757 type=standard A=10467:com.azuratech.azuratime}
04-14 13:14:15.946  1895  1926 D OplusFlexibleDragToSplitAnimController: visibleFlexibleTaskInfos delete:28757
04-14 13:14:15.957 19276 19276 I Quality : UISlowBinder:162269769
04-14 13:14:15.970  1895  2901 D RefreshRate: don't do app switch boost,arDisplayId:0 mDisplayId:0 currentSettingMode:2 hasAppSwitchBoostPriority:false is supportRefreshRateSwitch:true
04-14 13:14:15.971  1895  2901 D ActivityTaskManager: setAppVisibility(Token{d163619 ActivityRecord{1a4ebe1 u0 com.azuratech.azuratime/com.google.android.gms.auth.api.signin.internal.SignInHubActivity t28757}}, visible=true): mNextAppTransitionRequests=[], mNextAppTransitionFlags=,mAppTransitionState=APP_STATE_IDLE visible=false mVisibleRequested=false
04-14 13:14:15.972  1895  2901 D ActivityTaskManager: setVisibility(Token{d163619 ActivityRecord{1a4ebe1 u0 com.azuratech.azuratime/com.google.android.gms.auth.api.signin.internal.SignInHubActivity t28757}}, visible=true) defer commitVisibility for transition collecting
04-14 13:14:15.973  1895  2901 D WindowManager: rotation(ROTATION_0) no changed  displayId = 0, lastOrientation = -1
04-14 13:14:15.974  1895  2901 I TaskOrganizerController: onTaskInfoChanged taskid 28757 config { mBounds=Rect(0, 0 - 720, 1612) mAppBounds=Rect(0, 0 - 720, 1612) mMaxBounds=Rect(0, 0 - 720, 1612) mDisplayRotation=ROTATION_0 mWindowingMode=fullscreen mActivityType=standard mAlwaysOnTop=undefined mRotation=ROTATION_0}
04-14 13:14:15.977  1895  2901 D OplusFlexibleWindowMinimizedManagerHelper: onTaskInfoChanged taskInfo:TaskInfo{userId=0 taskId=28757 displayId=0 isRunning=true baseIntent=Intent { act=android.intent.action.MAIN cat=[android.intent.category.LAUNCHER] flg=0x10200000 cmp=com.azuratech.azuratime/.MainActivity mCallingUid=10179 } baseActivity=ComponentInfo{com.azuratech.azuratime/com.azuratech.azuratime.MainActivity} topActivity=ComponentInfo{com.azuratech.azuratime/com.google.android.gms.auth.api.signin.internal.SignInHubActivity} origActivity=null realActivity=ComponentInfo{com.azuratech.azuratime/com.azuratech.azuratime.MainActivity} numActivities=2 lastActiveTime=223191180 supportsSplitScreenMultiWindow=true supportsMultiWindow=true supportsPocketStudioMultiWindow=true isInFlexibleEmbedded = false uid = 10467 pid = 19276 resizeMode=1 isResizeable=true minWidth=-1 minHeight=-1 defaultMinSize=220 token=WCT{RemoteToken{1c849b4 Task{3430127 #28757 type=standard A=10467:com.azuratech.azuratime}}} topActivityType=1 pictureInPictureParams=null shouldDockBigOverlays=false launchIntoPipHostTaskId=-1 lastParentTaskIdBeforePip=-1 displayCutoutSafeInsets=Rect(0, 64 - 0, 0) topActivityInfo=ActivityInfo{210e3b6 com.google.android.gms.auth.api.signin.internal.SignInHubActivity} launchCookies=[] positionInParent=Point(0, 0) parentTaskId=-1 isFocused=true isVisible=true isVisibleRequested=true isSleeping=false locusId=null displayAreaFeatureId=1 isTopActivityTransparent=true appCompatTaskInfo=AppCompatTaskInfo { topActivityInSizeCompat=false topActivityInOplusCompatMode=false topActivityEligibleForLetterboxEducation= falseisLetterboxEducationEnabled= false isLetterboxDoubleTapEnabled= false topActivityEligibleForUserAspectRatioButton= false topActivityBoundsLetterboxed= false isFromLetterboxDoubleTap= false topActivityLetterboxVerticalPosition= -1 topActivityLetterboxHorizontalPosition= -1 topActivityLetterboxWidth=720 topActivityLetterboxHeight=1612 isUserFullscreenOverrideEnabled=false isSystemFullscreenOverrideEnabled=false cameraCompatTaskInfo=CameraCompatTaskInfo { cameraCompatControlState=hidden freeformCameraCompatMode=inactive}} topActivityLetterboxInsets=Rect(0, 0 - 0, 0) mOplusExtraBundle = Bundle[{androidx.flexible.taskFrame=Rect(0, 0 - 0, 0), key_flexible_task_state=0, androidx.activity.LaunchScenario=0, androidx.activity.LaunchScale=1.0}]} task:Task{3430127 #28757 type=standard A=10467:com.azuratech.azuratime}
04-14 13:14:15.977  1895  2901 D OplusFlexibleDragToSplitAnimController: visibleFlexibleTaskInfos delete:28757
04-14 13:14:15.977  1895  2901 D ActivityTaskManager: setAppVisibility(Token{d163619 ActivityRecord{1a4ebe1 u0 com.azuratech.azuratime/com.google.android.gms.auth.api.signin.internal.SignInHubActivity t28757}}, visible=true): mNextAppTransitionRequests=[], mNextAppTransitionFlags=,mAppTransitionState=APP_STATE_IDLE visible=false mVisibleRequested=true
04-14 13:14:15.977  1895  2901 D ActivityTaskManager: setVisibility(Token{d163619 ActivityRecord{1a4ebe1 u0 com.azuratech.azuratime/com.google.android.gms.auth.api.signin.internal.SignInHubActivity t28757}}, visible=true) defer commitVisibility for transition collecting
04-14 13:14:15.979  1895  2901 D OplusDexOptimizeManager: androidPackage inappropriate state!
04-14 13:14:15.979  1895  2901 D OplusCameraStartupOptimization: cameraPreopenIfNeed, r = ActivityRecord{1a4ebe1 u0 com.azuratech.azuratime/com.google.android.gms.auth.api.signin.internal.SignInHubActivity t28757}
04-14 13:14:15.979  1895  2901 D OplusCameraStartupOptimization: needOptimizeForCamera bNeedOptimize:false clsName: com.azuratech.azuratime/com.google.android.gms.auth.api.signin.internal.SignInHubActivity
04-14 13:14:15.981  1895  1908 I ActivityManager: Death received, pid = 19795, processName = com.google.android.permissioncontroller for thread android.os.BinderProxy@983d789
04-14 13:14:15.983  1895  2903 I ActivityManager: Death received, pid = 19713, processName = com.google.android.documentsui for thread android.os.BinderProxy@5c4b38e
04-14 13:14:15.985  1895  2901 D ActivityTaskManager: NFW_setLastResumedActivityUncheckLocked:true r:ActivityRecord{1a4ebe1 u0 com.azuratech.azuratime/com.google.android.gms.auth.api.signin.internal.SignInHubActivity t28757} currentFocus:Window{5c7cb47 u0 com.azuratech.azuratime/com.azuratech.azuratime.MainActivity}
04-14 13:14:15.985  1895  2901 D WindowManager: NFW_findFocusedWindowIfNeeded:null mCurrentFocus:Window{5c7cb47 u0 com.azuratech.azuratime/com.azuratech.azuratime.MainActivity}
04-14 13:14:15.986  1895  2901 V WindowManager: Changing focus from Window{5c7cb47 u0 com.azuratech.azuratime/com.azuratech.azuratime.MainActivity} to null,diplayid=0
04-14 13:14:15.990  1895  2775 D OplusAppSwitchRuleInfo: generateActivityEnterInfo - launch_source_type = launcherWorkspace , launch_source_traceid = 
04-14 13:14:16.004 19276 19276 D ResourcesManagerExtImpl: applyConfigurationToAppResourcesLocked app.getDisplayId() return callback.displayId:0
04-14 13:14:16.011  1895  2901 D ShortcutService: Getting shortcuts for launcher= com.android.launcheruser=0 pkg=null
04-14 13:14:16.021 19828 19828 I Quality : ActivityThread: callApplicationOnCreate delay 1033 com.pure.indosat.care 19828
04-14 13:14:16.030  1895  1923 D DisplayManagerService: Drop pending events for gone uid 10247
04-14 13:14:16.042  1895  2901 D OplusAppQuickStart_AppQuickStartController: notifyStartActivity intent:Intent { act=com.google.android.gms.auth.GOOGLE_SIGN_IN pkg=com.google.android.gms (has extras) }, function disable
04-14 13:14:16.083  1895  2901 D WindowManager: NFW_setClientVisible:ActivityRecord{821eec1 u0 com.google.android.gms/.auth.api.signin.ui.SignInActivity clientVisible:true
04-14 13:14:16.086  1895  2901 D FlexibleTaskController: isSupportFlexibleWindow target = com.google.android.gms/.auth.api.signin.ui.SignInActivity callPkg = FlexibleTaskController support = true ,caller = 1895
04-14 13:14:16.101  1895  2901 D FlexibleWindowManagerService: isIgnoreAppearedAcrossTask:false
04-14 13:14:16.101  1895  2901 D ActivityStarterExtImpl: setForceUpdateWindow, targetTask = Task{3430127 #28757 type=standard A=10467:com.azuratech.azuratime} r = ActivityRecord{821eec1 u0 com.google.android.gms/.auth.api.signin.ui.SignInActivity t-1} notFinish =false
04-14 13:14:16.101  1895  2901 D FlexibleWindowManagerService: isIgnoreAppearedAcrossTask:false
04-14 13:14:16.101  1895  2901 D FlexibleTaskController: findSourceTaskForFreeForm: sourceRecord = ActivityRecord{1a4ebe1 u0 com.azuratech.azuratime/com.google.android.gms.auth.api.signin.internal.SignInHubActivity t28757} ,realCallingPid:19276 ,launchFromZoomMode:false ,prevTopTask:Task{3430127 #28757 type=standard A=10467:com.azuratech.azuratime}
04-14 13:14:16.101  1895  2901 D FlexibleTaskController: adjustOptionsForFlexibleTask not allow options follow process task's options, reason:8 ,reusedOptions:null
04-14 13:14:16.101  1895  2901 D FlexibleTaskController: isSupportFlexibleWindow target = com.google.android.gms/.auth.api.signin.ui.SignInActivity callPkg = FlexibleTaskController support = true ,caller = 1895
04-14 13:14:16.101  1895  2901 D FlexibleWindowManagerService: no reused task found for ActivityRecord{821eec1 u0 com.google.android.gms/.auth.api.signin.ui.SignInActivity t-1}
04-14 13:14:16.102  1895  2901 D ActivityStarterExtImpl: isLaunchingRootActivity = false
04-14 13:14:16.102  1895  2901 D ActivityStarterExtImpl: resume targetTask isVisibleRequested is true or in SkipCheckedList, need resume:targetTask=Task{3430127 #28757 type=standard A=10467:com.azuratech.azuratime}
04-14 13:14:16.107  1895  2901 D OplusStartingWindowManager: reviseWindowFlagsForStarting: newTask=false, taskSwitch=false, processRunning=false, processState=0, preloadAppInfo=null
04-14 13:14:16.107  1895  2901 D OplusStartingWindowManager: not support SnapshotSplash, don't revise window flags for activity:ActivityRecord{821eec1 u0 com.google.android.gms/.auth.api.signin.ui.SignInActivity t28757}
04-14 13:14:16.107  1895  2901 D ActivityTaskManager: validateStartingWindowTheme:  Pkg=com.google.android.gms, Translucent=true, Floating=true, ShowWallpaper=false, Disable=false, LaunchSource=4
04-14 13:14:16.107  1895  2901 D ActivityTaskManager: addStartingWindow for ActivityRecord{821eec1 u0 com.google.android.gms/.auth.api.signin.ui.SignInActivity t28757}, mainWin=null, state=INITIALIZING, isKeyguardLocked=false, isKeyguardGoingAway=false
04-14 13:14:16.107  1895  2901 D ActivityTaskManager: getStartingWindowType: , newTask=false, taskSwitch=false, processRunning=false, allowTaskSnapshot=true, activityCreated=false, activityAllDrawn=false, snapshot exist: false
04-14 13:14:16.107  1895  2901 D ActivityRecordExtImpl: handleStartingWindowForCompactWindow origin type:2, adjustType : 2
04-14 13:14:16.112  1895  2901 D ActivityTaskManager: skip addStartingWindow due to resolvedTheme: 0, theme: 2132151233
04-14 13:14:16.113  1895  2901 D OplusWindowAnimationManager: applyNoAnimationForResumed resumed: ActivityRecord{1a4ebe1 u0 com.azuratech.azuratime/com.google.android.gms.auth.api.signin.internal.SignInHubActivity t28757}
04-14 13:14:16.120  1895  2901 I TaskOrganizerController: onTaskInfoChanged taskid 28757 config { mBounds=Rect(0, 0 - 720, 1612) mAppBounds=Rect(0, 0 - 720, 1612) mMaxBounds=Rect(0, 0 - 720, 1612) mDisplayRotation=ROTATION_0 mWindowingMode=fullscreen mActivityType=standard mAlwaysOnTop=undefined mRotation=ROTATION_0}
04-14 13:14:16.121  1895  2901 D OplusFlexibleWindowMinimizedManagerHelper: onTaskInfoChanged taskInfo:TaskInfo{userId=0 taskId=28757 displayId=0 isRunning=true baseIntent=Intent { act=android.intent.action.MAIN cat=[android.intent.category.LAUNCHER] flg=0x10200000 cmp=com.azuratech.azuratime/.MainActivity mCallingUid=10179 } baseActivity=ComponentInfo{com.azuratech.azuratime/com.azuratech.azuratime.MainActivity} topActivity=ComponentInfo{com.google.android.gms/com.google.android.gms.auth.api.signin.ui.SignInActivity} origActivity=null realActivity=ComponentInfo{com.azuratech.azuratime/com.azuratech.azuratime.MainActivity} numActivities=3 lastActiveTime=223191366 supportsSplitScreenMultiWindow=true supportsMultiWindow=true supportsPocketStudioMultiWindow=true isInFlexibleEmbedded = false uid = 10104 pid = 0 resizeMode=1 isResizeable=true minWidth=-1 minHeight=-1 defaultMinSize=220 token=WCT{RemoteToken{1c849b4 Task{3430127 #28757 type=standard A=10467:com.azuratech.azuratime}}} topActivityType=1 pictureInPictureParams=null shouldDockBigOverlays=false launchIntoPipHostTaskId=-1 lastParentTaskIdBeforePip=-1 displayCutoutSafeInsets=Rect(0, 64 - 0, 0) topActivityInfo=ActivityInfo{d18be4a com.google.android.gms.auth.api.signin.ui.SignInActivity} launchCookies=[] positionInParent=Point(0, 0) parentTaskId=-1 isFocused=true isVisible=true isVisibleRequested=true isSleeping=false locusId=null displayAreaFeatureId=1 isTopActivityTransparent=true appCompatTaskInfo=AppCompatTaskInfo { topActivityInSizeCompat=false topActivityInOplusCompatMode=false topActivityEligibleForLetterboxEducation= falseisLetterboxEducationEnabled= false isLetterboxDoubleTapEnabled= false topActivityEligibleForUserAspectRatioButton= false topActivityBoundsLetterboxed= false isFromLetterboxDoubleTap= false topActivityLetterboxVerticalPosition= -1 topActivityLetterboxHorizontalPosition= -1 topActivityLetterboxWidth=720 topActivityLetterboxHeight=1612 isUserFullscreenOverrideEnabled=false isSystemFullscreenOverrideEnabled=false cameraCompatTaskInfo=CameraCompatTaskInfo { cameraCompatControlState=hidden freeformCameraCompatMode=inactive}} topActivityLetterboxInsets=Rect(0, 0 - 0, 0) mOplusExtraBundle = Bundle[{androidx.flexible.taskFrame=Rect(0, 0 - 0, 0), key_flexible_task_state=0, androidx.activity.LaunchScenario=0, androidx.activity.LaunchScale=1.0}]} task:Task{3430127 #28757 type=standard A=10467:com.azuratech.azuratime}
04-14 13:14:16.122  1895  2901 D OplusFlexibleDragToSplitAnimController: visibleFlexibleTaskInfos delete:28757
04-14 13:14:16.122  1895  2901 I ActivityTaskManager: START u0 {act=com.google.android.gms.auth.GOOGLE_SIGN_IN pkg=com.google.android.gms cmp=com.google.android.gms/.auth.api.signin.ui.SignInActivity (has extras) mCallingUid=10467} with LAUNCH_MULTIPLE from uid 10467 (BAL_ALLOW_VISIBLE_WINDOW) result code=0
04-14 13:14:16.123  1895  2901 I Quality : LaunchTime2.0: com.azuratech.azuratime/com.google.android.gms.auth.api.signin.internal.SignInHubActivity 2 182 com.azuratech.azuratime -1 -1
04-14 13:14:16.138  1895  1923 D DisplayManagerService: Drop pending events for gone uid 10062
04-14 13:14:16.137 20019 20019 I Quality : ActivityThread: makeApplication delay 349 com.google.android.apps.docs 20019
04-14 13:14:16.146 19276 19276 D ActivityThread: ComponentInfo{com.azuratech.azuratime/com.google.android.gms.auth.api.signin.internal.SignInHubActivity} checkFinished=false 2
04-14 13:14:16.146 19276 19276 D ResourcesManagerExtImpl: applyConfigurationToAppResourcesLocked app.getDisplayId() return callback.displayId:0
04-14 13:14:16.148  1895  2901 I ActivityManager: Flag disabled. Ignoring finishAttachApplication from uid: 10337. pid: 19828
04-14 13:14:16.161  1895  2902 I WindowManager: addWindow: New client android.os.BinderProxy@706ad33 : window=Window{f0f78f0 u0 com.azuratech.azuratime/com.google.android.gms.auth.api.signin.internal.SignInHubActivity}
04-14 13:14:16.177  1895  1941 I ActivityManager: Start proc 20162:com.google.android.gms.ui/u0a104 for next-top-activity {com.google.android.gms/com.google.android.gms.auth.api.signin.ui.SignInActivity}
04-14 13:14:16.177 19276 19276 D ResourcesManagerExtImpl: applyConfigurationToAppResourcesLocked app.getDisplayId() return callback.displayId:0
04-14 13:14:16.182  1895  2901 D ShortcutService: rescanPackageIfNeeded 0@com.nearme.instant.platform, forceRescan=false , isNewApp=false
04-14 13:14:16.185  1895  2901 D RefreshRate: don't do app switch boost,arDisplayId:0 mDisplayId:0 currentSettingMode:2 hasAppSwitchBoostPriority:false is supportRefreshRateSwitch:true
04-14 13:14:16.190  1895  2659 D NativeFreezeManager: freezeForAppSwitchScene mAppLaunchFzDxEnable enter, mFgAppPkgname com.google.android.gms
04-14 13:14:16.204  1895  1941 W ActivityManager: Slow operation: 61ms so far, now at startProcess: returned from zygote!
04-14 13:14:16.204  1895  1941 W ActivityManager: Slow operation: 69ms so far, now at startProcess: done updating battery stats
04-14 13:14:16.204  1895  1941 W ActivityManager: Slow operation: 70ms so far, now at startProcess: building log message
04-14 13:14:16.204  1895  1941 I ActivityManager: Start proc 20166:com.oplus.trafficmonitor:network_control/1000 for broadcast {com.oplus.trafficmonitor/com.oplus.trafficmonitor.view.networkcontrol.dialog.NetworkNotAllowedReceiver}
04-14 13:14:16.205  1895  1941 W ActivityManager: Slow operation: 70ms so far, now at startProcess: starting to update pids map
04-14 13:14:16.211  1895  2901 D ActivityTaskManager: setAppVisibility(Token{b47c2f2 ActivityRecord{821eec1 u0 com.google.android.gms/.auth.api.signin.ui.SignInActivity t28757}}, visible=true): mNextAppTransitionRequests=[], mNextAppTransitionFlags=,mAppTransitionState=APP_STATE_IDLE visible=false mVisibleRequested=false
04-14 13:14:16.213  1895  2901 D ActivityTaskManager: setVisibility(Token{b47c2f2 ActivityRecord{821eec1 u0 com.google.android.gms/.auth.api.signin.ui.SignInActivity t28757}}, visible=true) defer commitVisibility for transition collecting
04-14 13:14:16.221  1895  4987 D CoreBackPreview: Window{f0f78f0 u0 com.azuratech.azuratime/com.google.android.gms.auth.api.signin.internal.SignInHubActivity}: Setting back callback OnBackInvokedCallbackInfo{mCallback=android.window.IOnBackInvokedCallback$Stub$Proxy@d4de825, mPriority=0, mIsAnimationCallback=false}
04-14 13:14:16.223  1895  4987 D WindowManagerServiceExtImpl: extractConfigInfoAndRealFlags rotation=0, screenDp=360, residentWS:0, win=Window{f0f78f0 u0 com.azuratech.azuratime/com.google.android.gms.auth.api.signin.internal.SignInHubActivity}
04-14 13:14:16.224  1895  4987 V WindowManager: Relayout Window{f0f78f0 u0 com.azuratech.azuratime/com.google.android.gms.auth.api.signin.internal.SignInHubActivity}: viewVisibility=0, oldvis=4, req=720x1612, vsysui=, x=0, y=0
04-14 13:14:16.224  1895  4987 I WindowManager: Window{f0f78f0 u0 com.azuratech.azuratime/com.google.android.gms.auth.api.signin.internal.SignInHubActivity} state from NO_SURFACE to DRAW_PENDING; reason: resetDrawState
04-14 13:14:16.235  1895  4987 D WindowManager: NFW_findFocusedWindowIfNeeded:Window{f0f78f0 u0 com.azuratech.azuratime/com.google.android.gms.auth.api.signin.internal.SignInHubActivity} mCurrentFocus:null
04-14 13:14:16.237  1895  4987 V WindowManager: Changing focus from null to Window{f0f78f0 u0 com.azuratech.azuratime/com.google.android.gms.auth.api.signin.internal.SignInHubActivity},diplayid=0
04-14 13:14:16.239  1895  4987 D WindowManager: setFrameRateStart invalid typeId return!
04-14 13:14:16.240  1895  4987 D WindowManager: setFrameRateStart invalid typeId return!
04-14 13:14:16.240  1895  4987 D WindowManager: BarWindow--setVisible: id=1, oldState=2, state=0, mFocuseWindow= Window{f0f78f0 u0 com.azuratech.azuratime/com.google.android.gms.auth.api.signin.internal.SignInHubActivity} call: 
04-14 13:14:16.241  1895  4987 I OplusStatusBarManagerServiceEnhance:  topIsFullscreen fullscreen: false
04-14 13:14:16.241  1895  4987 D WindowManager: BarWindow--setVisible: id=2, oldState=2, state=0, mFocuseWindow= Window{f0f78f0 u0 com.azuratech.azuratime/com.google.android.gms.auth.api.signin.internal.SignInHubActivity} call: 
04-14 13:14:16.246 19276 19276 D VRI[SignInHubActivity]: relayoutWindow result, sizeChanged:true, surfaceControlChanged:true, transformHintChanged:false, mSurfaceSize:Point(720, 1612), mLastSurfaceSize:Point(0, 0), mWidth:-1, mHeight:-1, requestedWidth:720, requestedHeight:1612, transformHint:0, installOrientation:0, displayRotation:0, isSurfaceValid:true, attr.flag:25231616, tmpFrames:ClientWindowFrames{frame=[0,0][720,1612] display=[0,0][720,1612] parentFrame=[0,0][0,0]}, relayoutAsync:false, mSyncSeqId:0
04-14 13:14:16.247 19276 19276 W VRI[SignInHubActivity]: updateBlastSurfaceIfNeeded, surfaceSize:Point(720, 1612), lastSurfaceSize:Point(0, 0), format:-2, blastBufferQueue:null
04-14 13:14:16.263  1895  1941 W ActivityManager: Slow operation: 129ms so far, now at startProcess: done updating pids map
04-14 13:14:16.266  1895  2901 I ActivityTaskManager: Process com.google.android.gms.ui restarted
04-14 13:14:16.277  1895  2901 D WindowManager: rotation(ROTATION_0) no changed  displayId = 0, lastOrientation = -1
