04-14 13:14:16.278  1895  2901 I TaskOrganizerController: onTaskInfoChanged taskid 28757 config { mBounds=Rect(0, 0 - 720, 1612) mAppBounds=Rect(0, 0 - 720, 1612) mMaxBounds=Rect(0, 0 - 720, 1612) mDisplayRotation=ROTATION_0 mWindowingMode=fullscreen mActivityType=standard mAlwaysOnTop=undefined mRotation=ROTATION_0}
04-14 13:14:16.280  1895  2901 D OplusFlexibleWindowMinimizedManagerHelper: onTaskInfoChanged taskInfo:TaskInfo{userId=0 taskId=28757 displayId=0 isRunning=true baseIntent=Intent { act=android.intent.action.MAIN cat=[android.intent.category.LAUNCHER] flg=0x10200000 cmp=com.azuratech.azuratime/.MainActivity mCallingUid=10179 } baseActivity=ComponentInfo{com.azuratech.azuratime/com.azuratech.azuratime.MainActivity} topActivity=ComponentInfo{com.google.android.gms/com.google.android.gms.auth.api.signin.ui.SignInActivity} origActivity=null realActivity=ComponentInfo{com.azuratech.azuratime/com.azuratech.azuratime.MainActivity} numActivities=3 lastActiveTime=223191366 supportsSplitScreenMultiWindow=true supportsMultiWindow=true supportsPocketStudioMultiWindow=true isInFlexibleEmbedded = false uid = 10104 pid = 20162 resizeMode=1 isResizeable=true minWidth=-1 minHeight=-1 defaultMinSize=220 token=WCT{RemoteToken{1c849b4 Task{3430127 #28757 type=standard A=10467:com.azuratech.azuratime}}} topActivityType=1 pictureInPictureParams=null shouldDockBigOverlays=false launchIntoPipHostTaskId=-1 lastParentTaskIdBeforePip=-1 displayCutoutSafeInsets=Rect(0, 64 - 0, 0) topActivityInfo=ActivityInfo{d18be4a com.google.android.gms.auth.api.signin.ui.SignInActivity} launchCookies=[] positionInParent=Point(0, 0) parentTaskId=-1 isFocused=true isVisible=true isVisibleRequested=true isSleeping=false locusId=null displayAreaFeatureId=1 isTopActivityTransparent=true appCompatTaskInfo=AppCompatTaskInfo { topActivityInSizeCompat=false topActivityInOplusCompatMode=false topActivityEligibleForLetterboxEducation= falseisLetterboxEducationEnabled= false isLetterboxDoubleTapEnabled= false topActivityEligibleForUserAspectRatioButton= false topActivityBoundsLetterboxed= false isFromLetterboxDoubleTap= false topActivityLetterboxVerticalPosition= -1 topActivityLetterboxHorizontalPosition= -1 topActivityLetterboxWidth=720 topActivityLetterboxHeight=1612 isUserFullscreenOverrideEnabled=false isSystemFullscreenOverrideEnabled=false cameraCompatTaskInfo=CameraCompatTaskInfo { cameraCompatControlState=hidden freeformCameraCompatMode=inactive}} topActivityLetterboxInsets=Rect(0, 0 - 0, 0) mOplusExtraBundle = Bundle[{androidx.flexible.taskFrame=Rect(0, 0 - 0, 0), key_flexible_task_state=0, androidx.activity.LaunchScenario=0, androidx.activity.LaunchScale=1.0}]} task:Task{3430127 #28757 type=standard A=10467:com.azuratech.azuratime}
04-14 13:14:16.280  1895  2901 D OplusFlexibleDragToSplitAnimController: visibleFlexibleTaskInfos delete:28757
04-14 13:14:16.280  1895  2901 D ActivityTaskManager: setAppVisibility(Token{b47c2f2 ActivityRecord{821eec1 u0 com.google.android.gms/.auth.api.signin.ui.SignInActivity t28757}}, visible=true): mNextAppTransitionRequests=[], mNextAppTransitionFlags=,mAppTransitionState=APP_STATE_IDLE visible=false mVisibleRequested=true
04-14 13:14:16.280  1895  2901 D ActivityTaskManager: setVisibility(Token{b47c2f2 ActivityRecord{821eec1 u0 com.google.android.gms/.auth.api.signin.ui.SignInActivity t28757}}, visible=true) defer commitVisibility for transition collecting
04-14 13:14:16.281  1895  2901 D OplusDexOptimizeManager: Do not in AppLaunchOptList, and is systemApp, don't need start-app or repair-dex com.google.android.gms
04-14 13:14:16.281  1895  2901 D OplusCameraStartupOptimization: cameraPreopenIfNeed, r = ActivityRecord{821eec1 u0 com.google.android.gms/.auth.api.signin.ui.SignInActivity t28757}
04-14 13:14:16.281  1895  2901 D OplusCameraStartupOptimization: needOptimizeForCamera bNeedOptimize:false clsName: com.google.android.gms/.auth.api.signin.ui.SignInActivity
04-14 13:14:16.283  1895  2901 D ActivityTaskManager: NFW_setLastResumedActivityUncheckLocked:true r:ActivityRecord{821eec1 u0 com.google.android.gms/.auth.api.signin.ui.SignInActivity t28757} currentFocus:Window{f0f78f0 u0 com.azuratech.azuratime/com.google.android.gms.auth.api.signin.internal.SignInHubActivity}
04-14 13:14:16.283  1895  1937 I UserAwareMgr: handleTopAppChanged: com.google.android.gms, pid: 20162, uid: 10104
04-14 13:14:16.283  1895  2901 D WindowManager: NFW_findFocusedWindowIfNeeded:null mCurrentFocus:Window{f0f78f0 u0 com.azuratech.azuratime/com.google.android.gms.auth.api.signin.internal.SignInHubActivity}
04-14 13:14:16.283  1895  2901 V WindowManager: Changing focus from Window{f0f78f0 u0 com.azuratech.azuratime/com.google.android.gms.auth.api.signin.internal.SignInHubActivity} to null,diplayid=0
04-14 13:14:16.286  1895  2901 D WindowManager: setFrameRateStart invalid typeId return!
04-14 13:14:16.287  1895  2901 D WindowManager: setFrameRateStart invalid typeId return!
04-14 13:14:16.287  1895  2901 D WindowManager: BarWindow--setVisible: id=1, oldState=0, state=2, mFocuseWindow= Window{5c7cb47 u0 com.azuratech.azuratime/com.azuratech.azuratime.MainActivity} call: 
04-14 13:14:16.288  1895  2901 I OplusStatusBarManagerServiceEnhance:  topIsFullscreen fullscreen: true
04-14 13:14:16.288  1895  2901 D WindowManager: BarWindow--setVisible: id=2, oldState=0, state=2, mFocuseWindow= Window{5c7cb47 u0 com.azuratech.azuratime/com.azuratech.azuratime.MainActivity} call: 
04-14 13:14:16.289  1895  2901 I OplusAppSwitchManagerService: appswitch hasProcess ActivityRecord{821eec1 u0 com.google.android.gms/.auth.api.signin.ui.SignInActivity t28757}
04-14 13:14:16.289  1895  2901 I OplusJoystickManager: handleApplicationSwitch deprecated!
04-14 13:14:16.289  1895  2901 I OplusAppSwitchManagerService: appswitch hasProcess ActivityRecord{821eec1 u0 com.google.android.gms/.auth.api.signin.ui.SignInActivity t28757}
04-14 13:14:16.292  1895  1895 D MBrainLocalService: isVendorFreezeConditionPass is false
04-14 13:14:16.292  1895  1895 E MBrainLocalService: notifyAppSwitch failed
04-14 13:14:16.294 19276 19276 W VRI[SignInHubActivity]: handleResized, msg:, frameChanged:false, configChanged:false, displayChanged:false, attachedFrameChanged:false, compatScaleChanged:false, pendingDragResizing=false
04-14 13:14:16.299  2359  2359 W VRI[StatusBar]: handleResized abandoned!
04-14 13:14:16.300  2359  2359 W VRI[NavigationBar_displayId_0]: handleResized abandoned!
04-14 13:14:16.303  1895  1949 E OplusThermalStats: Error getting package info: com.google.android.gms.ui
04-14 13:14:16.306 19276 19276 W VRI[MainActivity]: handleResized abandoned!
04-14 13:14:16.306 19276 19276 W VRI[SignInHubActivity]: handleResized, msg:, frameChanged:false, configChanged:false, displayChanged:false, attachedFrameChanged:false, compatScaleChanged:false, pendingDragResizing=false
04-14 13:14:16.311  1895  5040 I ActivityManager: Killing 19857:com.google.android.rkpdapp/u0a315 (adj 905): empty #7
04-14 13:14:16.312  1895  2775 D OplusAppSwitchListener: Detect com.azuratech.azuratime switch to background
04-14 13:14:16.312  1895  2775 D OplusFeatureReduceBrightness: onAppExit , info = com.azuratech.azuratime
04-14 13:14:16.312  1895  2775 D OplusEapManager: mTargetExitName :com.azuratech.azuratime
04-14 13:14:16.313 20162 20162 E OplusCustomizePackageManager: mIOplusCustomizePackageManagerService is null
04-14 13:14:16.313  1895  3471 D OplusTransitionController: onSyncFinishedDrawing, Window{f0f78f0 u0 com.azuratech.azuratime/com.google.android.gms.auth.api.signin.internal.SignInHubActivity}
04-14 13:14:16.314  1895  1971 D VRR [OPlusRefreshRateService]: handleFrontAppChange pkgName: null
04-14 13:14:16.314  1895  3471 I WindowManager: finishDrawing skipLayout:false,syncSeqId=0,mPrepareSyncSeqId=0 Window{f0f78f0 u0 com.azuratech.azuratime/com.google.android.gms.auth.api.signin.internal.SignInHubActivity} com.android.server.wm.WindowManagerService.finishDrawingWindow:3142 com.android.server.wm.Session.finishDrawing:380 android.view.IWindowSession$Stub.onTransact:815 
04-14 13:14:16.314  1895  3471 I WindowManager: Window{f0f78f0 u0 com.azuratech.azuratime/com.google.android.gms.auth.api.signin.internal.SignInHubActivity} state from DRAW_PENDING to COMMIT_DRAW_PENDING; reason: finishDrawingLocked
04-14 13:14:16.314  1895  3471 D OplusTransitionAnimationManager: skipFinishDrawingIfNeed clientRotation=0, currentRotation=0, hasFixedRotationApp=false, requestedOrientation=-1, win=Window{f0f78f0 u0 com.azuratech.azuratime/com.google.android.gms.auth.api.signin.internal.SignInHubActivity}, activity=ActivityRecord{1a4ebe1 u0 com.azuratech.azuratime/com.google.android.gms.auth.api.signin.internal.SignInHubActivity t28757}, currentConfig={1.0 ??mcc??mnc [id_ID] ldltr sw360dp w360dp h806dp 320dpi nrml long port night finger -keyb/v/h -nav/h winConfig={ mBounds=Rect(0, 0 - 720, 1612) mAppBounds=Rect(0, 0 - 720, 1612) mMaxBounds=Rect(0, 0 - 720, 1612) mDisplayRotation=ROTATION_0 mWindowingMode=fullscreen mActivityType=standard mAlwaysOnTop=undefined mRotation=ROTATION_0} s.2 fontWeightAdjustment=0mThemeChanged= 0, mThemeChangedFlags= 0, mFlipFont= 0, mScenario= 0, mAccessibleChanged= -1, mUxIconConfig= 3465543965406134305, mMaterialColor= 0, mUserId= 0, mFontUserId= 0, mFontVariationSettings= 226, mFoldingAngle = -1.0, mIconPackName= , mDarkModeBackgroundMaxL= 0.0, mDarkModeDialogBgMaxL= 27.0, mDarkModeForegroundMinL= 100.0, mOplusConfigType= 1, mOplusChangedConfigs= 0, OpSans= -1, mBurmeseFontFlag= 2, mFlag= 0, mFlexibleActivitySuitable= -1, mPuttDisplayFlag= -1}
04-14 13:14:16.315  1895  3471 D OplusTransitionController: onSyncFinishedDrawing, Window{f0f78f0 u0 com.azuratech.azuratime/com.google.android.gms.auth.api.signin.internal.SignInHubActivity}
04-14 13:14:16.315  1895  3471 I WindowManager: finishDrawing skipLayout:false,syncSeqId=0,mPrepareSyncSeqId=0 Window{f0f78f0 u0 com.azuratech.azuratime/com.google.android.gms.auth.api.signin.internal.SignInHubActivity} com.android.server.wm.WindowManagerService.finishDrawingWindow:3142 com.android.server.wm.Session.finishDrawing:380 android.view.IWindowSession$Stub.onTransact:815 
04-14 13:14:16.316  1895  3471 D OplusTransitionAnimationManager: skipFinishDrawingIfNeed clientRotation=0, currentRotation=0, hasFixedRotationApp=false, requestedOrientation=-1, win=Window{f0f78f0 u0 com.azuratech.azuratime/com.google.android.gms.auth.api.signin.internal.SignInHubActivity}, activity=ActivityRecord{1a4ebe1 u0 com.azuratech.azuratime/com.google.android.gms.auth.api.signin.internal.SignInHubActivity t28757}, currentConfig={1.0 ??mcc??mnc [id_ID] ldltr sw360dp w360dp h806dp 320dpi nrml long port night finger -keyb/v/h -nav/h winConfig={ mBounds=Rect(0, 0 - 720, 1612) mAppBounds=Rect(0, 0 - 720, 1612) mMaxBounds=Rect(0, 0 - 720, 1612) mDisplayRotation=ROTATION_0 mWindowingMode=fullscreen mActivityType=standard mAlwaysOnTop=undefined mRotation=ROTATION_0} s.2 fontWeightAdjustment=0mThemeChanged= 0, mThemeChangedFlags= 0, mFlipFont= 0, mScenario= 0, mAccessibleChanged= -1, mUxIconConfig= 3465543965406134305, mMaterialColor= 0, mUserId= 0, mFontUserId= 0, mFontVariationSettings= 226, mFoldingAngle = -1.0, mIconPackName= , mDarkModeBackgroundMaxL= 0.0, mDarkModeDialogBgMaxL= 27.0, mDarkModeForegroundMinL= 100.0, mOplusConfigType= 1, mOplusChangedConfigs= 0, OpSans= -1, mBurmeseFontFlag= 2, mFlag= 0, mFlexibleActivitySuitable= -1, mPuttDisplayFlag= -1}
04-14 13:14:16.320 19276 19276 W VRI[MainActivity]: handleResized abandoned!
04-14 13:14:16.321 19276 19276 W VRI[SignInHubActivity]: handleResized, msg:, frameChanged:false, configChanged:false, displayChanged:false, attachedFrameChanged:false, compatScaleChanged:false, pendingDragResizing=false
04-14 13:14:16.323  1895  1926 I WindowManager: Window{f0f78f0 u0 com.azuratech.azuratime/com.google.android.gms.auth.api.signin.internal.SignInHubActivity} state from COMMIT_DRAW_PENDING to READY_TO_SHOW; reason: commitFinishDrawingLocked
04-14 13:14:16.323  1895  1926 D OplusAppQuickStart_AppQuickStartController: onFirstWindowDrawn ar=ActivityRecord{1a4ebe1 u0 com.azuratech.azuratime/com.google.android.gms.auth.api.signin.internal.SignInHubActivity t28757}
04-14 13:14:16.323  1895  1926 D ActivityTaskManager: Clearing startingData for activity=ActivityRecord{1a4ebe1 u0 com.azuratech.azuratime/com.google.android.gms.auth.api.signin.internal.SignInHubActivity t28757} mStartingData=null mStartingSurface=null
04-14 13:14:16.323 20162 20162 E OplusCustomizePackageManager: mIOplusCustomizePackageManagerService is null
04-14 13:14:16.323 20162 20162 E OplusCustomizePackageManager: isOplusCertificatePackage Errorjava.lang.NullPointerException: Attempt to invoke interface method 'boolean android.os.customize.IOplusCustomizePackageManagerService.isOplusCertificatePackage(java.lang.String)' on a null object reference
04-14 13:14:16.326  1895  1926 D OplusAppQuickStart_AppQuickStartController: onFirstWindowDrawn ar=ActivityRecord{1a4ebe1 u0 com.azuratech.azuratime/com.google.android.gms.auth.api.signin.internal.SignInHubActivity t28757}
04-14 13:14:16.326  1895  1926 D ActivityTaskManager: Clearing startingData for activity=ActivityRecord{1a4ebe1 u0 com.azuratech.azuratime/com.google.android.gms.auth.api.signin.internal.SignInHubActivity t28757} mStartingData=null mStartingSurface=null
04-14 13:14:16.327  1895  3471 D OplusTransitionController: onSyncFinishedDrawing, Window{f0f78f0 u0 com.azuratech.azuratime/com.google.android.gms.auth.api.signin.internal.SignInHubActivity}
04-14 13:14:16.327  1895  3471 I WindowManager: finishDrawing skipLayout:false,syncSeqId=0,mPrepareSyncSeqId=0 Window{f0f78f0 u0 com.azuratech.azuratime/com.google.android.gms.auth.api.signin.internal.SignInHubActivity} com.android.server.wm.WindowManagerService.finishDrawingWindow:3142 com.android.server.wm.Session.finishDrawing:380 android.view.IWindowSession$Stub.onTransact:815 
04-14 13:14:16.327  1895  3471 D OplusTransitionAnimationManager: skipFinishDrawingIfNeed clientRotation=0, currentRotation=0, hasFixedRotationApp=false, requestedOrientation=-1, win=Window{f0f78f0 u0 com.azuratech.azuratime/com.google.android.gms.auth.api.signin.internal.SignInHubActivity}, activity=ActivityRecord{1a4ebe1 u0 com.azuratech.azuratime/com.google.android.gms.auth.api.signin.internal.SignInHubActivity t28757}, currentConfig={1.0 ??mcc??mnc [id_ID] ldltr sw360dp w360dp h806dp 320dpi nrml long port night finger -keyb/v/h -nav/h winConfig={ mBounds=Rect(0, 0 - 720, 1612) mAppBounds=Rect(0, 0 - 720, 1612) mMaxBounds=Rect(0, 0 - 720, 1612) mDisplayRotation=ROTATION_0 mWindowingMode=fullscreen mActivityType=standard mAlwaysOnTop=undefined mRotation=ROTATION_0} s.2 fontWeightAdjustment=0mThemeChanged= 0, mThemeChangedFlags= 0, mFlipFont= 0, mScenario= 0, mAccessibleChanged= -1, mUxIconConfig= 3465543965406134305, mMaterialColor= 0, mUserId= 0, mFontUserId= 0, mFontVariationSettings= 226, mFoldingAngle = -1.0, mIconPackName= , mDarkModeBackgroundMaxL= 0.0, mDarkModeDialogBgMaxL= 27.0, mDarkModeForegroundMinL= 100.0, mOplusConfigType= 1, mOplusChangedConfigs= 0, OpSans= -1, mBurmeseFontFlag= 2, mFlag= 0, mFlexibleActivitySuitable= -1, mPuttDisplayFlag= -1}
04-14 13:14:16.328  1895  1926 D OplusAppQuickStart_AppQuickStartController: onFirstWindowDrawn ar=ActivityRecord{1a4ebe1 u0 com.azuratech.azuratime/com.google.android.gms.auth.api.signin.internal.SignInHubActivity t28757}
04-14 13:14:16.328  1895  1926 D ActivityTaskManager: Clearing startingData for activity=ActivityRecord{1a4ebe1 u0 com.azuratech.azuratime/com.google.android.gms.auth.api.signin.internal.SignInHubActivity t28757} mStartingData=null mStartingSurface=null
04-14 13:14:16.331  1895  1926 D OplusAppQuickStart_AppQuickStartController: onFirstWindowDrawn ar=ActivityRecord{1a4ebe1 u0 com.azuratech.azuratime/com.google.android.gms.auth.api.signin.internal.SignInHubActivity t28757}
04-14 13:14:16.331  1895  1926 D ActivityTaskManager: Clearing startingData for activity=ActivityRecord{1a4ebe1 u0 com.azuratech.azuratime/com.google.android.gms.auth.api.signin.internal.SignInHubActivity t28757} mStartingData=null mStartingSurface=null
04-14 13:14:16.334  1895  1926 D OplusAppQuickStart_AppQuickStartController: onFirstWindowDrawn ar=ActivityRecord{1a4ebe1 u0 com.azuratech.azuratime/com.google.android.gms.auth.api.signin.internal.SignInHubActivity t28757}
04-14 13:14:16.334  1895  1926 D ActivityTaskManager: Clearing startingData for activity=ActivityRecord{1a4ebe1 u0 com.azuratech.azuratime/com.google.android.gms.auth.api.signin.internal.SignInHubActivity t28757} mStartingData=null mStartingSurface=null
04-14 13:14:16.340  1895  2775 D OplusAppSwitchRuleInfo: generateAppEnterInfo - launch_source_type =  , launch_source_traceid = 
04-14 13:14:16.342  1895  2901 D OplusTransitionController: onSyncFinishedDrawing, Window{f0f78f0 u0 com.azuratech.azuratime/com.google.android.gms.auth.api.signin.internal.SignInHubActivity}
04-14 13:14:16.342  1895  2775 D OplusAppSwitchRuleInfo: generateAppEnterInfo - launch_source_type =  , launch_source_traceid = 
04-14 13:14:16.342  1895  2901 I WindowManager: finishDrawing skipLayout:false,syncSeqId=0,mPrepareSyncSeqId=0 Window{f0f78f0 u0 com.azuratech.azuratime/com.google.android.gms.auth.api.signin.internal.SignInHubActivity} com.android.server.wm.WindowManagerService.finishDrawingWindow:3142 com.android.server.wm.Session.finishDrawing:380 android.view.IWindowSession$Stub.onTransact:815 
04-14 13:14:16.343  1895  2901 D OplusTransitionAnimationManager: skipFinishDrawingIfNeed clientRotation=0, currentRotation=0, hasFixedRotationApp=false, requestedOrientation=-1, win=Window{f0f78f0 u0 com.azuratech.azuratime/com.google.android.gms.auth.api.signin.internal.SignInHubActivity}, activity=ActivityRecord{1a4ebe1 u0 com.azuratech.azuratime/com.google.android.gms.auth.api.signin.internal.SignInHubActivity t28757}, currentConfig={1.0 ??mcc??mnc [id_ID] ldltr sw360dp w360dp h806dp 320dpi nrml long port night finger -keyb/v/h -nav/h winConfig={ mBounds=Rect(0, 0 - 720, 1612) mAppBounds=Rect(0, 0 - 720, 1612) mMaxBounds=Rect(0, 0 - 720, 1612) mDisplayRotation=ROTATION_0 mWindowingMode=fullscreen mActivityType=standard mAlwaysOnTop=undefined mRotation=ROTATION_0} s.2 fontWeightAdjustment=0mThemeChanged= 0, mThemeChangedFlags= 0, mFlipFont= 0, mScenario= 0, mAccessibleChanged= -1, mUxIconConfig= 3465543965406134305, mMaterialColor= 0, mUserId= 0, mFontUserId= 0, mFontVariationSettings= 226, mFoldingAngle = -1.0, mIconPackName= , mDarkModeBackgroundMaxL= 0.0, mDarkModeDialogBgMaxL= 27.0, mDarkModeForegroundMinL= 100.0, mOplusConfigType= 1, mOplusChangedConfigs= 0, OpSans= -1, mBurmeseFontFlag= 2, mFlag= 0, mFlexibleActivitySuitable= -1, mPuttDisplayFlag= -1}
04-14 13:14:16.344  1895  2027 D VRR [OPlusExternalRefreshRateManager]: isPkgTfcEnable: pkgName = com.pure.indosat.care, enable = false
04-14 13:14:16.344  1895  1926 D OplusAppQuickStart_AppQuickStartController: onFirstWindowDrawn ar=ActivityRecord{1a4ebe1 u0 com.azuratech.azuratime/com.google.android.gms.auth.api.signin.internal.SignInHubActivity t28757}
04-14 13:14:16.344  1895  1926 D ActivityTaskManager: Clearing startingData for activity=ActivityRecord{1a4ebe1 u0 com.azuratech.azuratime/com.google.android.gms.auth.api.signin.internal.SignInHubActivity t28757} mStartingData=null mStartingSurface=null
04-14 13:14:16.346  1895  2027 D VRR [OPlusExternalRefreshRateManager]: getTfcMinFramerate: pkgName = com.pure.indosat.care, min framerate = 0
04-14 13:14:16.351  1895  1926 D OplusAppQuickStart_AppQuickStartController: onFirstWindowDrawn ar=ActivityRecord{1a4ebe1 u0 com.azuratech.azuratime/com.google.android.gms.auth.api.signin.internal.SignInHubActivity t28757}
04-14 13:14:16.351  1895  1926 D ActivityTaskManager: Clearing startingData for activity=ActivityRecord{1a4ebe1 u0 com.azuratech.azuratime/com.google.android.gms.auth.api.signin.internal.SignInHubActivity t28757} mStartingData=null mStartingSurface=null
04-14 13:14:16.352  1895  2775 D OplusAppSwitchRuleInfo: generateAppEnterInfo - launch_source_type =  , launch_source_traceid = 
04-14 13:14:16.353  1895  2775 D OplusAppSwitchListener: Detect com.google.android.gms switch to foreground
04-14 13:14:16.358  1895  2239 D ORBrightnessMarvelsDataCollector: Runnable-MarvelsAppEnterInfo[2026-04-14 13:14:16,com.google.android.gms,-1.0]
04-14 13:14:16.374  1895  2901 I ActivityManager: Death received, pid = 19857, processName = com.google.android.rkpdapp for thread android.os.BinderProxy@1349868
04-14 13:14:16.378  1895  2775 D OplusFeatureRiderMode: onAppEnter , info = com.google.android.gms
04-14 13:14:16.379  1895  2775 D OplusAppSwitchRuleInfo: generateAppEnterInfo - launch_source_type =  , launch_source_traceid = 
04-14 13:14:16.379  1895  2775 D OplusAppSwitchRuleInfo: generateAppEnterInfo - launch_source_type =  , launch_source_traceid = 
04-14 13:14:16.379  1895  2775 D OplusAppSwitchRuleInfo: generateAppEnterInfo - launch_source_type =  , launch_source_traceid = 
04-14 13:14:16.379  1895  2775 D OplusAppSwitchRuleInfo: generateAppEnterInfo - launch_source_type =  , launch_source_traceid = 
04-14 13:14:16.379  1895  2775 D OplusAppSwitchRuleInfo: generateAppEnterInfo - launch_source_type =  , launch_source_traceid = 
04-14 13:14:16.379  1895  2775 D OplusEapManager: mTargetEnterName :com.google.android.gms
04-14 13:14:16.379  1895  2775 D OplusAppSwitchRuleInfo: generateAppEnterInfo - launch_source_type =  , launch_source_traceid = 
04-14 13:14:16.379  1895  2775 D OplusAppSwitchRuleInfo: generateAppEnterInfo - launch_source_type =  , launch_source_traceid = 
04-14 13:14:16.379  1895  2775 D VRR [OPlusFrontAppManager]: OnAppSwitchObserver: onAppEnter , info.targetName = com.google.android.gms
04-14 13:14:16.379  1895  2775 D OplusAppSwitchRuleInfo: generateAppEnterInfo - launch_source_type =  , launch_source_traceid = 
04-14 13:14:16.379  1895  2775 D OplusAppSwitchRuleInfo: generateAppEnterInfo - launch_source_type =  , launch_source_traceid = 
04-14 13:14:16.379  1895  2775 D OplusAppSwitchRuleInfo: generateAppEnterInfo - launch_source_type =  , launch_source_traceid = 
04-14 13:14:16.379  1895  2775 D OplusAppSwitchRuleInfo: generateAppEnterInfo - launch_source_type =  , launch_source_traceid = 
04-14 13:14:16.379  1895  2775 D OplusAppSwitchRuleInfo: generateAppEnterInfo - launch_source_type =  , launch_source_traceid = 
04-14 13:14:16.381  1895  1971 D VRR [OPlusRefreshRateService]: handleFrontAppChange pkgName: com.google.android.gms
04-14 13:14:16.381  1895  1968 I OplusSmartBrightnessController: handleMessage MSG_POWER_BRIGHTNESS_CHANGED.
04-14 13:14:16.382  1895  2775 D OplusAppSwitchRuleInfo: generateAppEnterInfo - launch_source_type =  , launch_source_traceid = 
04-14 13:14:16.382  1895  2775 D OplusAppSwitchRuleInfo: generateAppEnterInfo - launch_source_type =  , launch_source_traceid = 
04-14 13:14:16.382  1895  2775 D OplusAppSwitchRuleInfo: generateAppEnterInfo - launch_source_type =  , launch_source_traceid = 
04-14 13:14:16.382  1895  1965 D ColorAutomaticBrightnessController: MSG_UPDATE_BRIGHTNESS
04-14 13:14:16.382  1895  2334 D ActivityTaskManagerServiceExtImpl: preBindApplication record is null
04-14 13:14:16.383  1895  2775 D OplusAppSwitchRuleInfo: generateAppEnterInfo - launch_source_type =  , launch_source_traceid = 
04-14 13:14:16.383  1895  2775 D OplusAppSwitchRuleInfo: generateAppEnterInfo - launch_source_type =  , launch_source_traceid = 
04-14 13:14:16.385  1895  2775 D OplusAppSwitchRuleInfo: generateActivityEnterInfo - launch_source_type =  , launch_source_traceid = 
04-14 13:14:16.402  1895  1923 D DisplayManagerService: Drop pending events for gone uid 10315
04-14 13:14:16.414  1895  2027 W ActivityManager: Unable to start service Intent { act=deepthinker.intent.action.BIND_INTERFACE_SERVER pkg=com.oplus.deepthinker mCallingUid=1000 } U=0: not found
04-14 13:14:16.440  1895  2901 W ActivityManager: Background start not allowed: service Intent { cmp=com.pure.indosat.care/com.qiscus.sdk.chat.core.service.QiscusSyncJobService mCallingUid=10337 } to com.pure.indosat.care/com.qiscus.sdk.chat.core.service.QiscusSyncJobService from pid=19828 uid=10337 pkg=com.pure.indosat.care startFg?=false
04-14 13:14:16.451  1895  2283 D OplusBatteryServiceFeature: setSmartCoolDown: coolDown = 3, normalCoolDown = 3, pkgName = com.google.android.gms
04-14 13:14:16.454  1895  2901 D CompatChangeReporter: Compat change id reported: 271850009; UID 10337; state: ENABLED
04-14 13:14:16.454  1895  2901 D CompatChangeReporter: Compat change id reported: 253665015; UID 10337; state: ENABLED
04-14 13:14:16.500  1895  1941 I ActivityManager: Start proc 20222:com.coloros.phonemanager/u0a116 for broadcast {com.coloros.phonemanager/com.oplus.phonemanager.clear.appuninstall.UninstallReceiver}
04-14 13:14:16.539 20162 20162 D ResourcesManagerExtImpl: applyConfigurationToAppResourcesLocked app.getDisplayId() return callback.displayId:-1
04-14 13:14:16.579  1895  4987 D ActivityTaskManagerServiceExtImpl: preBindApplication record is null
04-14 13:14:16.660  1895  3368 I MediaSessionStack: addSession to bottom of stack | record: com.google.android.videos/play_movies_media/108 (userId=0)
04-14 13:14:16.663  1895  1895 I OplusMediaControlService: onActiveSessionsChanged begin
04-14 13:14:16.663  1895  1895 I OplusMediaControlService: onEventFromMediaControllerList controller size = 0
04-14 13:14:16.710  1895  1895 I OplusMediaControlService: updateControllerMap begin
04-14 13:14:16.710  1895  1895 I OplusMediaControlService: updataPlayStateMap begin
04-14 13:14:16.710  1895  1895 I OplusMediaControlService: onEventFromMediaControllerList event = com.oplus.media.OplusMediaEvent@b036be6
04-14 13:14:16.816  1895  4987 W AppOpService: Ignored setUidMode call for runtime permission app op: uid = 10220, code = READ_CELL_BROADCASTS, mode = allow, callingUid = 1001, oldMode = allow
04-14 13:14:16.836  1895  3368 W AppOpService: Ignored setUidMode call for runtime permission app op: uid = 1001, code = READ_SMS, mode = allow, callingUid = 1001, oldMode = allow
04-14 13:14:16.839  1895  4987 W AppOpService: Ignored setUidMode call for runtime permission app op: uid = 1001, code = RECEIVE_SMS, mode = allow, callingUid = 1001, oldMode = allow
04-14 13:14:16.840  1895  3368 W AppOpService: Ignored setUidMode call for runtime permission app op: uid = 1001, code = RECEIVE_WAP_PUSH, mode = allow, callingUid = 1001, oldMode = allow
04-14 13:14:16.841  1895  4987 W AppOpService: Ignored setUidMode call for runtime permission app op: uid = 1001, code = SEND_SMS, mode = allow, callingUid = 1001, oldMode = allow
04-14 13:14:16.842  1895  4987 W AppOpService: Ignored setUidMode call for runtime permission app op: uid = 1001, code = READ_CELL_BROADCASTS, mode = allow, callingUid = 1001, oldMode = allow
04-14 13:14:16.863 20166 20166 I Quality : ActivityThread: createOrUpdateClassLoaderLocked delay 392 com.oplus.trafficmonitor 20166
04-14 13:14:16.917  1895  3368 I OplusStatusBarManagerServiceEnhance:  getTopIsFullscreen mTopIsFullscreen: true
04-14 13:14:16.918  1895  1895 D NotificationService--OplusNotificationManagerServiceExtImpl: isForwardToAssistants: true, case : Is local notification
04-14 13:14:16.918  1895  1895 D NotificationService: This application enqueue notifications is need postDelayed mcsAssistantDelayTime: 200
04-14 13:14:16.923  1895  3368 D CompatChangeReporter: Compat change id reported: 311208629; UID 10058; state: ENABLED
04-14 13:14:16.930  1895  2364 I ActivityManager: Killing 19874:com.nearme.instant.platform/u0a130 (adj 955): empty #7
04-14 13:14:16.955  1895  3368 D ShortcutService: rescanPackageIfNeeded 0@com.google.android.apps.docs, forceRescan=false , isNewApp=false
04-14 13:14:16.974  1895  1895 I OplusStatusBarManagerServiceEnhance:  getTopIsFullscreen mTopIsFullscreen: true
04-14 13:14:16.979  1895  3368 I ActivityManager: Death received, pid = 19874, processName = com.nearme.instant.platform for thread android.os.BinderProxy@b628a64
04-14 13:14:17.027  1895  3471 D CompatChangeReporter: Compat change id reported: 297989574; UID 1000; state: ENABLED
04-14 13:14:17.038  1895  1895 I OplusStatusBarManagerServiceEnhance:  getTopIsFullscreen mTopIsFullscreen: true
04-14 13:14:17.040  1895  1895 V NotifAttentionHelper: Ringtone player is null.
04-14 13:14:17.045  1895  1895 W NotificationHistory: Attempted to add notif for locked/gone/disabled user 0
04-14 13:14:17.045  1895  1895 W Looper  : Slow dispatch took 127ms main h=com.android.server.notification.NotificationManagerService$WorkerHandler c=com.android.server.notification.NotificationManagerService$PostNotificationRunnable@fb2c1fc m=0
04-14 13:14:17.064 20222 20222 I Quality : ActivityThread: createClassLoader delay 435 /data/app/~~LecrvTr3V-kWYoRjIjOc5w==/com.coloros.phonemanager-UKpC5Bsn9pEInHBTgnXi8A==/base.apk 20222
04-14 13:14:17.112 20222 20222 I Quality : ActivityThread: createOrUpdateClassLoaderLocked delay 487 com.coloros.phonemanager 20222
04-14 13:14:17.120 20166 20166 I Quality : GetResourcesInfo:256241231,/system_ext/priv-app/TrafficMonitor/TrafficMonitor.apk
04-14 13:14:17.128 19956 19956 I Quality : ActivityThread: callApplicationOnCreate delay 1871 com.google.android.videos 19956
04-14 13:14:17.130  1895  3471 I ActivityManager: Flag disabled. Ignoring finishAttachApplication from uid: 10258. pid: 19956
04-14 13:14:17.166  1895  2793 W PackageManager: package com.google.android.apps.docs uid 10257 pid 20019 call SetEnabledSetting(com.google.android.apps.docs component = com.google.android.apps.docs.drive.clipboard.SendTextToClipboardActivity, 2, 0)
04-14 13:14:17.168 20019 20019 I Quality : ActivityThread: callApplicationOnCreate delay 681 com.google.android.apps.docs 20019
04-14 13:14:17.171  1895  3471 I ActivityManager: Killing 19902:com.oplus.pscanvas/u0a363 (adj 945): empty #7
04-14 13:14:17.174  1895  2902 I ActivityManager: Flag disabled. Ignoring finishAttachApplication from uid: 10257. pid: 20019
04-14 13:14:17.219  1895  2024 I ActivityManager: Death received, pid = 19902, processName = com.oplus.pscanvas for thread android.os.BinderProxy@33eb473
04-14 13:14:17.226  1895  1923 D DisplayManagerService: Drop pending events for gone uid 10363
04-14 13:14:17.236  1895  2514 W FlexibleWindowManagerService: canvas app died, wpc =ProcessRecord{57988 0:com.oplus.pscanvas/u0a363}
04-14 13:14:17.236  1895  2514 W FlexibleWindowManagerService: handle canvas app died Locked
04-14 13:14:17.240  1895  1895 D OplusSplitScreenManagerService: OplusSplitScreenManagerService onStateChanged mMinimized = false,mExitingMiniziedToHome=true
04-14 13:14:17.240  1895  1895 D OplusSplitScreenManagerService: onDockedStackMinimizedChanged: minimized = false mSplitLaunchState: NONE mPendingAppLaunchInfo =null
04-14 13:14:17.240  1895  1895 D OplusSplitScreenManagerService: OplusSplitScreenManagerService onStateChanged isInSplitScreenMode = false,mSplitRatio=0.5,mMinimized = false
04-14 13:14:17.245  2359  2569 D OneHandedController: onStateChanged: event = splitScreenModeChange , mState = 0 , isInSplitScreenMode = false
04-14 13:14:17.249  1895  2901 W PackageManager: package com.google.android.apps.docs uid 10257 pid 20019 call SetEnabledSetting(com.google.android.apps.docs component = com.google.android.apps.docs.common.sync.syncadapter.DocsSyncAdapterService, 0, 0)
04-14 13:14:17.251  1895  5040 W PackageManager: package com.google.android.apps.docs uid 10257 pid 20019 call SetEnabledSetting(com.google.android.apps.docs component = com.google.android.apps.docs.common.storagebackend.LegacyStorageBackendContentProvider, 0, 0)
04-14 13:14:17.258  1895  3368 W PackageManager: package com.google.android.apps.docs uid 10257 pid 20019 call SetEnabledSetting(com.google.android.apps.docs component = com.google.android.apps.docs.common.storagebackend.StorageBackendContentProvider, 0, 0)
04-14 13:14:17.259  1895  3368 W PackageManager: package com.google.android.apps.docs uid 10257 pid 20019 call SetEnabledSetting(com.google.android.apps.docs component = com.google.android.apps.docs.common.shareitem.UploadMenuActivity, 0, 0)
04-14 13:14:17.264  1895  2902 W PackageManager: package com.google.android.apps.docs uid 10257 pid 20019 call SetEnabledSetting(com.google.android.apps.docs component = com.google.android.apps.viewer.PdfViewerActivity, 0, 0)
04-14 13:14:17.265  1895  2902 W PackageManager: package com.google.android.apps.docs uid 10257 pid 20019 call SetEnabledSetting(com.google.android.apps.docs component = com.google.android.apps.viewer.ProjectorActivity, 0, 0)
04-14 13:14:17.267  1895  2902 W PackageManager: package com.google.android.apps.docs uid 10257 pid 20019 call SetEnabledSetting(com.google.android.apps.docs component = com.google.android.apps.docs.drive.filepicker.GetMetadataActivity, 0, 0)
04-14 13:14:17.269  1895  2902 W PackageManager: package com.google.android.apps.docs uid 10257 pid 20019 call SetEnabledSetting(com.google.android.apps.docs component = com.google.android.apps.docs.drive.capture.DocScannerActivity, 0, 0)
04-14 13:14:17.270  1895  2902 W PackageManager: package com.google.android.apps.docs uid 10257 pid 20019 call SetEnabledSetting(com.google.android.apps.docs component = com.google.android.apps.docs.shortcut.ScanToDriveActivity, 0, 0)
04-14 13:14:17.273  1895  2902 W PackageManager: package com.google.android.apps.docs uid 10257 pid 20019 call SetEnabledSetting(com.google.android.apps.docs component = com.google.android.apps.docs.androidshortcuts.ScanToDriveActivity, 0, 0)
04-14 13:14:17.277  1895  2902 W PackageManager: package com.google.android.apps.docs uid 10257 pid 20019 call SetEnabledSetting(com.google.android.apps.docs component = com.google.android.apps.docs.androidshortcuts.CreateShortcutActivity, 0, 0)
04-14 13:14:17.280  1895  2283 W PackageManager: package com.google.android.apps.docs uid 10257 pid 20019 call SetEnabledSetting(com.google.android.apps.docs component = com.google.android.apps.docs.androidshortcuts.CreateDocumentScanShortcutActivity, 0, 0)
04-14 13:14:17.340  1895  2283 W PackageManager: package com.google.android.apps.docs uid 10257 pid 20019 call SetEnabledSetting(com.google.android.apps.docs component = com.google.android.apps.docs.common.androidshortcuts.ScanToDriveActivity, 0, 0)
04-14 13:14:17.345  1895  2903 W PackageManager: package com.google.android.apps.docs uid 10257 pid 20019 call SetEnabledSetting(com.google.android.apps.docs component = com.google.android.apps.docs.common.androidshortcuts.CreateShortcutActivity, 0, 0)
04-14 13:14:17.349  1895  2364 W PackageManager: package com.google.android.apps.docs uid 10257 pid 20019 call SetEnabledSetting(com.google.android.apps.docs component = com.google.android.apps.docs.common.androidshortcuts.CreateDocumentScanShortcutActivity, 0, 0)
04-14 13:14:17.353  1895  2364 I ActivityManager: Flag disabled. Ignoring finishAttachApplication from uid: 1000. pid: 20166
04-14 13:14:17.353  1895  2902 W PackageManager: package com.google.android.apps.docs uid 10257 pid 20019 call SetEnabledSetting(com.google.android.apps.docs component = com.google.android.apps.docs.drive.widget.WidgetConfigureActivity, 0, 0)
04-14 13:14:17.357  1895  2364 W PackageManager: package com.google.android.apps.docs uid 10257 pid 20019 call SetEnabledSetting(com.google.android.apps.docs component = com.google.android.apps.docs.drive.widget.CakemixAppWidgetProvider, 0, 0)
04-14 13:14:17.364  1895  2283 W PackageManager: package com.google.android.apps.docs uid 10257 pid 20019 call SetEnabledSetting(com.google.android.apps.docs component = androidx.compose.ui.tooling.PreviewActivity, 1, 0)
04-14 13:14:17.367  1895  2283 W PackageManager: package com.google.android.apps.docs uid 10257 pid 20019 call SetEnabledSetting(com.google.android.apps.docs component = com.google.android.apps.docs.GlobalSearch, 1, 0)
04-14 13:14:17.368  1895  2902 W PackageManager: package com.google.android.apps.docs uid 10257 pid 20019 call SetEnabledSetting(com.google.android.apps.docs component = com.google.android.apps.docs.androidshortcuts.CreateDocumentScanShortcutActivity, 1, 0)
04-14 13:14:17.371  1895  2364 W PackageManager: package com.google.android.apps.docs uid 10257 pid 20019 call SetEnabledSetting(com.google.android.apps.docs component = com.google.android.apps.docs.androidshortcuts.CreateShortcutActivity, 1, 0)
04-14 13:14:17.374  1895  2364 W PackageManager: package com.google.android.apps.docs uid 10257 pid 20019 call SetEnabledSetting(com.google.android.apps.docs component = com.google.android.apps.docs.androidshortcuts.ScanToDriveActivity, 1, 0)
04-14 13:14:17.402  1895  3471 W PackageManager: package com.google.android.apps.docs uid 10257 pid 20019 call SetEnabledSetting(com.google.android.apps.docs component = com.google.android.apps.docs.app.DocumentOpenerActivityProxy, 1, 0)
04-14 13:14:17.404  1895  2903 W PackageManager: package com.google.android.apps.docs uid 10257 pid 20019 call SetEnabledSetting(com.google.android.apps.docs component = com.google.android.apps.docs.app.GetContentActivity, 1, 0)
04-14 13:14:17.406  1895  2364 W PackageManager: package com.google.android.apps.docs uid 10257 pid 20019 call SetEnabledSetting(com.google.android.apps.docs component = com.google.android.apps.docs.app.OpenSafUrlActivity, 1, 0)
04-14 13:14:17.409  1895  2793 W PackageManager: package com.google.android.apps.docs uid 10257 pid 20019 call SetEnabledSetting(com.google.android.apps.docs component = com.google.android.apps.docs.app.PaymentsActivity, 1, 0)
04-14 13:14:17.411  1895  2334 W PackageManager: package com.google.android.apps.docs uid 10257 pid 20019 call SetEnabledSetting(com.google.android.apps.docs component = com.google.android.apps.docs.app.PickActivity, 1, 0)
04-14 13:14:17.413  1895  2024 W PackageManager: package com.google.android.apps.docs uid 10257 pid 20019 call SetEnabledSetting(com.google.android.apps.docs component = com.google.android.apps.docs.common.androidshortcuts.CreateDocumentScanShortcutActivity, 1, 0)
04-14 13:14:17.445 20222 20222 I Quality : GetResourcesInfo:329673154,/data/app/~~LecrvTr3V-kWYoRjIjOc5w==/com.coloros.phonemanager-UKpC5Bsn9pEInHBTgnXi8A==/base.apk
04-14 13:14:17.450  1895  2334 W PackageManager: package com.google.android.apps.docs uid 10257 pid 20019 call SetEnabledSetting(com.google.android.apps.docs component = com.google.android.apps.docs.common.androidshortcuts.CreateShortcutActivity, 1, 0)
04-14 13:14:17.498  1895  2364 W PackageManager: package com.google.android.apps.docs uid 10257 pid 20019 call SetEnabledSetting(com.google.android.apps.docs component = com.google.android.apps.docs.common.androidshortcuts.ScanToDriveActivity, 1, 0)
04-14 13:14:17.509  1895  2364 W PackageManager: package com.google.android.apps.docs uid 10257 pid 20019 call SetEnabledSetting(com.google.android.apps.docs component = com.google.android.apps.docs.common.devtools.DeveloperToolsService, 1, 0)
04-14 13:14:17.509  1895  2902 I ActivityManager: Killing 19809:com.google.android.projection.gearhead:car/u0a93 (adj 935): empty #7
04-14 13:14:17.512  1895  2283 W PackageManager: package com.google.android.apps.docs uid 10257 pid 20019 call SetEnabledSetting(com.google.android.apps.docs component = com.google.android.apps.docs.common.entry.pick.PickEntryActivity, 1, 0)
04-14 13:14:17.535 20222 20222 D ResourcesManagerExtImpl: applyConfigurationToAppResourcesLocked app.getDisplayId() return callback.displayId:-1
04-14 13:14:17.537  1895  3368 I ActivityManager: Death received, pid = 19809, processName = com.google.android.projection.gearhead:car for thread android.os.BinderProxy@7012a87
04-14 13:14:17.537  1895  2903 W PackageManager: package com.google.android.apps.docs uid 10257 pid 20019 call SetEnabledSetting(com.google.android.apps.docs component = com.google.android.apps.docs.common.help.HelpMenuTrampolineActivity, 1, 0)
04-14 13:14:17.539  1895  2892 W PackageManager: package com.google.android.apps.docs uid 10257 pid 20019 call SetEnabledSetting(com.google.android.apps.docs component = com.google.android.apps.docs.common.openurl.DriveOpenUrlActivityAlias, 1, 0)
04-14 13:14:17.540  1895  2892 W PackageManager: package com.google.android.apps.docs uid 10257 pid 20019 call SetEnabledSetting(com.google.android.apps.docs component = com.google.android.apps.docs.common.openurl.KixOpenUrlActivityAlias, 1, 0)
04-14 13:14:17.548  1895  2902 W PackageManager: package com.google.android.apps.docs uid 10257 pid 20019 call SetEnabledSetting(com.google.android.apps.docs component = com.google.android.apps.docs.common.openurl.OpenUrlActivity, 1, 0)
04-14 13:14:17.549  1895  2027 W PackageManager: package com.google.android.apps.docs uid 10257 pid 20019 call SetEnabledSetting(com.google.android.apps.docs component = com.google.android.apps.docs.common.openurl.PunchOpenUrlActivityAlias, 1, 0)
04-14 13:14:17.550  1895  2027 W PackageManager: package com.google.android.apps.docs uid 10257 pid 20019 call SetEnabledSetting(com.google.android.apps.docs component = com.google.android.apps.docs.common.openurl.TrixOpenUrlActivityAlias, 1, 0)
04-14 13:14:17.553  1895  2027 W PackageManager: package com.google.android.apps.docs uid 10257 pid 20019 call SetEnabledSetting(com.google.android.apps.docs component = com.google.android.apps.docs.common.preferences.activity.PreferencesActivity, 1, 0)
04-14 13:14:17.554  1895  2027 W PackageManager: package com.google.android.apps.docs uid 10257 pid 20019 call SetEnabledSetting(com.google.android.apps.docs component = com.google.android.apps.docs.common.shareitem.UploadMenuActivity, 1, 0)
04-14 13:14:17.562  1895  3471 W PackageManager: package com.google.android.apps.docs uid 10257 pid 20019 call SetEnabledSetting(com.google.android.apps.docs component = com.google.android.apps.docs.common.storagebackend.LegacyStorageBackendContentProvider, 1, 0)
04-14 13:14:17.562  1895  1923 D DisplayManagerService: Drop pending events for gone uid 10093
04-14 13:14:17.576  1895  2334 W PackageManager: package com.google.android.apps.docs uid 10257 pid 20019 call SetEnabledSetting(com.google.android.apps.docs component = com.google.android.apps.docs.common.sync.filemanager.FileProvider, 1, 0)
04-14 13:14:17.584  1895  2892 W PackageManager: package com.google.android.apps.docs uid 10257 pid 20019 call SetEnabledSetting(com.google.android.apps.docs component = com.google.android.apps.docs.common.testing.TestAppCompatActivity, 1, 0)
04-14 13:14:17.597  1895  2334 W PackageManager: package com.google.android.apps.docs uid 10257 pid 20019 call SetEnabledSetting(com.google.android.apps.docs component = com.google.android.apps.docs.doclist.documentopener.DocumentOpenerActivity, 1, 0)
04-14 13:14:17.598  1895  2334 W PackageManager: package com.google.android.apps.docs uid 10257 pid 20019 call SetEnabledSetting(com.google.android.apps.docs component = com.google.android.apps.docs.doclist.documentopener.DocumentOpenerActivityDelegate, 1, 0)
04-14 13:14:17.599  1895  2334 W PackageManager: package com.google.android.apps.docs uid 10257 pid 20019 call SetEnabledSetting(com.google.android.apps.docs component = com.google.android.apps.docs.doclist.statesyncer.CrossAppStateProvider, 1, 0)
04-14 13:14:17.600  1895  5040 I ActivityManager: Death received, pid = 20166, processName = com.oplus.trafficmonitor:network_control for thread android.os.BinderProxy@fe07e8b
04-14 13:14:17.604  1895  2024 W PackageManager: package com.google.android.apps.docs uid 10257 pid 20019 call SetEnabledSetting(com.google.android.apps.docs component = com.google.android.apps.docs.drive.capture.DocScannerExportedActivity, 1, 0)
04-14 13:14:17.607  1895  2024 W PackageManager: package com.google.android.apps.docs uid 10257 pid 20019 call SetEnabledSetting(com.google.android.apps.docs component = com.google.android.apps.docs.drive.filepicker.GetMetadataActivity, 1, 0)
04-14 13:14:17.631  1895  2514 I ActivityManager: Process com.oplus.trafficmonitor:network_control (pid 20166) has died: cch+5 CEM 
04-14 13:14:17.638  1895  2901 W PackageManager: package com.google.android.apps.docs uid 10257 pid 20019 call SetEnabledSetting(com.google.android.apps.docs component = com.google.android.apps.docs.drive.openurl.OpenUrlActivity, 1, 0)
04-14 13:14:17.657 20162 20162 I Quality : ActivityThread: makeApplication delay 1119 com.google.android.gms 20162
04-14 13:14:17.684  1895  2892 I AppProfilerExtImpl: delay mem upgrade factor change for AS 4248
04-14 13:14:17.685  1895  2901 W PackageManager: package com.google.android.apps.docs uid 10257 pid 20019 call SetEnabledSetting(com.google.android.apps.docs component = com.google.android.apps.docs.drive.widget.CakemixAppWidgetProvider, 1, 0)
04-14 13:14:17.705  1895  2364 W PackageManager: package com.google.android.apps.docs uid 10257 pid 20019 call SetEnabledSetting(com.google.android.apps.docs component = com.google.android.apps.docs.drive.widget.WidgetConfigureActivity, 1, 0)
04-14 13:14:17.712  1895  2364 W PackageManager: package com.google.android.apps.docs uid 10257 pid 20019 call SetEnabledSetting(com.google.android.apps.docs component = com.google.android.apps.docs.drive.widget.suggestion.SuggestionAppWidgetProvider, 1, 0)
04-14 13:14:17.713  1895  2364 W PackageManager: package com.google.android.apps.docs uid 10257 pid 20019 call SetEnabledSetting(com.google.android.apps.docs component = com.google.android.apps.docs.shortcut.ScanToDriveActivity, 1, 0)
04-14 13:14:17.718  1895  2364 W PackageManager: package com.google.android.apps.docs uid 10257 pid 20019 call SetEnabledSetting(com.google.android.apps.docs component = com.google.android.apps.viewer.PdfViewerActivity, 1, 0)
04-14 13:14:17.722  1895  5040 W PackageManager: package com.google.android.apps.docs uid 10257 pid 20019 call SetEnabledSetting(com.google.android.apps.docs component = com.google.android.apps.viewer.ProjectorActivity, 1, 0)
04-14 13:14:17.726  1895  5040 W PackageManager: package com.google.android.apps.docs uid 10257 pid 20019 call SetEnabledSetting(com.google.android.apps.docs component = com.google.android.apps.viewer.client.ProjectorClientService, 1, 0)
04-14 13:14:17.728  1895  2364 W PackageManager: package com.google.android.apps.docs uid 10257 pid 20019 call SetEnabledSetting(com.google.android.apps.docs component = com.google.android.apps.viewer.viewer.pdf.ink.InkActivity, 1, 0)
04-14 13:14:17.730  1895  2364 W PackageManager: package com.google.android.apps.docs uid 10257 pid 20019 call SetEnabledSetting(com.google.android.apps.docs component = com.google.android.libraries.social.licenses.LicenseMenuActivity, 1, 0)
04-14 13:14:17.734  1895  2364 W PackageManager: package com.google.android.apps.docs uid 10257 pid 20019 call SetEnabledSetting(com.google.android.apps.docs component = net.openid.appauth.RedirectUriReceiverActivity, 1, 0)
04-14 13:14:17.735  1895  2364 W PackageManager: package com.google.android.apps.docs uid 10257 pid 20019 call SetEnabledSetting(com.google.android.apps.docs component = com.google.android.apps.docs.drive.androiddesktop.DesktopOpenDocsSafUriActivity, 2, 0)
04-14 13:14:17.738  1895  2364 W PackageManager: package com.google.android.apps.docs uid 10257 pid 20019 call SetEnabledSetting(com.google.android.apps.docs component = com.google.android.apps.docs.drive.androiddesktop.DesktopOpenSafUriActivity, 2, 0)
04-14 13:14:17.741  1895  2364 W PackageManager: package com.google.android.apps.docs uid 10257 pid 20019 call SetEnabledSetting(com.google.android.apps.docs component = com.google.android.apps.docs.drive.androiddesktop.DesktopOpenSheetsSafUriActivity, 2, 0)
04-14 13:14:17.742  1895  5040 W PackageManager: package com.google.android.apps.docs uid 10257 pid 20019 call SetEnabledSetting(com.google.android.apps.docs component = com.google.android.apps.docs.drive.androiddesktop.DesktopOpenSlidesSafUriActivity, 2, 0)
04-14 13:14:17.742  1895  5040 W PackageManager: package com.google.android.apps.docs uid 10257 pid 20019 call SetEnabledSetting(com.google.android.apps.docs component = com.google.android.apps.docs.drive.twa.ApplicationPreferencesAlias, 2, 0)
04-14 13:14:17.744  1895  5040 W PackageManager: package com.google.android.apps.docs uid 10257 pid 20019 call SetEnabledSetting(com.google.android.apps.docs component = com.google.androidbrowserhelper.trusted.DelegationService, 2, 0)
04-14 13:14:17.745  1895  2364 W PackageManager: package com.google.android.apps.docs uid 10257 pid 20019 call SetEnabledSetting(com.google.android.apps.docs component = com.google.androidbrowserhelper.trusted.LauncherActivityAlias, 2, 0)
04-14 13:14:17.764  1895  5040 I AppProfilerExtImpl: delay mem downgrade factor change for AS 4168
04-14 13:14:17.768  1895  2364 W PackageManager: package com.google.android.apps.docs uid 10257 pid 20019 call SetEnabledSetting(com.google.android.apps.docs component = com.google.android.apps.docs.common.openurl.TrixOpenUrlActivityAlias, 2, 0)
04-14 13:14:17.776  1895  2027 W PackageManager: package com.google.android.apps.docs uid 10257 pid 20019 call SetEnabledSetting(com.google.android.apps.docs component = com.google.android.apps.docs.app.NewMainProxyActivity, 1, 0)
04-14 13:14:17.780  1895  2024 W PackageManager: package com.google.android.apps.docs uid 10257 pid 20019 call SetEnabledSetting(com.google.android.apps.docs component = com.google.android.apps.docs.app.DesktopMainProxyActivity, 2, 0)
04-14 13:14:17.841  1895  1895 D OplusSplitScreenManagerService: MSG_EXIT_SPLIT_MINIZIED_OVER  mExitingMiniziedToHome = false
04-14 13:14:17.903  1895  1933 D AppProfilerExtImpl: Skipped pss collection for CPU busy
04-14 13:14:17.934  1895  5040 I ActivityManager: Flag disabled. Ignoring finishAttachApplication from uid: 10104. pid: 20162
04-14 13:14:17.941 20222 20222 I Quality : ActivityThread: makeApplication delay 412 com.coloros.phonemanager 20222
04-14 13:14:17.981 20162 20162 D ResourcesManagerExtImpl: applyConfigurationToAppResourcesLocked app.getDisplayId() return callback.displayId:0
