--------- beginning of crash
04-12 01:37:47.718  1024  1024 I liboemcrypto: mtk-brm-commit-id:7ddb9ca1c55d015d9a7246c528352e15a21a24c6
04-12 01:37:47.718  1024  1024 I liboemcrypto: mtk-brm-change-id:I0e7409828a111ed2f14f3efbd155a48bebf5510c
04-12 01:37:47.718  1024  1024 I liboemcrypto: mtk-brm-merge-id:none
04-12 02:52:33.508 30084 30084 I libneuralnetworks_sl_driver: mtk-brm-commit-id:d8ba63aa84fd71ce61d80f472a5e4892c620c130
04-12 02:52:33.508 30084 30084 I libneuralnetworks_sl_driver: mtk-brm-change-id:Ib70af6811ba8559a9faeaa069247b312de8c1a3d
04-12 02:52:33.508 30084 30084 I libneuralnetworks_sl_driver: mtk-brm-merge-id:none
04-12 02:52:33.518 30084 30084 I neuralnetworks_shim: mtk-brm-commit-id:b8002b85a0614adb26fcb0a6db50b59fdf08feb0
04-12 02:52:33.518 30084 30084 I neuralnetworks_shim: mtk-brm-change-id:Ie925306a63a8c4f1324caf069ee471cd742ccfc4
04-12 02:52:33.518 30084 30084 I neuralnetworks_shim: mtk-brm-merge-id:none
04-14 11:58:50.457  1363 13339 I meow_lib: mtk-brm-commit-id:fd5bcd7aeba2f3e34241290c2e25c82f0c4e988d
04-14 11:58:50.457  1363 13339 I meow_lib: mtk-brm-change-id:Ib6376eb9f04a5b0fd3b34c055af103b87c7c80ac
04-14 11:58:50.457  1363 13339 I meow_lib: mtk-brm-merge-id:none
04-14 11:58:50.890  1363 13339 I libMEOW_gift: mtk-brm-commit-id:b59bc59925939e58e917d73bb70589903975f54a
04-14 11:58:50.890  1363 13339 I libMEOW_gift: mtk-brm-change-id:I094ebd0dbb735cad04d8464f33f48954f3e5909d
04-14 11:58:50.890  1363 13339 I libMEOW_gift: mtk-brm-merge-id:none
--------- beginning of system
04-14 13:14:06.835  1895  5040 W AppOpService: Ignored setUidMode call for runtime permission app op: uid = 10220, code = READ_CELL_BROADCASTS, mode = allow, callingUid = 1001, oldMode = allow
04-14 13:14:06.836  1895  1923 D DisplayManagerService: Drop pending events for gone uid 10132
04-14 13:14:06.856  1895  2514 I ActivityManager: Process com.coloros.phonemanager (pid 19064) has died: cch+35 CEM 
04-14 13:14:06.866  1895  2024 W AppOpService: Ignored setUidMode call for runtime permission app op: uid = 1001, code = READ_SMS, mode = allow, callingUid = 1001, oldMode = allow
04-14 13:14:06.868  1895  2024 W AppOpService: Ignored setUidMode call for runtime permission app op: uid = 1001, code = RECEIVE_SMS, mode = allow, callingUid = 1001, oldMode = allow
04-14 13:14:06.869  1895  2024 W AppOpService: Ignored setUidMode call for runtime permission app op: uid = 1001, code = RECEIVE_WAP_PUSH, mode = allow, callingUid = 1001, oldMode = allow
04-14 13:14:06.870  1895  2024 W AppOpService: Ignored setUidMode call for runtime permission app op: uid = 1001, code = SEND_SMS, mode = allow, callingUid = 1001, oldMode = allow
04-14 13:14:06.870  1895  2024 W AppOpService: Ignored setUidMode call for runtime permission app op: uid = 1001, code = READ_CELL_BROADCASTS, mode = allow, callingUid = 1001, oldMode = allow
04-14 13:14:06.881  1895  1941 W ActivityManager: Slow operation: 68ms so far, now at startProcess: returned from zygote!
04-14 13:14:06.915  1895  1923 D DisplayManagerService: Drop pending events for gone uid 10116
04-14 13:14:06.926  1895  1941 W ActivityManager: Slow operation: 113ms so far, now at startProcess: done updating battery stats
04-14 13:14:06.926  1895  1941 W ActivityManager: Slow operation: 113ms so far, now at startProcess: building log message
04-14 13:14:06.926  1895  1941 I ActivityManager: Start proc 19421:com.google.android.apps.maps/u0a145 for broadcast {com.google.android.apps.maps/com.google.android.libraries.social.peoplekit.thirdparty.viewcontrollers.ThirdPartyReceiver}
04-14 13:14:06.926  1895  1941 W ActivityManager: Slow operation: 113ms so far, now at startProcess: starting to update pids map
04-14 13:14:06.926  1895  1941 W ActivityManager: Slow operation: 113ms so far, now at startProcess: done updating pids map
04-14 13:14:07.003  4793  4793 I Quality : SlowSqliteOp:execute,/data/user/0/com.google.android.gms/databases/config.db,false,true,21
04-14 13:14:07.053 19276 19276 D ResourcesManagerExtImpl: applyConfigurationToAppResourcesLocked app.getDisplayId() return callback.displayId:-1
04-14 13:14:07.154  1895  2925 D ActivityTaskManagerServiceExtImpl: preBindApplication record is null
04-14 13:14:07.148  9686  9738 W ContextImpl: Calling a method in the system process without a qualified user: android.app.ContextImpl.startService:1958 android.content.ContextWrapper.startService:837 com.heytap.mcs.receiver.McsReceiver.d:8 com.heytap.mcs.receiver.McsReceiver.a:1 com.heytap.mcs.receiver.McsReceiver$a.run:42 
04-14 13:14:07.205  1895  5045 D CompatChangeReporter: Compat change id reported: 311208629; UID 1000; state: ENABLED
04-14 13:14:07.243  1895  1941 I ActivityManager: Start proc 19442:com.google.android.apps.nbu.files/u0a211 for broadcast {com.google.android.apps.nbu.files/com.google.android.apps.nbu.files.documentbrowser.browselanding.rootcontainerlist.receiver.PackageChangeReceiver_Receiver}
04-14 13:14:07.302 19387 19387 I Quality : ActivityThread: createClassLoader delay 446 /data/app/~~fV73OAcM-lz0E1p81oJ4lg==/com.android.chrome-cthl_HxrCw3Ld48ZTclS_Q==/base.apk 19387
04-14 13:14:07.333 19348 19348 I Quality : SlowSqliteOp:open,/data/user_de/0/com.oplus.notificationmanager/databases/notification_channel.db,false,false,159
04-14 13:14:07.337  1895  2363 D ActivityTaskManagerServiceExtImpl: preBindApplication record is null
04-14 13:14:07.368 19348 19348 I Quality : SlowSqliteOp:executeForString,/data/user_de/0/com.oplus.notificationmanager/databases/notification_channel.db,false,false,33
04-14 13:14:07.390 19348 19348 I Quality : SlowSqliteOp:executeForString,/data/user_de/0/com.oplus.notificationmanager/databases/notification_channel.db,false,false,22
04-14 13:14:07.391  1895  2363 D CompatChangeReporter: Compat change id reported: 151861875; UID 10056; state: ENABLED
04-14 13:14:07.394  1895  2363 I ActivityManager: com.android.providers.contacts is exempt from freezer
04-14 13:14:07.489  1895  1941 W ActivityManager: Slow operation: 96ms so far, now at startProcess: done updating battery stats
04-14 13:14:07.490  1895  1941 W ActivityManager: Slow operation: 97ms so far, now at startProcess: building log message
04-14 13:14:07.490  1895  1941 I ActivityManager: Start proc 19460:android.process.acore/u0a56 for content provider {com.android.providers.contacts/com.android.providers.contacts.ContactsProvider2}
04-14 13:14:07.490  1895  1941 W ActivityManager: Slow operation: 97ms so far, now at startProcess: starting to update pids map
04-14 13:14:07.490  1895  1941 W ActivityManager: Slow operation: 97ms so far, now at startProcess: done updating pids map
04-14 13:14:07.554  1895  4988 W PackageManager: package com.azuratech.azuratime uid 10467 pid 19276 call SetEnabledSetting(com.azuratech.azuratime component = androidx.work.impl.background.systemjob.SystemJobService, 1, 0)
04-14 13:14:07.654  1895  4988 I ActivityManager: Flag disabled. Ignoring finishAttachApplication from uid: 10467. pid: 19276
04-14 13:14:07.719 19387 19387 D ResourcesManagerExtImpl: applyConfigurationToAppResourcesLocked app.getDisplayId() return callback.displayId:-1
04-14 13:14:07.731  1895  5045 W ActivityManager: Slow operation: 52ms so far, now at attachApplicationLocked: before bindApplication
04-14 13:14:07.732  1895  5045 W ActivityManager: Slow operation: 53ms so far, now at attachApplicationLocked: immediately before bindApplication
04-14 13:14:07.733  1895  5045 D ActivityTaskManagerServiceExtImpl: preBindApplication record is null
04-14 13:14:07.741  1895  5045 W ActivityManager: Slow operation: 62ms so far, now at attachApplicationLocked: immediately after bindApplication
04-14 13:14:07.741  1895  5045 W ActivityManager: Slow operation: 62ms so far, now at attachApplicationLocked: after updateLruProcessLocked
04-14 13:14:07.745  1895  5045 W ActivityManager: Slow operation: 66ms so far, now at attachApplicationLocked: after updateOomAdjLocked
04-14 13:14:07.783 19276 19276 D ResourcesManagerExtImpl: applyConfigurationToAppResourcesLocked app.getDisplayId() return callback.displayId:0
04-14 13:14:07.788  1895  3368 I ActivityManager: Flag disabled. Ignoring finishAttachApplication from uid: 1000. pid: 19348
04-14 13:14:07.836  1895  1933 D AppProfilerExtImpl: Skipped pss collection for CPU busy
04-14 13:14:07.902  1895  5158 D UsageStatsService: User[0] type=0 b=1776147114146 e=1776147247900 cb=1776066754778 ce=1776147247805 disk=0 all=15
04-14 13:14:08.148  1895  2892 I OplusDevicePolicyManagerService: registerOplusDevicePolicyObserver pid 19348 uid 1000
04-14 13:14:08.187  1895  3635 W ActivityManager: Unable to start service Intent { act=deepthinker.intent.action.BIND_INTERFACE_SERVER pkg=com.oplus.deepthinker mCallingUid=1000 } U=0: not found
04-14 13:14:08.192  1895  3635 D OplusBatteryServiceFeature: setSmartCoolDown: coolDown = 3, normalCoolDown = 3, pkgName = com.azuratech.azuratime
04-14 13:14:08.201  1895  2363 D VRR [OPlusRefreshRateService]:  setFrameRateTargetControl [ 0.0 , com.azuratech.azuratime , false , com.oplus.battery ]
04-14 13:14:08.201  1895  2363 D VRR [OPlusExternalRefreshRateManager]:  [FRTC] FrameRate : 0 com.azuratech.azuratime false com.oplus.battery 0 1000
04-14 13:14:08.216 19442 19442 I Quality : ActivityThread: createClassLoader delay 602 /data/app/~~dYVsZ-wFyx9AoDAIvBSy2Q==/com.google.android.apps.nbu.files-tRhC-bgiIlqgi8qtJJkEJg==/base.apk:/data/app/~~dYVsZ-wFyx9AoDAIvBSy2Q==/com.google.android.apps.nbu.files-tRhC-bgiIlqgi8qtJJkEJg==/split_config.arm64_v8a.apk:/data/app/~~dYVsZ-wFyx9AoDAIvBSy2Q==/com.google.android.apps.nbu.files-tRhC-bgiIlqgi8qtJJkEJg==/split_config.in.apk:/data/app/~~dYVsZ-wFyx9AoDAIvBSy2Q==/com.google.android.apps.nbu.files-tRhC-bgiIlqgi8qtJJkEJg==/split_config.xhdpi.apk 19442
04-14 13:14:08.216  1895  2892 D OplusDisplayManagerServiceEnhance: OplusDisplayManagerServiceEnhance setSpecBrightness gear = 0 reason = com.azuratech.azuratime@temperature@40@force rate = -1
04-14 13:14:08.217  1895  1968 I OplusSmartBrightnessController: handleMessage MSG_TEMPERATURE_LIMIT_BRIGHTNESS_CHANGED.
04-14 13:14:08.217  1895  1968 D OplusFeatureTemperatureLimitBrightness: new parameter!ControlInfo:[ gear = 0 reason = com.azuratech.azuratime@temperature@40@force brightness = 4095 package = com.azuratech.azuratime type = temperature temperature = 40 priority = force rate = -1] HadDragPoint = false mode = 0
04-14 13:14:08.218  1895  1968 D OplusFeatureTemperatureLimitBrightness: isResetUpdate = false isNormalUpdate = true isSafetyRegulationsForceUpdate = false mLastBrightnessLimit = 3428
04-14 13:14:08.218  1895  1968 D OplusFeatureTemperatureLimitBrightness: mBrightnessLimit = 4095; mCurTemperature = 40
04-14 13:14:08.218  1895  1965 D ColorAutomaticBrightnessController: MSG_UPDATE_BRIGHTNESS
04-14 13:14:08.252  1895  1895 D MBrainLocalService: isVendorFreezeConditionPass is false
04-14 13:14:08.252  1895  1895 D MBrainLocalService: notifyNetworkChange failed
04-14 13:14:08.283 19421 19421 I Quality : ActivityThread: createClassLoader delay 1033 /data/app/~~yR5_th7CazlLDx0ECQsI5g==/com.google.android.apps.maps-aIYL3ccQo7pMfPf2W_Kn5w==/base.apk:/data/app/~~yR5_th7CazlLDx0ECQsI5g==/com.google.android.apps.maps-aIYL3ccQo7pMfPf2W_Kn5w==/split_config.arm64_v8a.apk:/data/app/~~yR5_th7CazlLDx0ECQsI5g==/com.google.android.apps.maps-aIYL3ccQo7pMfPf2W_Kn5w==/split_config.in.apk:/data/app/~~yR5_th7CazlLDx0ECQsI5g==/com.google.android.apps.maps-aIYL3ccQo7pMfPf2W_Kn5w==/split_config.xhdpi.apk 19421
04-14 13:14:08.289 19460 19460 I Quality : ActivityThread: createOrUpdateClassLoaderLocked delay 469 android.process.acore 19460
04-14 13:14:08.295 19442 19442 I Quality : ActivityThread: createOrUpdateClassLoaderLocked delay 739 com.google.android.apps.nbu.files 19442
04-14 13:14:08.339 19421 19421 I Quality : ActivityThread: createOrUpdateClassLoaderLocked delay 1094 com.google.android.apps.maps 19421
04-14 13:14:08.366 19460 19460 D ResourcesManagerExtImpl: applyConfigurationToAppResourcesLocked app.getDisplayId() return callback.displayId:-1
04-14 13:14:08.410 19442 19442 I Quality : GetResourcesInfo:72987923,/data/app/~~dYVsZ-wFyx9AoDAIvBSy2Q==/com.google.android.apps.nbu.files-tRhC-bgiIlqgi8qtJJkEJg==/base.apk
04-14 13:14:08.415 19276 19276 I Quality : ActivityThread: activityStart delay 758 com.azuratech.azuratime 19276
04-14 13:14:08.457 19276 19276 D ActivityThread: ComponentInfo{com.azuratech.azuratime/com.azuratech.azuratime.MainActivity} checkFinished=false 2
04-14 13:14:08.457 19387 19387 I Quality : ActivityThread: callApplicationOnCreate delay 319 com.android.chrome 19387
04-14 13:14:08.457 19276 19276 D ResourcesManagerExtImpl: applyConfigurationToAppResourcesLocked app.getDisplayId() return callback.displayId:0
04-14 13:14:08.463  1895  2363 I ActivityManager: Flag disabled. Ignoring finishAttachApplication from uid: 10134. pid: 19387
04-14 13:14:08.489 19276 19276 D OplusInputMethodUtil: init sDebug to false, init sDebugIme to false, init sAlwaysOn to false
04-14 13:14:08.495 19276 19276 D OplusInputMethodUtil: updateDebugToClass InputMethodManager.DEBUG = false
04-14 13:14:08.496 19276 19276 D OplusInputMethodUtil: updateDebugToClass ImeFocusController.DEBUG = false
04-14 13:14:08.496 19276 19276 D OplusInputMethodUtil: updateDebugToClass InsetsController.DEBUG = false
04-14 13:14:08.498 19421 19421 I Quality : GetResourcesInfo:158532000,/data/app/~~yR5_th7CazlLDx0ECQsI5g==/com.google.android.apps.maps-aIYL3ccQo7pMfPf2W_Kn5w==/base.apk
04-14 13:14:08.503 19276 19276 D OplusInputMethodUtil: updateDebugToClass BaseInputConnection.DEBUG = false
04-14 13:14:08.536 19287 19287 I Quality : ActivityThread: makeApplication delay 2751 com.heytap.market 19287
04-14 13:14:08.568 19442 19442 D ResourcesManagerExtImpl: applyConfigurationToAppResourcesLocked app.getDisplayId() return callback.displayId:-1
04-14 13:14:08.583  1895  1941 I ActivityManager: Start proc 19542:com.google.android.apps.photos/u0a237 for broadcast {com.google.android.apps.photos/com.google.android.apps.photos.settings.connectedapps.AppUninstallBroadcastReceiver}
04-14 13:14:08.630  1895  1996 I AppsFilter: interaction: PackageSetting{4fd9ba5 com.azura.parent/10131} -> PackageSetting{3b5802 com.azuratech.azuratime/10467} BLOCKED
04-14 13:14:08.639  1895  1996 I AppsFilter: interaction: PackageSetting{7ec2f2b com.android.microdroid.empty_payload/10300} -> PackageSetting{3b5802 com.azuratech.azuratime/10467} BLOCKED
04-14 13:14:08.639  1895  1996 I AppsFilter: interaction: PackageSetting{c315f88 com.oplus.locationproxy/10153} -> PackageSetting{3b5802 com.azuratech.azuratime/10467} BLOCKED
04-14 13:14:08.639  1895  1996 I AppsFilter: interaction: PackageSetting{7514d21 com.android.certinstaller/10185} -> PackageSetting{3b5802 com.azuratech.azuratime/10467} BLOCKED
04-14 13:14:08.639  1895  1996 I AppsFilter: interaction: PackageSetting{d7c9307 com.oplus.location/10193} -> PackageSetting{3b5802 com.azuratech.azuratime/10467} BLOCKED
04-14 13:14:08.640  1895  1996 I AppsFilter: interaction: PackageSetting{140ec34 com.android.fmradio/10212} -> PackageSetting{3b5802 com.azuratech.azuratime/10467} BLOCKED
04-14 13:14:08.658 19421 19421 D ResourcesManagerExtImpl: applyConfigurationToAppResourcesLocked app.getDisplayId() return callback.displayId:-1
04-14 13:14:08.730 19460 19460 I Quality : ActivityThread: makeApplication delay 368 android.process.acore 19460
04-14 13:14:08.778  1895  3471 D ActivityTaskManagerServiceExtImpl: preBindApplication record is null
04-14 13:14:08.855 19460 19460 D OplusInputMethodUtil: init sDebug to false, init sDebugIme to false, init sAlwaysOn to false
04-14 13:14:08.855 19460 19460 D OplusInputMethodUtil: updateDebugToClass InputMethodManager.DEBUG = false
04-14 13:14:08.855 19460 19460 D OplusInputMethodUtil: updateDebugToClass ImeFocusController.DEBUG = false
04-14 13:14:08.856 19460 19460 D OplusInputMethodUtil: updateDebugToClass InsetsController.DEBUG = false
04-14 13:14:08.856 19460 19460 D OplusInputMethodUtil: updateDebugToClass BaseInputConnection.DEBUG = false
04-14 13:14:08.872  1895  2027 W PackageManager: package com.heytap.market uid 10213 pid 19287 call SetEnabledSetting(com.heytap.market component = androidx.work.impl.background.systemjob.SystemJobService, 1, 0)
04-14 13:14:08.877  1895  2892 D UsageStatsService: User[0] type=0 b=1776147192940 e=1776147248781 cb=1776066754778 ce=1776147247805 disk=0 all=12
04-14 13:14:08.900  1895  1937 W UserAwareMgr: process owner is not matched: 10, threadName: RenderThread, pid: 19276,tid=19486,owner=fg1
04-14 13:14:08.932  1895  1937 I UserAwareMgr: event is already released: SceneEvent{id=5017, maxWorkDurationMs=1500, caller='[android]', eventFlags=0, fbPriority=1, keyThreads=[KeyThread{name=InsetsAnimation, owner=self, schedPolicy=ux, priority=ANIMATOR}, KeyThread{name=UIThread, owner=self, schedPolicy=ux, priority=ANIMATOR}, KeyThread{name=main, owner=self, schedPolicy=ux, priority=ANIMATOR}], vipBinderGroup=null}, callingPid: 1895, appPid: 0
04-14 13:14:08.944  1895  4988 I WindowManager: addWindow: New client android.os.BinderProxy@4340686 : window=Window{5c7cb47 u0 com.azuratech.azuratime/com.azuratech.azuratime.MainActivity}
04-14 13:14:08.953  1895  1926 I TaskOrganizerController: onTaskInfoChanged taskid 1 config { mBounds=Rect(0, 0 - 720, 1612) mAppBounds=Rect(0, 0 - 720, 1612) mMaxBounds=Rect(0, 0 - 720, 1612) mDisplayRotation=ROTATION_0 mWindowingMode=fullscreen mActivityType=home mAlwaysOnTop=undefined mRotation=ROTATION_0}
04-14 13:14:08.955  1895  1926 D OplusFlexibleWindowMinimizedManagerHelper: onTaskInfoChanged taskInfo:TaskInfo{userId=0 taskId=1 displayId=0 isRunning=true baseIntent=Intent { act=android.intent.action.MAIN cat=[android.intent.category.HOME] flg=0x34000000 cmp=com.android.launcher/.Launcher mCallingUid=10179 } baseActivity=ComponentInfo{com.android.launcher/com.android.launcher.Launcher} topActivity=ComponentInfo{com.android.launcher/com.android.launcher.Launcher} origActivity=null realActivity=null numActivities=1 lastActiveTime=40154 supportsSplitScreenMultiWindow=false supportsMultiWindow=true supportsPocketStudioMultiWindow=false isInFlexibleEmbedded = false uid = 10179 pid = 2733 resizeMode=2 isResizeable=true minWidth=-1 minHeight=-1 defaultMinSize=220 token=WCT{RemoteToken{4798947 Task{8c3b69b #1 type=home}}} topActivityType=2 pictureInPictureParams=null shouldDockBigOverlays=false launchIntoPipHostTaskId=-1 lastParentTaskIdBeforePip=-1 displayCutoutSafeInsets=Rect(0, 64 - 0, 0) topActivityInfo=ActivityInfo{9c18535 com.android.launcher.Launcher} launchCookies=[] positionInParent=Point(0, 0) parentTaskId=-1 isFocused=false isVisible=false isVisibleRequested=false isSleeping=false locusId=LocusId[17_chars] displayAreaFeatureId=1 isTopActivityTransparent=false appCompatTaskInfo=AppCompatTaskInfo { topActivityInSizeCompat=false topActivityInOplusCompatMode=false topActivityEligibleForLetterboxEducation= falseisLetterboxEducationEnabled= false isLetterboxDoubleTapEnabled= false topActivityEligibleForUserAspectRatioButton= false topActivityBoundsLetterboxed= false isFromLetterboxDoubleTap= false topActivityLetterboxVerticalPosition= -1 topActivityLetterboxHorizontalPosition= -1 topActivityLetterboxWidth=720 topActivityLetterboxHeight=1612 isUserFullscreenOverrideEnabled=false isSystemFullscreenOverrideEnabled=false cameraCompatTaskInfo=CameraCompatTaskInfo { cameraCompatControlState=hidden freeformCameraCompatMode=inactive}} topActivityLetterboxInsets=Rect(0, 0 - 0, 0) mOplusExtraBundle = Bundle[{androidx.flexible.taskFrame=Rect(0, 0 - 0, 0), key_flexible_task_state=0, androidx.activity.LaunchScenario=0, androidx.activity.LaunchScale=1.0}]} task:Task{8c3b69b #1 type=home}
04-14 13:14:08.955  1895  1926 D OplusFlexibleDragToSplitAnimController: visibleFlexibleTaskInfos delete:1
04-14 13:14:08.956  1895  1926 I TaskOrganizerController: onTaskInfoChanged taskid 28757 config { mBounds=Rect(0, 0 - 720, 1612) mAppBounds=Rect(0, 0 - 720, 1612) mMaxBounds=Rect(0, 0 - 720, 1612) mDisplayRotation=ROTATION_0 mWindowingMode=fullscreen mActivityType=standard mAlwaysOnTop=undefined mRotation=ROTATION_0}
04-14 13:14:08.956  1895  1926 D OplusFlexibleWindowMinimizedManagerHelper: onTaskInfoChanged taskInfo:TaskInfo{userId=0 taskId=28757 displayId=0 isRunning=true baseIntent=Intent { act=android.intent.action.MAIN cat=[android.intent.category.LAUNCHER] flg=0x10200000 cmp=com.azuratech.azuratime/.MainActivity mCallingUid=10179 } baseActivity=ComponentInfo{com.azuratech.azuratime/com.azuratech.azuratime.MainActivity} topActivity=ComponentInfo{com.azuratech.azuratime/com.azuratech.azuratime.MainActivity} origActivity=null realActivity=ComponentInfo{com.azuratech.azuratime/com.azuratech.azuratime.MainActivity} numActivities=1 lastActiveTime=223179906 supportsSplitScreenMultiWindow=true supportsMultiWindow=true supportsPocketStudioMultiWindow=true isInFlexibleEmbedded = false uid = 10467 pid = 19276 resizeMode=1 isResizeable=true minWidth=-1 minHeight=-1 defaultMinSize=220 token=WCT{RemoteToken{1c849b4 Task{3430127 #28757 type=standard A=10467:com.azuratech.azuratime}}} topActivityType=1 pictureInPictureParams=null shouldDockBigOverlays=false launchIntoPipHostTaskId=-1 lastParentTaskIdBeforePip=-1 displayCutoutSafeInsets=null topActivityInfo=ActivityInfo{8557811 com.azuratech.azuratime.MainActivity} launchCookies=[] positionInParent=Point(0, 0) parentTaskId=-1 isFocused=true isVisible=true isVisibleRequested=true isSleeping=false locusId=null displayAreaFeatureId=1 isTopActivityTransparent=false appCompatTaskInfo=AppCompatTaskInfo { topActivityInSizeCompat=false topActivityInOplusCompatMode=false topActivityEligibleForLetterboxEducation= falseisLetterboxEducationEnabled= false isLetterboxDoubleTapEnabled= false topActivityEligibleForUserAspectRatioButton= false topActivityBoundsLetterboxed= false isFromLetterboxDoubleTap= false topActivityLetterboxVerticalPosition= -1 topActivityLetterboxHorizontalPosition= -1 topActivityLetterboxWidth=720 topActivityLetterboxHeight=1612 isUserFullscreenOverrideEnabled=false isSystemFullscreenOverrideEnabled=false cameraCompatTaskInfo=CameraCompatTaskInfo { cameraCompatControlState=hidden freeformCameraCompatMode=inactive}} topActivityLetterboxInsets=Rect(0, 0 - 0, 0) mOplusExtraBundle = Bundle[{androidx.flexible.taskFrame=Rect(0, 0 - 0, 0), key_flexible_task_state=0, androidx.activity.LaunchScenario=0, androidx.activity.LaunchScale=1.0}]} task:Task{3430127 #28757 type=standard A=10467:com.azuratech.azuratime}
04-14 13:14:08.956  1895  1926 D OplusFlexibleDragToSplitAnimController: visibleFlexibleTaskInfos delete:28757
04-14 13:14:08.977 19442 19442 I Quality : ActivityThread: makeApplication delay 483 com.google.android.apps.nbu.files 19442
04-14 13:14:08.988 19276 19276 I Quality : ActivityThread: activityResume delay 565 com.azuratech.azuratime 19276
04-14 13:14:08.989 19276 19276 D ResourcesManagerExtImpl: applyConfigurationToAppResourcesLocked app.getDisplayId() return callback.displayId:0
04-14 13:14:09.076  1895  2095 V AccessibilityManagerService: onUserStateChangedLocked for user 0 with forceUpdate: false mEnabledServices = [] mCrashedServices = []
04-14 13:14:09.078  1895  2095 W MagnificationConnectionManager: requestConnection duplicated request: connect=false, mConnectionState=DISCONNECTED
04-14 13:14:09.531 18910 19116 E OplusCustomizePackageManager: mIOplusCustomizePackageManagerService is null
04-14 13:14:09.540 18910 19116 E OplusCustomizePackageManager: isOplusCertificatePackage Errorjava.lang.NullPointerException: Attempt to invoke interface method 'boolean android.os.customize.IOplusCustomizePackageManagerService.isOplusCertificatePackage(java.lang.String)' on a null object reference
04-14 13:14:09.566  1895  5045 W PackageManager: package com.heytap.market uid 10213 pid 19287 call SetEnabledSetting(com.heytap.market component = com.oplus.market.search.desktopcard.widget.DesktopSearchWidget, 1, 0)
04-14 13:14:09.732  1895  3471 D CoreBackPreview: Window{5c7cb47 u0 com.azuratech.azuratime/com.azuratech.azuratime.MainActivity}: Setting back callback OnBackInvokedCallbackInfo{mCallback=android.window.IOnBackInvokedCallback$Stub$Proxy@14cfd1b, mPriority=0, mIsAnimationCallback=false}
04-14 13:14:09.817 19442 19442 I Quality : ActivityThread: callApplicationOnCreate delay 477 com.google.android.apps.nbu.files 19442
04-14 13:14:09.820  1895  4988 I ActivityManager: Flag disabled. Ignoring finishAttachApplication from uid: 10211. pid: 19442
04-14 13:14:09.853  1895  5040 I ActivityManager: Flag disabled. Ignoring finishAttachApplication from uid: 10056. pid: 19460
04-14 13:14:09.918 19542 19542 I Quality : ActivityThread: createClassLoader delay 1096 /data/app/~~R6tX9XDzHe6VWyYYh3u1HA==/com.google.android.apps.photos-ng9oiJqLh9qClk7N_1zQ7A==/base.apk:/data/app/~~R6tX9XDzHe6VWyYYh3u1HA==/com.google.android.apps.photos-ng9oiJqLh9qClk7N_1zQ7A==/split_config.arm64_v8a.apk:/data/app/~~R6tX9XDzHe6VWyYYh3u1HA==/com.google.android.apps.photos-ng9oiJqLh9qClk7N_1zQ7A==/split_config.in.apk:/data/app/~~R6tX9XDzHe6VWyYYh3u1HA==/com.google.android.apps.photos-ng9oiJqLh9qClk7N_1zQ7A==/split_config.xhdpi.apk 19542
04-14 13:14:10.016  1895  5045 D WindowManagerServiceExtImpl: extractConfigInfoAndRealFlags rotation=0, screenDp=360, residentWS:0, win=Window{5c7cb47 u0 com.azuratech.azuratime/com.azuratech.azuratime.MainActivity}
04-14 13:14:10.017  1895  5045 V WindowManager: Relayout Window{5c7cb47 u0 com.azuratech.azuratime/com.azuratech.azuratime.MainActivity}: viewVisibility=0, oldvis=4, req=720x1612, vsysui=, x=0, y=0
04-14 13:14:10.017  1895  5045 I WindowManager: Window{5c7cb47 u0 com.azuratech.azuratime/com.azuratech.azuratime.MainActivity} state from NO_SURFACE to DRAW_PENDING; reason: resetDrawState
04-14 13:14:10.029  1895  2027 I ActivityManager: Killing 19233:com.oplus.safecenter/1000 (adj 905): empty #7
04-14 13:14:10.032  1895  5045 D WindowManager: NFW_findFocusedWindowIfNeeded:Window{5c7cb47 u0 com.azuratech.azuratime/com.azuratech.azuratime.MainActivity} mCurrentFocus:null
04-14 13:14:10.033  1895  5045 V WindowManager: Changing focus from null to Window{5c7cb47 u0 com.azuratech.azuratime/com.azuratech.azuratime.MainActivity},diplayid=0
04-14 13:14:10.035  1895  5045 D WindowManager: setFrameRateStart invalid typeId return!
04-14 13:14:10.036  1895  5045 D WindowManager: setFrameRateStart invalid typeId return!
04-14 13:14:10.037  1895  5045 D WindowManager: BarWindow--setVisible: id=1, oldState=0, state=2, mFocuseWindow= Window{5c7cb47 u0 com.azuratech.azuratime/com.azuratech.azuratime.MainActivity} call: 
04-14 13:14:10.037  1895  5045 I OplusStatusBarManagerServiceEnhance:  topIsFullscreen fullscreen: true
04-14 13:14:10.047  1895  5045 D WindowManager: BarWindow--setVisible: id=2, oldState=0, state=2, mFocuseWindow= Window{5c7cb47 u0 com.azuratech.azuratime/com.azuratech.azuratime.MainActivity} call: 
04-14 13:14:10.057 19542 19542 I Quality : ActivityThread: createOrUpdateClassLoaderLocked delay 1237 com.google.android.apps.photos 19542
04-14 13:14:10.058 19276 19276 D VRI[MainActivity]: relayoutWindow result, sizeChanged:true, surfaceControlChanged:true, transformHintChanged:false, mSurfaceSize:Point(720, 1612), mLastSurfaceSize:Point(0, 0), mWidth:-1, mHeight:-1, requestedWidth:720, requestedHeight:1612, transformHint:0, installOrientation:0, displayRotation:0, isSurfaceValid:true, attr.flag:-2122251904, tmpFrames:ClientWindowFrames{frame=[0,0][720,1612] display=[0,0][720,1612] parentFrame=[0,0][0,0]}, relayoutAsync:false, mSyncSeqId:0
04-14 13:14:10.059 19276 19276 W VRI[MainActivity]: updateBlastSurfaceIfNeeded, surfaceSize:Point(720, 1612), lastSurfaceSize:Point(0, 0), format:-1, blastBufferQueue:null
04-14 13:14:10.079  1895  3470 I ActivityManager: Death received, pid = 19233, processName = com.oplus.safecenter for thread android.os.BinderProxy@18522c7
04-14 13:14:10.159 19542 19542 I Quality : GetResourcesInfo:101806385,/data/app/~~R6tX9XDzHe6VWyYYh3u1HA==/com.google.android.apps.photos-ng9oiJqLh9qClk7N_1zQ7A==/base.apk
04-14 13:14:10.161  1895  2892 D VRR [OPlusExternalRefreshRateManager]: isPkgTfcEnable: pkgName = com.azuratech.azuratime, enable = false
04-14 13:14:10.162  1895  2892 D VRR [OPlusExternalRefreshRateManager]: getTfcMinFramerate: pkgName = com.azuratech.azuratime, min framerate = 0
04-14 13:14:10.171  1895  1937 I UserAwareMgr: process killed: {pkgName='com.oplus.safecenter', processName='com.oplus.safecenter', pid=19233, uid=1000, flags='', renderTid=0, hwuiTids=null, glTids=null, threadInfos=null}
04-14 13:14:10.171  1895  1937 I UserAwareMgr: handleProcessKilled, pkgName: com.oplus.safecenter, pid: 19233
04-14 13:14:10.385  1895  2903 I OplusAppSwitchManagerService: appswitch registerAppSwitchObserver pName = com@@heytap@@market observer = com.oplus.app.IOplusAppSwitchObserver$Stub$Proxy@869043 config = OplusAppSwitchConfig = {  mConfigs = {2=[]} observerFingerPrint = 101393350}
04-14 13:14:10.385  1895  2903 I OplusAppSwitchStateDispatcher: registerAppSwitchObserver addDynamicListener OK, info = OplusAppSwitchRuleInfo = {  observer = com.oplus.app.IOplusAppSwitchObserver$Stub$Proxy@869043 observerFingerPrint = 101393350} rule size =0
04-14 13:14:10.456 19276 19276 W VRI[MainActivity]: handleResized, msg:, frameChanged:false, configChanged:false, displayChanged:false, attachedFrameChanged:false, compatScaleChanged:false, pendingDragResizing=false
04-14 13:14:10.457 19276 19276 W VRI[MainActivity]: handleResized, msg:, frameChanged:false, configChanged:false, displayChanged:false, attachedFrameChanged:false, compatScaleChanged:false, pendingDragResizing=false
04-14 13:14:10.485  1895  1941 W ActivityManager: Slow operation: 358ms so far, now at startProcess: returned from zygote!
04-14 13:14:10.485  1895  1941 W ActivityManager: Slow operation: 359ms so far, now at startProcess: done updating battery stats
04-14 13:14:10.486  1895  1941 W ActivityManager: Slow operation: 359ms so far, now at startProcess: building log message
04-14 13:14:10.486  1895  1941 I ActivityManager: Start proc 19667:com.google.android.apps.wellbeing/u0a97 for broadcast {com.google.android.apps.wellbeing/com.google.android.apps.wellbeing.common.receiver.coalescedreceivers.PackageFullyRemovedCoalescedBroadcast_Receiver}
04-14 13:14:10.486  1895  1941 W ActivityManager: Slow operation: 359ms so far, now at startProcess: starting to update pids map
04-14 13:14:10.486  1895  1941 W ActivityManager: Slow operation: 359ms so far, now at startProcess: done updating pids map
04-14 13:14:10.515 19542 19542 D ResourcesManagerExtImpl: applyConfigurationToAppResourcesLocked app.getDisplayId() return callback.displayId:-1
04-14 13:14:10.521  1895  2902 D ActivityTaskManagerServiceExtImpl: preBindApplication record is null
04-14 13:14:10.671  2359  2989 W VRI[OplusPrivacyIconTopRight]: handleResized abandoned!
04-14 13:14:10.737 19287 19287 I Quality : ActivityThread: callApplicationOnCreate delay 1249 com.heytap.market 19287
04-14 13:14:10.740  1895  5045 I ActivityManager: Flag disabled. Ignoring finishAttachApplication from uid: 10213. pid: 19287
04-14 13:14:10.758  1895  5045 I ActivityManager: Killing 19287:com.heytap.market/u0a213 (adj 905): empty #7
04-14 13:14:10.780  1895  2164 W ContextImpl: Calling a method in the system process without a qualified user: android.app.ContextImpl.sendBroadcast:1261 com.android.server.job.controllers.OplusCpuController.notifyHighCpuEventForApp:387 com.android.server.job.controllers.OplusCpuController.handleCpuUpdate:333 com.android.server.job.controllers.OplusCpuController.-$$Nest$mhandleCpuUpdate:0 com.android.server.job.controllers.OplusCpuController$CpuTrackerHandler.handleMessage:257 
04-14 13:14:10.832  1895  1941 W ActivityManager: Slow operation: 66ms so far, now at startProcess: returned from zygote!
04-14 13:14:10.832  1895  1941 W ActivityManager: Slow operation: 66ms so far, now at startProcess: done updating battery stats
04-14 13:14:10.832  1895  1941 W ActivityManager: Slow operation: 67ms so far, now at startProcess: building log message
04-14 13:14:10.832  1895  1941 I ActivityManager: Start proc 19713:com.google.android.documentsui/u0a62 for broadcast {com.google.android.documentsui/com.android.documentsui.PackageReceiver}
04-14 13:14:10.832  1895  1941 W ActivityManager: Slow operation: 67ms so far, now at startProcess: starting to update pids map
04-14 13:14:10.833  1895  1941 W ActivityManager: Slow operation: 67ms so far, now at startProcess: done updating pids map
04-14 13:14:10.849  1895  1937 W UserAwareMgr: process owner is not matched: 10, threadName: HwUiTask, pid: 19276,tid=19715,owner=fg1
04-14 13:14:10.850  1895  1937 W UserAwareMgr: process owner is not matched: 10, threadName: HwUiTask, pid: 19276,tid=19716,owner=fg1
04-14 13:14:10.928  1895  3635 I OplusAppSwitchManagerService: hanldeBinderDied
04-14 13:14:10.929  1895  3635 I OplusAppSwitchManagerService: appswitch unregisterAppSwitchObserver pkgName = com.heytap.market config = OplusAppSwitchConfig = {  mConfigs = {2=[]} observerFingerPrint = 101393350}
04-14 13:14:10.929  1895  3635 I OplusAppSwitchStateDispatcher: unregisterAppSwitchObserver ok, pkgName = com.heytap.market info = OplusAppSwitchRuleInfo = {  observer = null observerFingerPrint = 101393350}
04-14 13:14:10.933  1895  2901 I ActivityManager: Death received, pid = 19287, processName = com.heytap.market for thread android.os.BinderProxy@31f04d7
04-14 13:14:10.959  1895  1923 D DisplayManagerService: Drop pending events for gone uid 10213
04-14 13:14:10.969 19421 19421 I Quality : ActivityThread: makeApplication delay 2313 com.google.android.apps.maps 19421
04-14 13:14:11.002  1895  2289 W FileUtils: Failed to chmod(AtomicFile[/data/system_de/0/system/game-manager-service.xml]): android.system.ErrnoException: chmod failed: ENOENT (No such file or directory)
04-14 13:14:11.013 19542 19542 I Quality : ActivityThread: makeApplication delay 501 com.google.android.apps.photos 19542
04-14 13:14:11.030  1895  2027 D ActivityTaskManagerServiceExtImpl: preBindApplication record is null
04-14 13:14:11.121 19667 19667 I Quality : ActivityThread: createClassLoader delay 481 /data/app/~~NfRkh4fBnhVoFGz0dFHmeQ==/com.google.android.apps.wellbeing-qLklnQxlsjo5R8vXEDQHeA==/base.apk:/data/app/~~NfRkh4fBnhVoFGz0dFHmeQ==/com.google.android.apps.wellbeing-qLklnQxlsjo5R8vXEDQHeA==/split_config.xhdpi.apk 19667
04-14 13:14:11.189 19667 19667 I Quality : ActivityThread: createOrUpdateClassLoaderLocked delay 553 com.google.android.apps.wellbeing 19667
04-14 13:14:11.283 19667 19667 D ResourcesManagerExtImpl: applyConfigurationToAppResourcesLocked app.getDisplayId() return callback.displayId:-1
04-14 13:14:11.412 19713 19713 I Quality : ActivityThread: createClassLoader delay 313 /data/app/~~Rm3Rt-HvgiHCOawlYH4Tjg==/com.google.android.documentsui-yezxOkWGp6bTihh-R9BpCw==/base.apk:/data/app/~~Rm3Rt-HvgiHCOawlYH4Tjg==/com.google.android.documentsui-yezxOkWGp6bTihh-R9BpCw==/split_config.xhdpi.apk 19713
04-14 13:14:11.445 19713 19713 I Quality : ActivityThread: createOrUpdateClassLoaderLocked delay 350 com.google.android.documentsui 19713
04-14 13:14:11.551 19713 19713 I Quality : GetResourcesInfo:106087385,/data/app/~~Rm3Rt-HvgiHCOawlYH4Tjg==/com.google.android.documentsui-yezxOkWGp6bTihh-R9BpCw==/base.apk
04-14 13:14:11.598 19713 19713 D ResourcesManagerExtImpl: applyConfigurationToAppResourcesLocked app.getDisplayId() return callback.displayId:-1
04-14 13:14:11.787  1895  2892 I WindowManager: Window{5c7cb47 u0 com.azuratech.azuratime/com.azuratech.azuratime.MainActivity} state from DRAW_PENDING to COMMIT_DRAW_PENDING; reason: finishDrawingLocked
04-14 13:14:11.788  1895  2892 D OplusTransitionAnimationManager: skipFinishDrawingIfNeed clientRotation=0, currentRotation=0, hasFixedRotationApp=false, requestedOrientation=-1, win=Window{5c7cb47 u0 com.azuratech.azuratime/com.azuratech.azuratime.MainActivity}, activity=ActivityRecord{3a1450e u0 com.azuratech.azuratime/.MainActivity t28757}, currentConfig={1.0 ??mcc??mnc [id_ID] ldltr sw360dp w360dp h806dp 320dpi nrml long port night finger -keyb/v/h -nav/h winConfig={ mBounds=Rect(0, 0 - 720, 1612) mAppBounds=Rect(0, 0 - 720, 1612) mMaxBounds=Rect(0, 0 - 720, 1612) mDisplayRotation=ROTATION_0 mWindowingMode=fullscreen mActivityType=standard mAlwaysOnTop=undefined mRotation=ROTATION_0} s.2 fontWeightAdjustment=0mThemeChanged= 0, mThemeChangedFlags= 0, mFlipFont= 0, mScenario= 0, mAccessibleChanged= -1, mUxIconConfig= 3465543965406134305, mMaterialColor= 0, mUserId= 0, mFontUserId= 0, mFontVariationSettings= 226, mFoldingAngle = -1.0, mIconPackName= , mDarkModeBackgroundMaxL= 0.0, mDarkModeDialogBgMaxL= 27.0, mDarkModeForegroundMinL= 100.0, mOplusConfigType= 1, mOplusChangedConfigs= 0, OpSans= -1, mBurmeseFontFlag= 2, mFlag= 0, mFlexibleActivitySuitable= -1, mPuttDisplayFlag= -1}
04-14 13:14:11.789  1895  1941 I ActivityManager: Start proc 19759:com.oplus.camera/u0a200 for service {com.oplus.camera/com.oplus.camera.bgs.BackgroundServiceManager}
04-14 13:14:11.801  1895  1926 I WindowManager: Window{5c7cb47 u0 com.azuratech.azuratime/com.azuratech.azuratime.MainActivity} state from COMMIT_DRAW_PENDING to READY_TO_SHOW; reason: commitFinishDrawingLocked
04-14 13:14:11.804  1895  1926 D OplusAppQuickStart_AppQuickStartController: onFirstWindowDrawn ar=ActivityRecord{3a1450e u0 com.azuratech.azuratime/.MainActivity t28757}
04-14 13:14:11.804  1895  1926 D ActivityTaskManager: Finish StartingWindow: ActivityRecord{3a1450e u0 com.azuratech.azuratime/.MainActivity t28757}first real window is shown
04-14 13:14:12.017 19421 19421 I Quality : ActivityThread: callApplicationOnCreate delay 927 com.google.android.apps.maps 19421
04-14 13:14:12.042  1895  2027 I ActivityManager: Flag disabled. Ignoring finishAttachApplication from uid: 10145. pid: 19421
04-14 13:14:12.057 19667 19667 I Quality : ActivityThread: callApplicationOnCreate delay 594 com.google.android.apps.wellbeing 19667
04-14 13:14:12.074  1895  2027 I ActivityManager: Flag disabled. Ignoring finishAttachApplication from uid: 10097. pid: 19667
04-14 13:14:12.084  1895  1926 D ActivityTaskManager: removeStartingWindowAnimation starting ActivityRecord{3a1450e u0 com.azuratech.azuratime/.MainActivity t28757} startingWindow=null ,startingView=com.android.server.wm.StartingSurfaceController$StartingSurface@7285d8e,Callers=com.android.server.wm.ActivityRecord.removeStartingWindow:3563 com.android.server.wm.ActivityRecord.onFirstWindowDrawn:8581 com.android.server.wm.WindowState.performShowLocked:5071 com.android.server.wm.WindowStateAnimator.commitFinishDrawingLocked:342 com.android.server.wm.DisplayContent.lambda$new$8:1141 
04-14 13:14:12.084  1895  1926 D OplusStartingWindowManager: interceptRemoveStartingWindow: packageName=com.azuratech.azuratime,  componentName=com.azuratech.azuratime/.MainActivity, isSnapshot=false, startingSurfaceRunnable=null, isDrawCompleted=false, hasSurfaceView=false, inTransition=false
04-14 13:14:12.085  1895  1926 D OplusSplitScreenDnDUI: notifyRemoveStartingWindow isSpitScreenDrag = false mDropTargetSurface = null StartingWindowpkgName = com.azuratech.azuratime DragPkg = null isLauncherResume = false
04-14 13:14:12.085  1895  1926 D OplusStartingWindowManager: interceptRemoveStartingWindow: hasSplashWindowFlag() return false for activity=ActivityRecord{3a1450e u0 com.azuratech.azuratime/.MainActivity t28757}
04-14 13:14:12.127  1895  1926 D WindowManager: setFrameRateStart invalid typeId return!
04-14 13:14:12.127  1895  3635 I ActivityManager: Killing 2623:com.android.vending:background/u0a100 (adj 905): empty #7
04-14 13:14:12.155 19542 19542 I Quality : ActivityThread: callApplicationOnCreate delay 338 com.google.android.apps.photos 19542
04-14 13:14:12.164  1895  1937 I UserAwareMgr: event is already released: SceneEvent{id=5004, maxWorkDurationMs=2000, caller='[android]', eventFlags=0, fbPriority=1, keyThreads=[KeyThread{name=ll.splashscreen, owner=systemui, schedPolicy=ux, priority=ANIMATOR}, KeyThread{name=ll.splashworker, owner=systemui, schedPolicy=ux, priority=ANIMATOR}, KeyThread{name=HwUiTask, owner=systemui, schedPolicy=ux, priority=LIGHT}, KeyThread{name=RenderThread, owner=systemui, schedPolicy=ux, priority=HEAVY}], vipBinderGroup=null}, callingPid: 1895, appPid: 0
04-14 13:14:12.165  1895  2027 I ActivityManager: Flag disabled. Ignoring finishAttachApplication from uid: 10237. pid: 19542
04-14 13:14:12.188  1895  1926 I Quality : LaunchTime2.0: com.azuratech.azuratime/.MainActivity 1 8202 com.android.launcher 555 803
04-14 13:14:12.192  1895  1926 I WindowManager: Window{5c7cb47 u0 com.azuratech.azuratime/com.azuratech.azuratime.MainActivity} state from READY_TO_SHOW to HAS_DRAWN; reason: performShowLocked
04-14 13:14:12.195  1895  1926 D OplusAONSmartDim: onWakeLockAcquireLocked: lock=97990396, flags=0x2000000a, packageName=android, tag="WindowManager/displayId:0", ws=WorkSource{10467 com.azuratech.azuratime}, uid=1000, pid=1895
04-14 13:14:12.203  1895  1948 W ActivityManager: Slow operation: 62ms so far, now at startProcess: done creating new process record
04-14 13:14:12.203  1895  1948 W ActivityManager: Slow operation: 62ms so far, now at startProcess: stepping in to startProcess
04-14 13:14:12.205  1895  2024 D VRR [OPlusExternalRefreshRateManager]: isPkgTfcEnable: pkgName = com.google.android.apps.maps, enable = false
04-14 13:14:12.205  1895  2024 D VRR [OPlusExternalRefreshRateManager]: getTfcMinFramerate: pkgName = com.google.android.apps.maps, min framerate = 0
04-14 13:14:12.211  1895  1948 W ActivityManager: Slow operation: 70ms so far, now at startProcess: done starting proc!
04-14 13:14:12.227  1895  2892 D ActivityTaskManagerServiceExtImpl: preBindApplication record is null
04-14 13:14:12.255  1895  1941 W ActivityManager: Slow operation: 53ms so far, now at startProcess: returned from zygote!
04-14 13:14:12.279  1895  2793 W AppOpService: Ignored setUidMode call for runtime permission app op: uid = 10220, code = READ_CELL_BROADCASTS, mode = allow, callingUid = 1001, oldMode = allow
04-14 13:14:12.290  1895  1941 W ActivityManager: Slow operation: 87ms so far, now at startProcess: done updating battery stats
04-14 13:14:12.290  1895  1941 W ActivityManager: Slow operation: 87ms so far, now at startProcess: building log message
04-14 13:14:12.290  1895  1941 I ActivityManager: Start proc 19795:com.google.android.permissioncontroller/u0a247 for broadcast {com.google.android.permissioncontroller/com.android.permissioncontroller.permission.service.LocationAccessCheck$PackageResetHandler}
04-14 13:14:12.290  1895  1941 W ActivityManager: Slow operation: 87ms so far, now at startProcess: starting to update pids map
04-14 13:14:12.290  1895  1941 W ActivityManager: Slow operation: 88ms so far, now at startProcess: done updating pids map
04-14 13:14:12.329  1895  2933 I ActivityManager: Death received, pid = 2623, processName = com.android.vending:background for thread android.os.BinderProxy@59a7677
04-14 13:14:12.356  1895  1922 W Looper  : Slow dispatch took 162ms android.fg h=android.os.Handler c=com.android.server.wm.ActivityMetricsLogger$$ExternalSyntheticLambda0@f360313 m=0
04-14 13:14:12.357  1895  1941 W ActivityManager: Slow operation: 77ms so far, now at startProcess: returned from zygote!
04-14 13:14:12.363  1895  1937 I UserAwareMgr: process killed: {pkgName='com.android.vending', processName='com.android.vending:background', pid=2623, uid=10100, flags='associated', renderTid=0, hwuiTids=null, glTids=null, threadInfos=null}
04-14 13:14:12.365  1895  1937 I UserAwareMgr: handleProcessKilled, pkgName: com.android.vending, pid: 2623
04-14 13:14:12.381  1895  4545 D WindowManagerServiceExtImpl: extractConfigInfoAndRealFlags rotation=0, screenDp=360, residentWS:0, win=Window{b50a92 u0 Splash Screen com.azuratech.azuratime}
04-14 13:14:12.382  1895  4545 V WindowManager: Relayout Window{b50a92 u0 Splash Screen com.azuratech.azuratime}: viewVisibility=8, oldvis=0, req=720x1612, vsysui=
04-14 13:14:12.402  1895  4545 D WindowManager: setFrameRateStart invalid typeId return!
04-14 13:14:12.418  1895  4545 D WindowManager: NFW_findFocusedWindowIfNeeded:Window{5c7cb47 u0 com.azuratech.azuratime/com.azuratech.azuratime.MainActivity} mCurrentFocus:Window{5c7cb47 u0 com.azuratech.azuratime/com.azuratech.azuratime.MainActivity}
04-14 13:14:12.426  1895  2901 W AppOpService: Ignored setUidMode call for runtime permission app op: uid = 1001, code = READ_SMS, mode = allow, callingUid = 1001, oldMode = allow
04-14 13:14:12.436  1895  5040 W AppOpService: Ignored setUidMode call for runtime permission app op: uid = 1001, code = RECEIVE_SMS, mode = allow, callingUid = 1001, oldMode = allow
04-14 13:14:12.437  1895  2892 W AppOpService: Ignored setUidMode call for runtime permission app op: uid = 1001, code = RECEIVE_WAP_PUSH, mode = allow, callingUid = 1001, oldMode = allow
04-14 13:14:12.438  1895  2027 W AppOpService: Ignored setUidMode call for runtime permission app op: uid = 1001, code = SEND_SMS, mode = allow, callingUid = 1001, oldMode = allow
04-14 13:14:12.440  1895  5040 W AppOpService: Ignored setUidMode call for runtime permission app op: uid = 1001, code = READ_CELL_BROADCASTS, mode = allow, callingUid = 1001, oldMode = allow
04-14 13:14:12.441  1895  1927 D SurfaceAnimationRunner: onAnimationStart:Surface(name=Surface(name=b50a92 Splash Screen com.azuratech.azuratime)/@0x2bd484e - animation-leash of window_animation)/@0xf3bd6f
04-14 13:14:12.441  1895  1927 D SurfaceAnimationRunner: onAnimationEnd:Surface(name=Surface(name=b50a92 Splash Screen com.azuratech.azuratime)/@0x2bd484e - animation-leash of window_animation)/@0xf3bd6f
04-14 13:14:12.444  1895  1926 I WindowStateExtImpl: onSurfaceShowChange show = false mPackageName = com.azuratech.azuratime parentPkgName = com.azuratech.azuratime
04-14 13:14:12.445  1895  1941 W ActivityManager: Slow operation: 165ms so far, now at startProcess: done updating battery stats
04-14 13:14:12.445  1895  1941 W ActivityManager: Slow operation: 165ms so far, now at startProcess: building log message
04-14 13:14:12.445  1895  1941 I ActivityManager: Start proc 19809:com.google.android.projection.gearhead:car/u0a93 for service {com.google.android.projection.gearhead/com.google.android.apps.auto.carservice.service.impl.GearheadCarStartupService}
04-14 13:14:12.445  1895  1941 W ActivityManager: Slow operation: 165ms so far, now at startProcess: starting to update pids map
04-14 13:14:12.445  1895  1941 W ActivityManager: Slow operation: 165ms so far, now at startProcess: done updating pids map
04-14 13:14:12.504  1895  1941 W ActivityManager: Slow operation: 52ms so far, now at startProcess: returned from zygote!
04-14 13:14:12.511  1895  5040 I ActivityManager: Killing 18895:com.google.android.youtube/u0a144 (adj 905): empty #7
04-14 13:14:12.516 19713 19713 E OplusCustomizeRestrictionManager: sInstance is null, start a new sInstance
04-14 13:14:12.517  1895  2903 I WindowManager: Window{b50a92 u0 Splash Screen com.azuratech.azuratime} state from HAS_DRAWN to NO_SURFACE; reason: destroySurface
04-14 13:14:12.542  1895  2903 D WindowManager: NFW_findFocusedWindowIfNeeded:Window{5c7cb47 u0 com.azuratech.azuratime/com.azuratech.azuratime.MainActivity} mCurrentFocus:Window{5c7cb47 u0 com.azuratech.azuratime/com.azuratech.azuratime.MainActivity}
04-14 13:14:12.557  1895  2892 W WindowManager: Failed looking up window session=Session{7c3b3e 2359:u0a10182} callers=com.android.server.wm.WindowManagerService.windowForClientLocked:6801 com.android.server.wm.Session.setOnBackInvokedCallbackInfo:1064 android.view.IWindowSession$Stub.onTransact:1199 
04-14 13:14:12.557  1895  2892 I WindowManager: setOnBackInvokedCallback(): No window state for package:com.android.systemui
04-14 13:14:12.564 19713 19713 I Quality : InflateViewInfo:733430154,LinearLayout
04-14 13:14:12.590  1895  2793 D ActivityTaskManagerServiceExtImpl: preBindApplication record is null
04-14 13:14:12.642  1895  2793 W ActivityManager: Slow operation: 102ms so far, now at attachApplicationLocked: immediately after bindApplication
04-14 13:14:12.642  1895  2793 W ActivityManager: Slow operation: 103ms so far, now at attachApplicationLocked: after updateLruProcessLocked
04-14 13:14:12.685  1895  2793 W ActivityManager: Slow operation: 145ms so far, now at attachApplicationLocked: after updateOomAdjLocked
04-14 13:14:12.712  1895  1908 I ActivityManager: Death received, pid = 18895, processName = com.google.android.youtube for thread android.os.BinderProxy@73705ae
04-14 13:14:12.760  1895  2334 W ActivityManager: Slow operation: 66ms so far, now at attachApplicationLocked: before bindApplication
04-14 13:14:12.762  1895  2334 W ActivityManager: Slow operation: 68ms so far, now at attachApplicationLocked: immediately before bindApplication
04-14 13:14:12.764  1895  2334 D ActivityTaskManagerServiceExtImpl: preBindApplication record is null
04-14 13:14:12.779  1895  2334 W ActivityManager: Slow operation: 85ms so far, now at attachApplicationLocked: immediately after bindApplication
04-14 13:14:12.779  1895  2334 W ActivityManager: Slow operation: 85ms so far, now at attachApplicationLocked: after updateLruProcessLocked
04-14 13:14:12.782  1895  2334 W ActivityManager: Slow operation: 88ms so far, now at attachApplicationLocked: after updateOomAdjLocked
04-14 13:14:12.793  1895  1941 W ActivityManager: Slow operation: 341ms so far, now at startProcess: done updating battery stats
04-14 13:14:12.794  1895  1941 W ActivityManager: Slow operation: 342ms so far, now at startProcess: building log message
04-14 13:14:12.794  1895  1941 I ActivityManager: Start proc 19828:com.pure.indosat.care/u0a337 for content provider {com.pure.indosat.care/com.digitral.utils.LocalStorageProvider}
04-14 13:14:12.794 19759 19759 I Quality : GetResourcesInfo:132852077,/my_product/non_overlay/app/OplusCamera/OplusCamera.apk
