04-14 13:14:26.588 20828 20828 D ResourcesManagerExtImpl: applyConfigurationToAppResourcesLocked app.getDisplayId() return callback.displayId:-1
04-14 13:14:26.590  1895  1933 D AppProfilerExtImpl: Skipped pss collection for CPU busy
04-14 13:14:26.593  1895  1941 W ActivityManager: Slow operation: 159ms so far, now at startProcess: returned from zygote!
04-14 13:14:26.596  1895  2283 I ActivityManager: Killing 20453:com.heytap.market/u0a213 (adj 955): empty #8
04-14 13:14:26.601 20775 20775 I Quality : SlowSqliteOp:open,/data/user/0/com.google.android.documentsui/databases/lastAccess.db,false,false,160
04-14 13:14:26.611  1895  1941 W ActivityManager: Slow operation: 177ms so far, now at startProcess: done updating battery stats
04-14 13:14:26.611  1895  1941 W ActivityManager: Slow operation: 178ms so far, now at startProcess: building log message
04-14 13:14:26.611  1895  1941 I ActivityManager: Start proc 20918:com.google.android.permissioncontroller/u0a247 for broadcast {com.google.android.permissioncontroller/com.android.permissioncontroller.permission.service.LocationAccessCheck$PackageResetHandler}
04-14 13:14:26.612  1895  1941 W ActivityManager: Slow operation: 178ms so far, now at startProcess: starting to update pids map
04-14 13:14:26.612  1895  1941 W ActivityManager: Slow operation: 178ms so far, now at startProcess: done updating pids map
04-14 13:14:26.619 20775 20775 I Quality : SlowSqliteOp:executeForCursorWindow,/data/user/0/com.google.android.documentsui/databases/lastAccess.db,false,true,11
04-14 13:14:26.670  1895  2027 D ShortcutService: rescanPackageIfNeeded 0@com.coloros.phonemanager, forceRescan=false , isNewApp=false
04-14 13:14:26.692  1895  3471 D ActivityTaskManagerServiceExtImpl: preBindApplication record is null
04-14 13:14:26.723  1895  4987 I ActivityManager: Killing 20651:com.android.vending:background/u0a100 (adj 935): empty #7
04-14 13:14:26.736  1895  1941 W ActivityManager: Slow operation: 103ms so far, now at startProcess: done updating battery stats
04-14 13:14:26.737  1895  1941 W ActivityManager: Slow operation: 104ms so far, now at startProcess: building log message
04-14 13:14:26.737  1895  1941 I ActivityManager: Start proc 20929:com.whatsapp/u0a311 for service {com.whatsapp/com.whatsapp.accountsync.AccountAuthenticatorService}
04-14 13:14:26.737  1895  1941 W ActivityManager: Slow operation: 104ms so far, now at startProcess: starting to update pids map
04-14 13:14:26.737  1895  1941 W ActivityManager: Slow operation: 104ms so far, now at startProcess: done updating pids map
04-14 13:14:26.753  1895  1908 I ActivityManager: Death received, pid = 20635, processName = com.android.chrome for thread android.os.BinderProxy@ed636b0
04-14 13:14:26.794  1895  5040 I ActivityManager: Death received, pid = 20453, processName = com.heytap.market for thread android.os.BinderProxy@9436d85
04-14 13:14:26.797  1895  3368 I OplusAppSwitchManagerService: hanldeBinderDied
04-14 13:14:26.797  1895  3368 I OplusAppSwitchManagerService: appswitch unregisterAppSwitchObserver pkgName = com.heytap.market config = OplusAppSwitchConfig = {  mConfigs = {2=[]} observerFingerPrint = 177064798}
04-14 13:14:26.797  1895  3368 I OplusAppSwitchStateDispatcher: unregisterAppSwitchObserver ok, pkgName = com.heytap.market info = OplusAppSwitchRuleInfo = {  observer = null observerFingerPrint = 177064798}
04-14 13:14:26.802  1895  2185 D ShortcutService: Saving package item com.coloros.phonemanager to /data/system_ce/0/shortcut_service/packages/com.coloros.phonemanager.xml
04-14 13:14:26.807  1895  3828 D ActivityTaskManagerServiceExtImpl: preBindApplication record is null
04-14 13:14:26.846  1895  1923 D DisplayManagerService: Drop pending events for gone uid 10134
04-14 13:14:26.848  1895  2340 I ActivityManager: Death received, pid = 20651, processName = com.android.vending:background for thread android.os.BinderProxy@f606d53
04-14 13:14:26.878  1895  5040 D ShortcutService: rescanPackageIfNeeded 0@com.coloros.phonemanager, forceRescan=false , isNewApp=false
04-14 13:14:26.883  1895  2333 D ActivityTaskManagerServiceExtImpl: preBindApplication record is null
04-14 13:14:26.905  1895  1922 D ShortcutService: Getting shortcuts for launcher= com.android.systemuiuser=0 pkg=com.coloros.phonemanager
04-14 13:14:26.906  1895  1922 D ShortcutService: Getting shortcuts for launcher= com.android.launcheruser=0 pkg=com.coloros.phonemanager
04-14 13:14:26.906  1895  2185 D ShortcutService: Saving package item com.coloros.phonemanager to /data/system_ce/0/shortcut_service/packages/com.coloros.phonemanager.xml
04-14 13:14:26.907  1895  3828 D ShortcutService: Getting shortcuts for launcher= com.android.launcheruser=0 pkg=com.coloros.phonemanager
04-14 13:14:26.938  1895  2507 D CompatChangeReporter: Compat change id reported: 311208629; UID 10335; state: ENABLED
04-14 13:14:26.945  1895  1923 D DisplayManagerService: Drop pending events for gone uid 10213
04-14 13:14:27.068  1895  1941 I ActivityManager: Start proc 20956:com.google.android.rkpdapp/u0a315 for broadcast {com.google.android.rkpdapp/com.android.rkpdapp.PackageRemovalReceiver}
04-14 13:14:27.225  1895  2902 D ActivityTaskManagerServiceExtImpl: preBindApplication record is null
04-14 13:14:27.268 20903 20903 I Quality : ActivityThread: createClassLoader delay 445 /data/app/~~5TqqaVm57kAKqlVwmB4ZPA==/com.pure.indosat.care-x6x0yDSy8GgK7iJZ_xHztA==/base.apk:/data/app/~~5TqqaVm57kAKqlVwmB4ZPA==/com.pure.indosat.care-x6x0yDSy8GgK7iJZ_xHztA==/split_config.arm64_v8a.apk:/data/app/~~5TqqaVm57kAKqlVwmB4ZPA==/com.pure.indosat.care-x6x0yDSy8GgK7iJZ_xHztA==/split_config.xxhdpi.apk 20903
04-14 13:14:27.275 20828 20828 I Quality : ActivityThread: makeApplication delay 1072 com.heytap.htms 20828
04-14 13:14:27.286  1895  2902 W ActivityManager: Slow operation: 123ms so far, now at attachApplicationLocked: immediately after bindApplication
04-14 13:14:27.293  1895  2902 W ActivityManager: Slow operation: 130ms so far, now at attachApplicationLocked: after updateLruProcessLocked
04-14 13:14:27.335 20903 20903 I Quality : ActivityThread: createOrUpdateClassLoaderLocked delay 531 com.pure.indosat.care 20903
04-14 13:14:27.363  1895  2902 W ActivityManager: Slow operation: 200ms so far, now at attachApplicationLocked: after updateOomAdjLocked
04-14 13:14:27.389 20918 20918 I Quality : GetResourcesInfo:210022846,/apex/com.android.permission/priv-app/GooglePermissionController@361524160/GooglePermissionController.apk
04-14 13:14:27.402 20903 20903 D ResourcesManagerExtImpl: applyConfigurationToAppResourcesLocked app.getDisplayId() return callback.displayId:-1
04-14 13:14:27.450 20918 20918 D ResourcesManagerExtImpl: applyConfigurationToAppResourcesLocked app.getDisplayId() return callback.displayId:-1
04-14 13:14:27.481  1895  2134 D CompatChangeReporter: Compat change id reported: 311402873; UID 1000; state: ENABLED
04-14 13:14:27.508  1895  2333 D CompatChangeReporter: Compat change id reported: 319471980; UID 10335; state: ENABLED
04-14 13:14:27.515  1895  2134 D CompatChangeReporter: Compat change id reported: 323349338; UID 1000; state: ENABLED
04-14 13:14:27.532  1895  1941 I ActivityManager: Start proc 20976:com.heytap.htms/u0a335 for service {com.heytap.htms/androidx.room.MultiInstanceInvalidationService}
04-14 13:14:27.543 20956 20956 E OplusCustomizePackageManager: mIOplusCustomizePackageManagerService is null
04-14 13:14:27.546  1895  2902 I ActivityManager: Death received, pid = 19127, processName = com.heytap.mcs.appservice for thread android.os.BinderProxy@86ceaa8
04-14 13:14:27.549  1895  2514 I ActivityManager: Process com.heytap.mcs.appservice (pid 19127) has died: vis IMPF
04-14 13:14:27.553 20956 20956 E OplusCustomizePackageManager: mIOplusCustomizePackageManagerService is null
04-14 13:14:27.556 20956 20956 E OplusCustomizePackageManager: isOplusCertificatePackage Errorjava.lang.NullPointerException: Attempt to invoke interface method 'boolean android.os.customize.IOplusCustomizePackageManagerService.isOplusCertificatePackage(java.lang.String)' on a null object reference
04-14 13:14:27.565  9686  9686 I ActivityThread: Removing dead content provider:android.content.ContentProviderProxy@b41bc4d
04-14 13:14:27.594  1895  2027 I ActivityManager: Flag disabled. Ignoring finishAttachApplication from uid: 10335. pid: 20828
04-14 13:14:27.608 20929 20929 I Quality : ActivityThread: createClassLoader delay 651 /data/app/~~SAgjuojs7jnGptaI89bwmA==/com.whatsapp-fNnoEISTCmFBXHdSEBdn7w==/base.apk:/data/app/~~SAgjuojs7jnGptaI89bwmA==/com.whatsapp-fNnoEISTCmFBXHdSEBdn7w==/split_config.arm64_v8a.apk:/data/app/~~SAgjuojs7jnGptaI89bwmA==/com.whatsapp-fNnoEISTCmFBXHdSEBdn7w==/split_config.xhdpi.apk 20929
04-14 13:14:27.644  1895  3470 D ActivityTaskManagerServiceExtImpl: preBindApplication record is null
04-14 13:14:27.671 20929 20929 I Quality : ActivityThread: createOrUpdateClassLoaderLocked delay 717 com.whatsapp 20929
04-14 13:14:27.831 20976 20976 D ResourcesManagerExtImpl: applyConfigurationToAppResourcesLocked app.getDisplayId() return callback.displayId:-1
04-14 13:14:27.916  1895  2933 W PackageManager: package com.google.android.permissioncontroller uid 10247 pid 20918 call SetEnabledSetting(com.google.android.permissioncontroller component = com.android.permissioncontroller.role.ui.SpecialAppAccessListActivity, 2, 0)
04-14 13:14:27.918 20956 20956 I Quality : ActivityThread: createClassLoader delay 361 /apex/com.android.rkpd/priv-app/rkpdapp.google@361420880/rkpdapp.google.apk 20956
04-14 13:14:27.918  1895  1895 I Quality : SlowSqliteOp:close,/data/system/recoverablekeystore.db,false,true,320
04-14 13:14:27.920  1895  1895 W Looper  : Slow dispatch took 322ms main h=android.database.sqlite.SQLiteConnectionPool$IdleConnectionHandler c=null m=245
04-14 13:14:27.920  1895  1895 W Looper  : Slow delivery took 302ms main h=com.android.server.alarm.AlarmManagerService$AlarmHandler c=null m=7
04-14 13:14:27.923  1895  1895 W Looper  : Drained
04-14 13:14:27.943 20956 20956 I Quality : ActivityThread: createOrUpdateClassLoaderLocked delay 409 com.google.android.rkpdapp 20956
04-14 13:14:27.968  1895  3828 D BackupTransportManager: [UserID:0] Transport com.google.android.gms/.backup.BackupTransportService updated its attributes
04-14 13:14:27.979  1895  1895 I Quality : SlowSqliteOp:close,/data/system/recoverablekeystore.db,false,true,22
04-14 13:14:27.988 20956 20956 D ResourcesManagerExtImpl: applyConfigurationToAppResourcesLocked app.getDisplayId() return callback.displayId:-1
04-14 13:14:28.006  1895  1908 I ActivityManager: Killing 20706:com.google.android.apps.nbu.files/u0a211 (adj 905): empty #7
04-14 13:14:28.017  1895  1948 D CompatChangeReporter: Compat change id reported: 151861875; UID 10130; state: ENABLED
04-14 13:14:28.024  1895  3470 I ActivityManager: Flag disabled. Ignoring finishAttachApplication from uid: 10315. pid: 20956
04-14 13:14:28.032  1895  3828 I ActivityManager: Killing 20775:com.google.android.documentsui/u0a62 (adj 905): empty #7
04-14 13:14:28.046  1895  1941 I ActivityManager: Start proc 21011:com.nearme.instant.platform/u0a130 for broadcast {com.nearme.instant.platform/org.hapjs.features.service.exchange.receiver.PackageRemoveReceiver}
04-14 13:14:28.088  1895  2902 I ActivityManager: Death received, pid = 20775, processName = com.google.android.documentsui for thread android.os.BinderProxy@e726c0c
04-14 13:14:28.095 20918 20918 I Quality : ActivityThread: callApplicationOnCreate delay 386 com.google.android.permissioncontroller 20918
04-14 13:14:28.102 20929 20929 I Quality : GetResourcesInfo:428900538,/data/app/~~SAgjuojs7jnGptaI89bwmA==/com.whatsapp-fNnoEISTCmFBXHdSEBdn7w==/base.apk
04-14 13:14:28.112  1895  1923 D DisplayManagerService: Drop pending events for gone uid 10062
04-14 13:14:28.122  1895  2933 I ActivityManager: Flag disabled. Ignoring finishAttachApplication from uid: 10247. pid: 20918
04-14 13:14:28.124  1895  5040 I ActivityManager: Death received, pid = 20706, processName = com.google.android.apps.nbu.files for thread android.os.BinderProxy@26d6337
04-14 13:14:28.140  1895  1923 D DisplayManagerService: Drop pending events for gone uid 10211
04-14 13:14:28.152 20929 20929 D ResourcesManagerExtImpl: applyConfigurationToAppResourcesLocked app.getDisplayId() return callback.displayId:-1
04-14 13:14:28.154  1895  2902 D ActivityTaskManagerServiceExtImpl: preBindApplication record is null
04-14 13:14:28.162  1895  1895 W JobScheduler: Job didn't exist in JobStore: #com.google.android.gms/430
04-14 13:14:28.165  1895  1948 D CompatChangeReporter: Compat change id reported: 151861875; UID 10363; state: ENABLED
04-14 13:14:28.198  1895  1941 I ActivityManager: Start proc 21025:com.oplus.pscanvas/u0a363 for broadcast {com.oplus.pscanvas/com.oplus.pscanvas.canvasmode.canvas.database.UninstallAppBroadcastReceiver}
04-14 13:14:28.286  1895  1895 W JobScheduler: Job didn't exist in JobStore: #com.google.android.gms/435
04-14 13:14:28.304  1895  1895 W JobScheduler: Job didn't exist in JobStore: #com.google.android.gms/436
04-14 13:14:28.316  1895  1895 W JobScheduler: Job didn't exist in JobStore: #com.google.android.gms/437
04-14 13:14:28.333  1895  5040 D ActivityTaskManagerServiceExtImpl: preBindApplication record is null
04-14 13:14:28.352  1895  5040 D CompatChangeReporter: Compat change id reported: 319471980; UID 10335; state: ENABLED
04-14 13:14:28.496  1895  5040 D CompatChangeReporter: Compat change id reported: 151861875; UID 1000; state: ENABLED
04-14 13:14:28.501  1895  2902 W PackageManager: package com.google.android.apps.wellbeing uid 10097 pid 19667 call SetEnabledSetting(com.google.android.apps.wellbeing component = com.google.android.apps.wellbeing.focusmode.quicksettings.FocusModeTileService, 1, 0)
04-14 13:14:28.504  1895  2902 W PackageManager: package com.google.android.apps.wellbeing uid 10097 pid 19667 call SetEnabledSetting(com.google.android.apps.wellbeing component = com.google.android.apps.wellbeing.focusmode.ui.FocusModeSettingsActivity, 1, 0)
04-14 13:14:28.532  1895  1941 I ActivityManager: Start proc 21080:com.heytap.mcs.appservice/1000 for service {com.heytap.mcs/com.heytap.mcs.biz.appservice.McsSdkService}
04-14 13:14:28.541 20976 20976 I Quality : ActivityThread: callApplicationOnCreate delay 355 com.heytap.htms 20976
04-14 13:14:28.545 21011 21011 I Quality : ActivityThread: createClassLoader delay 337 /product/app/Instant/Instant.apk 21011
04-14 13:14:28.548 20976 21079 E ActivityThread: Failed to find provider info for com.heytap.htms.cckit.provider
04-14 13:14:28.569  1895  3635 I ActivityManager: Flag disabled. Ignoring finishAttachApplication from uid: 10335. pid: 20976
04-14 13:14:28.596  1895  1941 I ActivityManager: Start proc 21086:com.google.android.gms.unstable/u0a104 for service {com.google.android.gms/com.google.android.gms.droidguard.DroidGuardService}
04-14 13:14:28.599  1895  3635 W ActivityManager: Receiver with filter android.content.IntentFilter@1fad7e2 already registered for pid 20976, callerPackage is com.heytap.htms
04-14 13:14:28.615 21011 21011 I Quality : ActivityThread: createOrUpdateClassLoaderLocked delay 409 com.nearme.instant.platform 21011
04-14 13:14:28.661  1895  5040 D CompatChangeReporter: Compat change id reported: 161145287; UID 10337; state: ENABLED
04-14 13:14:28.740  1895  3068 D ActivityTaskManagerServiceExtImpl: preBindApplication record is null
04-14 13:14:28.815  1895  5040 D ActivityTaskManagerServiceExtImpl: preBindApplication record is null
04-14 13:14:28.860 21086 21086 E OplusCustomizePackageManager: mIOplusCustomizePackageManagerService is null
04-14 13:14:28.861 21086 21086 E OplusCustomizePackageManager: mIOplusCustomizePackageManagerService is null
04-14 13:14:28.862 21086 21086 E OplusCustomizePackageManager: isOplusCertificatePackage Errorjava.lang.NullPointerException: Attempt to invoke interface method 'boolean android.os.customize.IOplusCustomizePackageManagerService.isOplusCertificatePackage(java.lang.String)' on a null object reference
04-14 13:14:28.975 21011 21011 I Quality : GetResourcesInfo:359119693,/product/app/Instant/Instant.apk
04-14 13:14:28.985  1895  3635 W ActivityManager: pid 4793 com.google.android.gms.persistent sent binder code 1 with flags 1 to frozen apps and got error -32
04-14 13:14:28.992 21025 21025 I Quality : GetResourcesInfo:292138154,/system_ext/app/OplusFlexibleWindowUI/OplusFlexibleWindowUI.apk
04-14 13:14:28.997  1895  5040 W ActivityManager: Receiver with filter android.content.IntentFilter@2265d8c already registered for pid 20976, callerPackage is com.heytap.htms
04-14 13:14:29.013 21025 21025 D ResourcesManagerExtImpl: applyConfigurationToAppResourcesLocked app.getDisplayId() return callback.displayId:-1
04-14 13:14:29.059 21011 21011 D ResourcesManagerExtImpl: applyConfigurationToAppResourcesLocked app.getDisplayId() return callback.displayId:-1
04-14 13:14:29.098  1895  3504 D CompatChangeReporter: Compat change id reported: 261072174; UID 10337; state: ENABLED
04-14 13:14:29.201  1895  5040 I ActivityManager: Flag disabled. Ignoring finishAttachApplication from uid: 10363. pid: 21025
04-14 13:14:29.244  1895  2902 I ActivityManager: Killing 20413:com.oplus.safecenter/1000 (adj 905): empty #7
04-14 13:14:29.280 21086 21086 D ResourcesManagerExtImpl: applyConfigurationToAppResourcesLocked app.getDisplayId() return callback.displayId:-1
04-14 13:14:29.281  1895  1941 I ActivityManager: Start proc 21163:com.google.android.videos/u0a258 for broadcast {com.google.android.videos/com.google.android.libraries.social.peoplekit.thirdparty.viewcontrollers.ThirdPartyReceiver}
04-14 13:14:29.343  1895  5040 I ActivityManager: Death received, pid = 20413, processName = com.oplus.safecenter for thread android.os.BinderProxy@7aa07fd
04-14 13:14:29.347  1895  1937 I UserAwareMgr: process killed: {pkgName='com.oplus.safecenter', processName='com.oplus.safecenter', pid=20413, uid=1000, flags='', renderTid=0, hwuiTids=null, glTids=null, threadInfos=null}
04-14 13:14:29.347  1895  1937 I UserAwareMgr: handleProcessKilled, pkgName: com.oplus.safecenter, pid: 20413
04-14 13:14:29.370  1895  2902 W PackageManager: package com.google.android.apps.wellbeing uid 10097 pid 19667 call SetEnabledSetting(com.google.android.apps.wellbeing component = com.google.android.apps.wellbeing.focusmode.quicksettings.FocusModeTileService, 1, 0)
04-14 13:14:29.376  1895  2027 W PackageManager: package com.google.android.apps.wellbeing uid 10097 pid 19667 call SetEnabledSetting(com.google.android.apps.wellbeing component = com.google.android.apps.wellbeing.focusmode.ui.FocusModeSettingsActivity, 1, 0)
04-14 13:14:29.442  1895  2902 W PackageManager: package com.pure.indosat.care uid 10337 pid 20903 call SetEnabledSetting(com.pure.indosat.care component = androidx.work.impl.background.systemjob.SystemJobService, 1, 0)
04-14 13:14:29.478  1895  2926 D ActivityTaskManagerServiceExtImpl: preBindApplication record is null
04-14 13:14:29.640 20929 20929 I Quality : ActivityThread: callApplicationOnCreate delay 1109 com.whatsapp 20929
04-14 13:14:29.662  1895  3068 I ActivityManager: Flag disabled. Ignoring finishAttachApplication from uid: 10311. pid: 20929
04-14 13:14:29.764 21086 21086 I Quality : ActivityThread: makeApplication delay 488 com.google.android.gms 21086
04-14 13:14:29.888  1895  2283 I ActivityManager: Flag disabled. Ignoring finishAttachApplication from uid: 1000. pid: 21080
04-14 13:14:30.025  1895  5040 I ActivityManager: Flag disabled. Ignoring finishAttachApplication from uid: 10104. pid: 21086
04-14 13:14:30.162 21163 21163 I Quality : ActivityThread: createClassLoader delay 504 /data/app/~~1rLvog5AxnmF_zg5zxISag==/com.google.android.videos-U-mt9l9KE2eF_2rrbKxDQQ==/base.apk:/data/app/~~1rLvog5AxnmF_zg5zxISag==/com.google.android.videos-U-mt9l9KE2eF_2rrbKxDQQ==/split_config.arm64_v8a.apk:/data/app/~~1rLvog5AxnmF_zg5zxISag==/com.google.android.videos-U-mt9l9KE2eF_2rrbKxDQQ==/split_config.in.apk:/data/app/~~1rLvog5AxnmF_zg5zxISag==/com.google.android.videos-U-mt9l9KE2eF_2rrbKxDQQ==/split_config.xhdpi.apk 21163
04-14 13:14:30.184  1895  2237 D CompatChangeReporter: Compat change id reported: 297989574; UID 1000; state: ENABLED
04-14 13:14:30.254 21163 21163 I Quality : ActivityThread: createOrUpdateClassLoaderLocked delay 600 com.google.android.videos 21163
04-14 13:14:30.356 20918 20918 W AnrLogEnhancementHelperImpl: app side detected 20918 static_receiver cost time = 2231
04-14 13:14:30.357 21163 21163 D ResourcesManagerExtImpl: applyConfigurationToAppResourcesLocked app.getDisplayId() return callback.displayId:-1
04-14 13:14:30.391  1895  2283 W JobScheduler: Job didn't exist in JobStore: #com.google.android.providers.media.module/15103
04-14 13:14:30.441 21011 21011 I Quality : ActivityThread: makeApplication delay 1397 com.nearme.instant.platform 21011
04-14 13:14:30.450  1895  1941 I ActivityManager: Start proc 21246:com.nearme.instant.platform:provider/u0a130 for content provider {com.nearme.instant.platform/com.nearme.instant.app.AppInfoProvider}
04-14 13:14:30.458  1895  5040 I ActivityManager: Killing 20222:com.coloros.phonemanager/u0a116 (adj 905): empty #7
04-14 13:14:30.499  1895  1941 I ActivityManager: Start proc 21248:com.android.providers.downloads/u0a58 for broadcast {com.android.providers.downloads/com.android.providers.downloads.DownloadReceiver}
04-14 13:14:30.520  1895  3828 I ActivityManager: Death received, pid = 20222, processName = com.coloros.phonemanager for thread android.os.BinderProxy@fdddb5b
04-14 13:14:30.539  1895  1923 D DisplayManagerService: Drop pending events for gone uid 10116
04-14 13:14:30.563  1895  2025 D ActivityTaskManagerServiceExtImpl: preBindApplication record is null
04-14 13:14:30.578  1895  2333 D ActivityTaskManagerServiceExtImpl: preBindApplication record is null
04-14 13:14:30.617 21011 21273 E ActivityThread: Failed to find provider info for com.oplus.cardservice.repository.provider.CardServiceServerProvider
04-14 13:14:30.627 21248 21248 E OplusCustomizePackageManager: mIOplusCustomizePackageManagerService is null
04-14 13:14:30.628 21248 21248 E OplusCustomizePackageManager: mIOplusCustomizePackageManagerService is null
04-14 13:14:30.628 21248 21248 E OplusCustomizePackageManager: isOplusCertificatePackage Errorjava.lang.NullPointerException: Attempt to invoke interface method 'boolean android.os.customize.IOplusCustomizePackageManagerService.isOplusCertificatePackage(java.lang.String)' on a null object reference
04-14 13:14:30.643 21080 21234 W ContextImpl: Calling a method in the system process without a qualified user: android.app.ContextImpl.startService:1958 android.content.ContextWrapper.startService:837 n4.b.O:9 m4.a.a:1 com.heytap.mcs.biz.appservice.command.b.b:24 
04-14 13:14:30.655 21246 21246 D ResourcesManagerExtImpl: applyConfigurationToAppResourcesLocked app.getDisplayId() return callback.displayId:-1
04-14 13:14:30.673  1895  3368 D CompatChangeReporter: Compat change id reported: 311208629; UID 10335; state: ENABLED
04-14 13:14:30.677  1895  2333 I ActivityManager: Killing 20551:com.oplus.notificationmanager/1000 (adj 905): empty #7
04-14 13:14:30.718  1895  3470 I ActivityManager: Death received, pid = 20551, processName = com.oplus.notificationmanager for thread android.os.BinderProxy@a3328c5
04-14 13:14:30.740 20903 20903 I Quality : SlowSqliteOp:executeForString,/data/user/0/com.pure.indosat.care/databases/qiscus.db,false,false,16
04-14 13:14:30.763 21248 21248 D ResourcesManagerExtImpl: applyConfigurationToAppResourcesLocked app.getDisplayId() return callback.displayId:-1
04-14 13:14:30.765 20903 20903 I Quality : SlowSqliteOp:executeForString,/data/user/0/com.pure.indosat.care/databases/qiscus.db,false,false,19
04-14 13:14:30.803 21248 21248 I Quality : SlowSqliteOp:open,/data/user/0/com.android.providers.downloads/databases/downloads.db,false,false,19
04-14 13:14:30.884  1895  2340 D CompatChangeReporter: Compat change id reported: 297989574; UID 10130; state: ENABLED
04-14 13:14:30.901  1895  2333 I ActivityManager: Flag disabled. Ignoring finishAttachApplication from uid: 10130. pid: 21246
04-14 13:14:30.904  1895  2333 I ActivityManager: Flag disabled. Ignoring finishAttachApplication from uid: 10058. pid: 21248
04-14 13:14:30.975 20903 20903 I Quality : ActivityThread: callApplicationOnCreate delay 1137 com.pure.indosat.care 20903
04-14 13:14:30.994  1895  1933 D OplusAppDetailsManager: saveAppDetailsConfig Start
04-14 13:14:30.995  1895  1941 I ActivityManager: Start proc 21330:com.oplus.trafficmonitor:network_control/1000 for broadcast {com.oplus.trafficmonitor/com.oplus.trafficmonitor.view.networkcontrol.dialog.NetworkNotAllowedReceiver}
04-14 13:14:31.014  1895  1933 D OplusAppDetailsManager: saveAppDetailsConfig End
04-14 13:14:31.086  1895  2926 I ActivityManager: Flag disabled. Ignoring finishAttachApplication from uid: 10337. pid: 20903
04-14 13:14:31.099  1895  2340 D ActivityTaskManagerServiceExtImpl: preBindApplication record is null
04-14 13:14:31.113  1895  2283 D ShortcutService: Getting shortcuts for launcher= com.android.launcheruser=0 pkg=null
04-14 13:14:31.123  1895  2283 I ActivityManager: Killing 20918:com.google.android.permissioncontroller/u0a247 (adj 905): empty #7
04-14 13:14:31.155  1895  2926 D ShortcutService: rescanPackageIfNeeded 0@com.nearme.instant.platform, forceRescan=false , isNewApp=false
04-14 13:14:31.170  1895  5045 D ShortcutService: rescanPackageIfNeeded 0@com.nearme.instant.platform, forceRescan=false , isNewApp=false
04-14 13:14:31.171  1895  2926 D VRR [OPlusExternalRefreshRateManager]: isPkgTfcEnable: pkgName = com.pure.indosat.care, enable = false
04-14 13:14:31.171  1895  2926 D VRR [OPlusExternalRefreshRateManager]: getTfcMinFramerate: pkgName = com.pure.indosat.care, min framerate = 0
04-14 13:14:31.178  1895  3504 I ActivityManager: Flag disabled. Ignoring finishAttachApplication from uid: 10130. pid: 21011
04-14 13:14:31.180  1895  5045 I ActivityManager: Death received, pid = 20918, processName = com.google.android.permissioncontroller for thread android.os.BinderProxy@af3b892
04-14 13:14:31.195  1895  1923 D DisplayManagerService: Drop pending events for gone uid 10247
04-14 13:14:31.232  1895  2283 I ActivityManager: Killing 20956:com.google.android.rkpdapp/u0a315 (adj 905): empty #7
04-14 13:14:31.235  1895  2283 I ActivityManager: Killing 20828:com.heytap.htms:cloudctrl/u0a335 (adj 905): empty #8
04-14 13:14:31.274  1895  1941 I ActivityManager: Start proc 21388:com.google.android.apps.maps/u0a145 for broadcast {com.google.android.apps.maps/com.google.android.apps.gmm.cloudmessage.chime.ChimeCloudMessageReceiver}
04-14 13:14:31.280  1895  2333 I ActivityManager: Death received, pid = 20956, processName = com.google.android.rkpdapp for thread android.os.BinderProxy@6378af
04-14 13:14:31.283  1895  3068 I ActivityManager: Death received, pid = 20828, processName = com.heytap.htms:cloudctrl for thread android.os.BinderProxy@f79e4bc
04-14 13:14:31.289  1895  1923 D DisplayManagerService: Drop pending events for gone uid 10315
04-14 13:14:31.360  1895  2283 W ActivityManager: Background start not allowed: service Intent { cmp=com.pure.indosat.care/com.qiscus.sdk.chat.core.service.QiscusSyncJobService mCallingUid=10337 } to com.pure.indosat.care/com.qiscus.sdk.chat.core.service.QiscusSyncJobService from pid=20903 uid=10337 pkg=com.pure.indosat.care startFg?=false
04-14 13:14:31.374  1895  2283 D CompatChangeReporter: Compat change id reported: 271850009; UID 10337; state: ENABLED
04-14 13:14:31.374  1895  2283 D CompatChangeReporter: Compat change id reported: 253665015; UID 10337; state: ENABLED
04-14 13:14:31.404  1895  2283 I OplusStatusBarManagerServiceEnhance:  getTopIsFullscreen mTopIsFullscreen: false
04-14 13:14:31.405  1895  1895 D NotificationService--OplusNotificationManagerServiceExtImpl: isForwardToAssistants: true, case : Is local notification
04-14 13:14:31.405  1895  1895 D NotificationService: This application enqueue notifications is need postDelayed mcsAssistantDelayTime: 200
04-14 13:14:31.414  1895  1895 I OplusStatusBarManagerServiceEnhance:  getTopIsFullscreen mTopIsFullscreen: false
04-14 13:14:31.467  1895  3368 D ActivityTaskManagerServiceExtImpl: preBindApplication record is null
04-14 13:14:31.614  1895  1933 D AppProfilerExtImpl: Skipped pss collection for CPU busy
04-14 13:14:31.689  1895  5045 I MediaSessionStack: addSession to bottom of stack | record: com.google.android.videos/play_movies_media/109 (userId=0)
04-14 13:14:31.736 21330 21330 I Quality : ActivityThread: createOrUpdateClassLoaderLocked delay 426 com.oplus.trafficmonitor 21330
04-14 13:14:31.865  1895  1895 V NotifAttentionHelper: Ringtone player is null.
04-14 13:14:31.885  1895  1895 W NotificationHistory: Attempted to add notif for locked/gone/disabled user 0
04-14 13:14:31.885  1895  1895 W Looper  : Slow dispatch took 480ms main h=com.android.server.notification.NotificationManagerService$WorkerHandler c=com.android.server.notification.NotificationManagerService$PostNotificationRunnable@77989ba m=0
04-14 13:14:31.886  1895  1895 W Looper  : Slow delivery took 429ms main h=android.os.Handler c=android.hardware.camera2.CameraManager$CameraManagerGlobal$$ExternalSyntheticLambda0@692806b m=0
04-14 13:14:31.887  1895  2283 I OplusStatusBarManagerServiceEnhance:  getTopIsFullscreen mTopIsFullscreen: false
04-14 13:14:31.894  1895  2283 D CompatChangeReporter: Compat change id reported: 311208629; UID 10058; state: ENABLED
04-14 13:14:31.902  1895  2283 I ActivityManager: Killing 21011:com.nearme.instant.platform/u0a130 (adj 915): empty #7
04-14 13:14:31.908  1895  1895 D NotificationService--OplusNotificationManagerServiceExtImpl: isForwardToAssistants: true, case : Is local notification
04-14 13:14:31.908  1895  1895 D NotificationService: This application enqueue notifications is need postDelayed mcsAssistantDelayTime: 200
04-14 13:14:31.908  1895  1895 I OplusMediaControlService: onActiveSessionsChanged begin
04-14 13:14:31.908  1895  1895 I OplusMediaControlService: onEventFromMediaControllerList controller size = 0
04-14 13:14:31.921  1895  1895 I OplusMediaControlService: updateControllerMap begin
04-14 13:14:31.921  1895  1895 I OplusMediaControlService: updataPlayStateMap begin
04-14 13:14:31.921  1895  1895 I OplusMediaControlService: onEventFromMediaControllerList event = com.oplus.media.OplusMediaEvent@efc4874
04-14 13:14:31.929  1895  1895 W Looper  : Drained
04-14 13:14:31.955  1895  2333 I ActivityManager: Death received, pid = 21011, processName = com.nearme.instant.platform for thread android.os.BinderProxy@11c693f
04-14 13:14:32.054 21163 21163 I Quality : ActivityThread: callApplicationOnCreate delay 1396 com.google.android.videos 21163
04-14 13:14:32.056  1895  3504 I ActivityManager: Flag disabled. Ignoring finishAttachApplication from uid: 10258. pid: 21163
04-14 13:14:32.092 21330 21330 I Quality : GetResourcesInfo:355653538,/system_ext/priv-app/TrafficMonitor/TrafficMonitor.apk
04-14 13:14:32.387  1895  3635 I ActivityManager: Flag disabled. Ignoring finishAttachApplication from uid: 1000. pid: 21330
04-14 13:14:32.411 21388 21388 I Quality : ActivityThread: createClassLoader delay 895 /data/app/~~yR5_th7CazlLDx0ECQsI5g==/com.google.android.apps.maps-aIYL3ccQo7pMfPf2W_Kn5w==/base.apk:/data/app/~~yR5_th7CazlLDx0ECQsI5g==/com.google.android.apps.maps-aIYL3ccQo7pMfPf2W_Kn5w==/split_config.arm64_v8a.apk:/data/app/~~yR5_th7CazlLDx0ECQsI5g==/com.google.android.apps.maps-aIYL3ccQo7pMfPf2W_Kn5w==/split_config.in.apk:/data/app/~~yR5_th7CazlLDx0ECQsI5g==/com.google.android.apps.maps-aIYL3ccQo7pMfPf2W_Kn5w==/split_config.xhdpi.apk 21388
04-14 13:14:32.457  1895  3635 I ActivityManager: Killing 21025:com.oplus.pscanvas/u0a363 (adj 905): empty #7
04-14 13:14:32.466 21388 21388 I Quality : ActivityThread: createOrUpdateClassLoaderLocked delay 952 com.google.android.apps.maps 21388
04-14 13:14:32.510  1895  2283 I ActivityManager: Death received, pid = 21025, processName = com.oplus.pscanvas for thread android.os.BinderProxy@3c8f435
04-14 13:14:32.520  1895  1923 D DisplayManagerService: Drop pending events for gone uid 10363
04-14 13:14:32.534  1895  2514 W FlexibleWindowManagerService: canvas app died, wpc =ProcessRecord{95e280e 0:com.oplus.pscanvas/u0a363}
04-14 13:14:32.534  1895  2514 W FlexibleWindowManagerService: handle canvas app died Locked
04-14 13:14:32.548  1895  1895 D OplusSplitScreenManagerService: OplusSplitScreenManagerService onStateChanged mMinimized = false,mExitingMiniziedToHome=true
04-14 13:14:32.548  1895  1895 D OplusSplitScreenManagerService: onDockedStackMinimizedChanged: minimized = false mSplitLaunchState: NONE mPendingAppLaunchInfo =null
04-14 13:14:32.556  1895  1895 D OplusSplitScreenManagerService: OplusSplitScreenManagerService onStateChanged isInSplitScreenMode = false,mSplitRatio=0.5,mMinimized = false
04-14 13:14:32.557  2359  2569 D OneHandedController: onStateChanged: event = splitScreenModeChange , mState = 0 , isInSplitScreenMode = false
04-14 13:14:32.559  1895  1941 W ActivityManager: Slow operation: 89ms so far, now at startProcess: done updating battery stats
04-14 13:14:32.559  1895  1941 W ActivityManager: Slow operation: 90ms so far, now at startProcess: building log message
04-14 13:14:32.559  1895  1941 I ActivityManager: Start proc 21475:com.google.android.apps.messaging/u0a219 for broadcast {com.google.android.apps.messaging/com.google.android.libraries.notifications.platform.entrypoints.accountchanged.AccountChangedReceiver}
04-14 13:14:32.560  1895  1941 W ActivityManager: Slow operation: 90ms so far, now at startProcess: starting to update pids map
04-14 13:14:32.560  1895  1941 W ActivityManager: Slow operation: 90ms so far, now at startProcess: done updating pids map
04-14 13:14:32.567  1895  2283 I ActivityManager: Death received, pid = 21330, processName = com.oplus.trafficmonitor:network_control for thread android.os.BinderProxy@7ba223b
04-14 13:14:32.567  1895  2507 I ActivityManager: Process com.oplus.trafficmonitor:network_control (pid 21330) has died: cch+5 CEM 
04-14 13:14:32.587 21388 21388 I Quality : GetResourcesInfo:120607385,/data/app/~~yR5_th7CazlLDx0ECQsI5g==/com.google.android.apps.maps-aIYL3ccQo7pMfPf2W_Kn5w==/base.apk
04-14 13:14:32.643 21388 21388 D ResourcesManagerExtImpl: applyConfigurationToAppResourcesLocked app.getDisplayId() return callback.displayId:-1
04-14 13:14:32.721  1895  2283 D ActivityTaskManagerServiceExtImpl: preBindApplication record is null
04-14 13:14:32.760  1895  2024 W ActivityManager: Background start not allowed: service Intent { act=com.whatsapp.messageservice.messaging.MessageService.START cmp=com.whatsapp.w4b/com.whatsapp.messageservice.messaging.MessageService mCallingUid=10368 } to com.whatsapp.w4b/com.whatsapp.messageservice.messaging.MessageService from pid=12310 uid=10368 pkg=com.whatsapp.w4b startFg?=false
04-14 13:14:32.806  1895  1941 I ActivityManager: Start proc 21500:com.google.android.apps.photos/u0a237 for broadcast {com.google.android.apps.photos/com.google.android.apps.photos.account.full.RefreshAccountsReceiver}
04-14 13:14:32.972  1895  2283 D ActivityTaskManagerServiceExtImpl: preBindApplication record is null
04-14 13:14:33.148  1895  1895 D OplusSplitScreenManagerService: MSG_EXIT_SPLIT_MINIZIED_OVER  mExitingMiniziedToHome = false
04-14 13:14:33.296  1895  2364 I AS.FadeOutManager: unfadeOutUid() uid:10182
04-14 13:14:33.568 21388 21388 I Quality : ActivityThread: makeApplication delay 927 com.google.android.apps.maps 21388
04-14 13:14:33.685 21475 21475 I Quality : ActivityThread: createClassLoader delay 665 /data/app/~~Sh2z-1ItFSIg3TafWFCUtg==/com.google.android.apps.messaging-9wh8k-7F77Y4VkuGhqeuXg==/base.apk:/data/app/~~Sh2z-1ItFSIg3TafWFCUtg==/com.google.android.apps.messaging-9wh8k-7F77Y4VkuGhqeuXg==/split_config.arm64_v8a.apk:/data/app/~~Sh2z-1ItFSIg3TafWFCUtg==/com.google.android.apps.messaging-9wh8k-7F77Y4VkuGhqeuXg==/split_config.in.apk:/data/app/~~Sh2z-1ItFSIg3TafWFCUtg==/com.google.android.apps.messaging-9wh8k-7F77Y4VkuGhqeuXg==/split_config.xhdpi.apk 21475
04-14 13:14:33.721 21500 21500 I Quality : ActivityThread: createClassLoader delay 683 /data/app/~~R6tX9XDzHe6VWyYYh3u1HA==/com.google.android.apps.photos-ng9oiJqLh9qClk7N_1zQ7A==/base.apk:/data/app/~~R6tX9XDzHe6VWyYYh3u1HA==/com.google.android.apps.photos-ng9oiJqLh9qClk7N_1zQ7A==/split_config.arm64_v8a.apk:/data/app/~~R6tX9XDzHe6VWyYYh3u1HA==/com.google.android.apps.photos-ng9oiJqLh9qClk7N_1zQ7A==/split_config.in.apk:/data/app/~~R6tX9XDzHe6VWyYYh3u1HA==/com.google.android.apps.photos-ng9oiJqLh9qClk7N_1zQ7A==/split_config.xhdpi.apk 21500
04-14 13:14:33.745 21475 21475 I Quality : ActivityThread: createOrUpdateClassLoaderLocked delay 936 com.google.android.apps.messaging 21475
04-14 13:14:33.792 21500 21500 I Quality : ActivityThread: createOrUpdateClassLoaderLocked delay 756 com.google.android.apps.photos 21500
04-14 13:14:33.806 21475 21475 D ResourcesManagerExtImpl: applyConfigurationToAppResourcesLocked app.getDisplayId() return callback.displayId:-1
04-14 13:14:33.908 21500 21500 I Quality : GetResourcesInfo:115646154,/data/app/~~R6tX9XDzHe6VWyYYh3u1HA==/com.google.android.apps.photos-ng9oiJqLh9qClk7N_1zQ7A==/base.apk
04-14 13:14:33.975 21500 21500 D ResourcesManagerExtImpl: applyConfigurationToAppResourcesLocked app.getDisplayId() return callback.displayId:-1
04-14 13:14:34.318 21500 21500 I Quality : ActivityThread: makeApplication delay 345 com.google.android.apps.photos 21500
04-14 13:14:34.435  1895  2794 D OplusProxyWakeLock: check proxy worksource [ 10368] failed, reason:TAG_NULL ,tag: *job*
04-14 13:14:34.708 21388 21388 I Quality : ActivityThread: callApplicationOnCreate delay 1007 com.google.android.apps.maps 21388
04-14 13:14:34.741  1895  2926 I ActivityManager: Flag disabled. Ignoring finishAttachApplication from uid: 10145. pid: 21388
04-14 13:14:34.779 21475 21475 I Quality : ActivityThread: makeApplication delay 975 com.google.android.apps.messaging 21475
04-14 13:14:34.880  1895  1941 I ActivityManager: Start proc 21559:com.google.android.projection.gearhead:car/u0a93 for service {com.google.android.projection.gearhead/com.google.android.apps.auto.carservice.service.impl.GearheadCarStartupService}
04-14 13:14:35.033  1895  3504 D ActivityTaskManagerServiceExtImpl: preBindApplication record is null
04-14 13:14:35.250  2359  2569 V WindowManagerShell: Transition requested (#1292): android.os.BinderProxy@84e9d4e TransitionRequestInfo { type = CLOSE, triggerTask = null, pipTask = null, remoteTransition = null, displayChange = null, flags = 0, debugId = 1292 }
04-14 13:14:35.369  1895  3368 D ActivityRecordExtImpl: skipPrepareAppTransitionForZoom false
04-14 13:14:35.374 21475 21475 I Quality : ActivityThread: callApplicationOnCreate delay 497 com.google.android.apps.messaging 21475
04-14 13:14:35.377  1895  2926 I ActivityManager: Flag disabled. Ignoring finishAttachApplication from uid: 10219. pid: 21475
04-14 13:14:35.386  1895  3368 D ActivityTaskManager: setAppVisibility(Token{4f46943 ActivityRecord{ce6d1fd u0 com.google.android.gms/.signin.activity.SignInActivity t28757 f}}}, visible=false): mNextAppTransitionRequests=[], mNextAppTransitionFlags=,mAppTransitionState=APP_STATE_IDLE visible=true mVisibleRequested=true
04-14 13:14:35.390  1895  3368 D ActivityTaskManager: setVisibility(Token{4f46943 ActivityRecord{ce6d1fd u0 com.google.android.gms/.signin.activity.SignInActivity t28757 f}}}, visible=false) defer commitVisibility for transition collecting
04-14 13:14:35.473  1895  2364 I ActivityManager: Killing 18454:com.coloros.alarmclock:clockWidget/u0a148 (adj 965): empty #8
04-14 13:14:35.487  1895  1951 D OplusThermalStats: REPORT_UPDATE_CPU  ->  phoneTemp:400  preHeatThreshold:400
04-14 13:14:35.526  1895  2283 I ActivityManager: Death received, pid = 18454, processName = com.coloros.alarmclock:clockWidget for thread android.os.BinderProxy@56874cd
04-14 13:14:35.542  1895  1923 D DisplayManagerService: Drop pending events for gone uid 10148
04-14 13:14:35.600 21500 21500 I Quality : ActivityThread: callApplicationOnCreate delay 346 com.google.android.apps.photos 21500
04-14 13:14:35.608  1895  2333 I ActivityManager: Flag disabled. Ignoring finishAttachApplication from uid: 10237. pid: 21500
04-14 13:14:35.671  1895  3368 D RefreshRate: don't do app switch boost,arDisplayId:0 mDisplayId:0 currentSettingMode:2 hasAppSwitchBoostPriority:false is supportRefreshRateSwitch:true
04-14 13:14:35.674  1895  3368 D ActivityTaskManager: NFW_setLastResumedActivityUncheckLocked:true r:ActivityRecord{84c82de u0 com.google.android.gms/.common.api.GoogleApiActivity t28757} currentFocus:Window{8c1ca20 u0 com.google.android.gms/com.google.android.gms.signin.activity.SignInActivity}
04-14 13:14:35.674  1895  3368 D WindowManager: NFW_findFocusedWindowIfNeeded:Window{427bdbb u0 com.google.android.gms/com.google.android.gms.common.api.GoogleApiActivity} mCurrentFocus:Window{8c1ca20 u0 com.google.android.gms/com.google.android.gms.signin.activity.SignInActivity}
04-14 13:14:35.676  1895  3368 V WindowManager: Changing focus from Window{8c1ca20 u0 com.google.android.gms/com.google.android.gms.signin.activity.SignInActivity} to Window{427bdbb u0 com.google.android.gms/com.google.android.gms.common.api.GoogleApiActivity},diplayid=0
04-14 13:14:35.698  1895  3368 D WindowManager: setFrameRateStart invalid typeId return!
04-14 13:14:35.701  1895  3368 D WindowManager: setFrameRateStart invalid typeId return!
04-14 13:14:35.703  1895  2775 D OplusAppSwitchRuleInfo: generateActivityEnterInfo - launch_source_type =  , launch_source_traceid = 
04-14 13:14:35.706  1895  3368 D WindowManager: rotation(ROTATION_0) no changed  displayId = 0, lastOrientation = -1
04-14 13:14:35.707  1895  3368 I TaskOrganizerController: onTaskInfoChanged taskid 28757 config { mBounds=Rect(0, 0 - 720, 1612) mAppBounds=Rect(0, 0 - 720, 1612) mMaxBounds=Rect(0, 0 - 720, 1612) mDisplayRotation=ROTATION_0 mWindowingMode=fullscreen mActivityType=standard mAlwaysOnTop=undefined mRotation=ROTATION_0}
04-14 13:14:35.709  1895  3368 D OplusFlexibleWindowMinimizedManagerHelper: onTaskInfoChanged taskInfo:TaskInfo{userId=0 taskId=28757 displayId=0 isRunning=true baseIntent=Intent { act=android.intent.action.MAIN cat=[android.intent.category.LAUNCHER] flg=0x10200000 cmp=com.azuratech.azuratime/.MainActivity mCallingUid=10179 } baseActivity=ComponentInfo{com.azuratech.azuratime/com.azuratech.azuratime.MainActivity} topActivity=ComponentInfo{com.google.android.gms/com.google.android.gms.common.api.GoogleApiActivity} origActivity=null realActivity=ComponentInfo{com.azuratech.azuratime/com.azuratech.azuratime.MainActivity} numActivities=4 lastActiveTime=223210926 supportsSplitScreenMultiWindow=true supportsMultiWindow=true supportsPocketStudioMultiWindow=true isInFlexibleEmbedded = false uid = 10104 pid = 20162 resizeMode=1 isResizeable=true minWidth=-1 minHeight=-1 defaultMinSize=220 token=WCT{RemoteToken{1c849b4 Task{3430127 #28757 type=standard A=10467:com.azuratech.azuratime}}} topActivityType=1 pictureInPictureParams=null shouldDockBigOverlays=false launchIntoPipHostTaskId=-1 lastParentTaskIdBeforePip=-1 displayCutoutSafeInsets=null topActivityInfo=ActivityInfo{a2323af com.google.android.gms.common.api.GoogleApiActivity} launchCookies=[] positionInParent=Point(0, 0) parentTaskId=-1 isFocused=true isVisible=true isVisibleRequested=true isSleeping=false locusId=null displayAreaFeatureId=1 isTopActivityTransparent=true appCompatTaskInfo=AppCompatTaskInfo { topActivityInSizeCompat=false topActivityInOplusCompatMode=false topActivityEligibleForLetterboxEducation= falseisLetterboxEducationEnabled= false isLetterboxDoubleTapEnabled= false topActivityEligibleForUserAspectRatioButton= false topActivityBoundsLetterboxed= false isFromLetterboxDoubleTap= false topActivityLetterboxVerticalPosition= -1 topActivityLetterboxHorizontalPosition= -1 topActivityLetterboxWidth=720 topActivityLetterboxHeight=1612 isUserFullscreenOverrideEnabled=false isSystemFullscreenOverrideEnabled=false cameraCompatTaskInfo=CameraCompatTaskInfo { cameraCompatControlState=hidden freeformCameraCompatMode=inactive}} topActivityLetterboxInsets=Rect(0, 0 - 0, 0) mOplusExtraBundle = Bundle[{androidx.flexible.taskFrame=Rect(0, 0 - 0, 0), key_flexible_task_state=0, androidx.activity.LaunchScenario=0, androidx.activity.LaunchScale=1.0}]} task:Task{3430127 #28757 type=standard A=10467:com.azuratech.azuratime}
04-14 13:14:35.709  1895  3368 D OplusFlexibleDragToSplitAnimController: visibleFlexibleTaskInfos delete:28757
04-14 13:14:35.719  1895  3368 D Transition: collectOrderChanges onTopTasksEnd: [Task{3430127 #28757 type=standard A=10467:com.azuratech.azuratime}], reportedOnTop:null, mOnTopTasksStart: [Task{3430127 #28757 type=standard A=10467:com.azuratech.azuratime}], TDA child: [Task{eacf64c #2 type=undefined}, Task{5f1a684 #28740 type=standard A=10149:com.coloros.filemanager}, Task{b0aa2fc #28741 type=standard A=10369:com.yozo.multiprocess.phone.pdf0}, Task{685b0f7 #28733 type=standard A=10134:com.android.chrome}, Task{68e9ba4 #28748 type=standard A=10200:com.oplus.camera}, Task{5655022 #28742 type=standard A=10100:com.android.vending}, Task{b1c794a #28752 type=standard A=10368:com.whatsapp.w4b}, Task{836a329 #28739 type=standard A=10231:com.openai.chatgpt}, Task{8c3b69b #1 type=home}, Task{3430127 #28757 type=standard A=10467:com.azuratech.azuratime}]
04-14 13:14:35.720  1895  3368 D OplusFlexibleActivityTransitionManager: fixTransitType type result:2, targets: [ActivityRecord{ce6d1fd u0 com.google.android.gms/.signin.activity.SignInActivity t28757 f}}]
04-14 13:14:35.725  1895  3368 D OplusTransitionController: onTransactionReady, transition: 1292, 
04-14 13:14:35.725  1895  3368 D OplusTransitionController:  info: {id=1292 t=CLOSE f=0x0 trk=0 r=[0@Point(0, 0)] c=[{null m=CLOSE f=TRANSLUCENT|FILLS_TASK leash=Surface(name=ActivityRecord{ce6d1fd u0 com.google.android.gms/.signin.activity.SignInActivity t28757})/@0xfa91077 sb=Rect(0, 0 - 720, 1612) eb=Rect(0, 0 - 720, 1612) d=0 bc=fffafafa component=com.google.android.gms/.signin.activity.SignInActivity}] extendInfo=[OplusTransitionExtendedInfo{mTmpFinishT=null, mInOplusCompatMode=false, mIsProcessRunning=false, mHasMismatchBoundsTarget=false, mRecentsController=null, mIsTranslucentActivityToHome=false, mAvoidInterceptKeyEventToHome=false, mIsFromHome=false, mParentLeash=null, mIsOplusAnimRes=false, mIsFromOverlay=false, mIsBalAllow=false, mTaskNotInRecent=false, mIsLaunchFromSpruce=false, mIsLaunchFromDrive=false, mAssistScreenShowing=false, mUserIdTransition=-1, mInRemoteScene=false, mInPreReady=false, mPreStart=false, mToken=null, mShellApplyToken=null, mRequestTransitionTaskId=-1, mAbortTransitionOnShell=0, mTransitionId=1292, mSkipRemoteTransitionfalse, mAnimStartingPosition=[0, 0, 0, 0], mIsOpeningStkDialogActivity=false}]}, 
04-14 13:14:35.725  1895  3368 D OplusTransitionController:  targets : [ActivityRecord{ce6d1fd u0 com.google.android.gms/.signin.activity.SignInActivity t28757 f}}], 
04-14 13:14:35.725  1895  3368 D OplusTransitionController:  participants: {ActivityRecord{ce6d1fd u0 com.google.android.gms/.signin.activity.SignInActivity t28757 f}}}, 
04-14 13:14:35.725  1895  3368 D OplusTransitionController:  playings:[TransitionRecord{df36ac4 id=1292 track=0 type=CLOSE flags=0x0 state=2}]
04-14 13:14:35.730  2359  7699 V WindowManagerShell: onTransitionReady(transaction=8138963095259)
04-14 13:14:35.731  2359  2569 V WindowManagerShell: onTransitionReady (#1292) android.os.BinderProxy@84e9d4e: {id=1292 t=CLOSE f=0x0 trk=0 r=[0@Point(0, 0)] c=[{null m=CLOSE f=TRANSLUCENT|FILLS_TASK leash=Surface(name=ActivityRecord{ce6d1fd u0 com.google.android.gms/.signin.activity.SignInActivity t28757})/@0x5baee6f sb=Rect(0, 0 - 720, 1612) eb=Rect(0, 0 - 720, 1612) d=0 bc=fffafafa component=com.google.android.gms/.signin.activity.SignInActivity}] extendInfo=[OplusTransitionExtendedInfo{mTmpFinishT=null, mInOplusCompatMode=false, mIsProcessRunning=false, mHasMismatchBoundsTarget=false, mRecentsController=null, mIsTranslucentActivityToHome=false, mAvoidInterceptKeyEventToHome=false, mIsFromHome=false, mParentLeash=null, mIsOplusAnimRes=false, mIsFromOverlay=false, mIsBalAllow=false, mTaskNotInRecent=false, mIsLaunchFromSpruce=false, mIsLaunchFromDrive=false, mAssistScreenShowing=false, mUserIdTransition=-1, mInRemoteScene=false, mInPreReady=false, mPreStart=false, mToken=null, mShellApplyToken=null, mRequestTransitionTaskId=-1, mAbortTransitionOnShell=0, mTransitionId=1292, mSkipRemoteTransitionfalse, mAnimStartingPosition=[0, 0, 0, 0], mIsOpeningStkDialogActivity=false}]}
04-14 13:14:35.737  2359  2569 V WindowManagerShell: Playing animation for (#1292) android.os.BinderProxy@84e9d4e@0
04-14 13:14:35.737  2359  2569 V WindowManagerShell:  try handler com.android.wm.shell.transition.DefaultMixedHandler@445a104
04-14 13:14:35.737  2359  2569 V WindowManagerShell:  try handler com.android.wm.shell.keyguard.KeyguardTransitionHandler@5ccf6ed
04-14 13:14:35.737  2359  2569 V WindowManagerShell:  try handler com.android.wm.shell.activityembedding.ActivityEmbeddingController@f88c8a
04-14 13:14:35.737  2359  2569 V WindowManagerShell:  try handler com.android.wm.shell.recents.RecentsTransitionHandler@16212fb
04-14 13:14:35.737  2359  2569 V ShellRecents: RecentsTransitionHandler.startAnimation: no controller found
04-14 13:14:35.737  2359  2569 V WindowManagerShell:  try handler com.oplus.zoom.transition.ZoomTransitionController@1acbf18
04-14 13:14:35.737  2359  2569 V WindowManagerShell:  try handler com.android.wm.shell.pip.PipTransition@d56dd71
04-14 13:14:35.737  2359  2569 V WindowManagerShell:  try handler com.android.wm.shell.splitscreen.StageCoordinator@bdae756
04-14 13:14:35.737  2359  2569 V WindowManagerShell:  try handler com.oplus.flexibleactivity.FlexibleActivityTransitionHandler@134e3d7
